Archive member included because of file (symbol)

../sum41_bsp/\libhal_bsp.a(alt_load.o)
                              ../sum41_bsp//obj/HAL/src/crt0.o (alt_load)
../sum41_bsp/\libhal_bsp.a(alt_main.o)
                              ../sum41_bsp//obj/HAL/src/crt0.o (alt_main)
../sum41_bsp/\libhal_bsp.a(alt_sys_init.o)
                              ../sum41_bsp/\libhal_bsp.a(alt_main.o) (alt_sys_init)
../sum41_bsp/\libhal_bsp.a(alt_dcache_flush_all.o)
                              ../sum41_bsp/\libhal_bsp.a(alt_load.o) (alt_dcache_flush_all)
../sum41_bsp/\libhal_bsp.a(alt_icache_flush_all.o)
                              ../sum41_bsp/\libhal_bsp.a(alt_load.o) (alt_icache_flush_all)
../sum41_bsp/\libhal_bsp.a(altera_nios2_qsys_irq.o)
                              ../sum41_bsp/\libhal_bsp.a(alt_sys_init.o) (altera_nios2_qsys_irq_init)
../sum41_bsp/\libhal_bsp.a(alt_icache_flush.o)
                              ../sum41_bsp/\libhal_bsp.a(alt_icache_flush_all.o) (alt_icache_flush)

Memory Configuration

Name             Origin             Length             Attributes
reset            0x00002000         0x00000020
onchip_memory2_0 0x00002020         0x00001fe0
*default*        0x00000000         0xffffffff

Linker script and memory map

LOAD ../sum41_bsp//obj/HAL/src/crt0.o
                0x0000201c                exit = _exit
LOAD obj/default/hello_world_small.o
LOAD c:/altera/13.0sp1/nios2eds/bin/gnu/h-i686-mingw32/bin/../lib/gcc/nios2-elf/4.1.2/../../../../nios2-elf/lib\libstdc++.a
LOAD c:/altera/13.0sp1/nios2eds/bin/gnu/h-i686-mingw32/bin/../lib/gcc/nios2-elf/4.1.2/../../../../nios2-elf/lib\libm.a
LOAD c:/altera/13.0sp1/nios2eds/bin/gnu/h-i686-mingw32/bin/../lib/gcc/nios2-elf/4.1.2\libgcc.a
START GROUP
LOAD c:/altera/13.0sp1/nios2eds/bin/gnu/h-i686-mingw32/bin/../lib/gcc/nios2-elf/4.1.2/../../../../nios2-elf/lib\libsmallc.a
LOAD c:/altera/13.0sp1/nios2eds/bin/gnu/h-i686-mingw32/bin/../lib/gcc/nios2-elf/4.1.2\libgcc.a
LOAD ../sum41_bsp/\libhal_bsp.a
END GROUP
LOAD c:/altera/13.0sp1/nios2eds/bin/gnu/h-i686-mingw32/bin/../lib/gcc/nios2-elf/4.1.2\libgcc.a
                0x00002000                __alt_mem_onchip_memory2_0 = 0x2000

.entry          0x00002000       0x20
 *(.entry)
 .entry         0x00002000       0x20 ../sum41_bsp//obj/HAL/src/crt0.o
                0x00002000                __reset
                0x0000201c                _exit

.exceptions     0x00002020        0x0
                0x00002020                PROVIDE (__ram_exceptions_start, ABSOLUTE (.))
                0x00002020                . = ALIGN (0x20)
 *(.irq)
 *(.exceptions.entry.label)
 *(.exceptions.entry.user)
 *(.exceptions.entry)
 *(.exceptions.irqtest.user)
 *(.exceptions.irqtest)
 *(.exceptions.irqhandler.user)
 *(.exceptions.irqhandler)
 *(.exceptions.irqreturn.user)
 *(.exceptions.irqreturn)
 *(.exceptions.notirq.label)
 *(.exceptions.notirq.user)
 *(.exceptions.notirq)
 *(.exceptions.soft.user)
 *(.exceptions.soft)
 *(.exceptions.unknown.user)
 *(.exceptions.unknown)
 *(.exceptions.exit.label)
 *(.exceptions.exit.user)
 *(.exceptions.exit)
 *(.exceptions)
                0x00002020                PROVIDE (__ram_exceptions_end, ABSOLUTE (.))
                0x00002020                PROVIDE (__flash_exceptions_start, LOADADDR (.exceptions))

.text           0x00002020      0x200
                0x00002020                PROVIDE (stext, ABSOLUTE (.))
 *(.interp)
 *(.hash)
 *(.dynsym)
 *(.dynstr)
 *(.gnu.version)
 *(.gnu.version_d)
 *(.gnu.version_r)
 *(.rel.init)
 *(.rela.init)
 *(.rel.text .rel.text.* .rel.gnu.linkonce.t.*)
 *(.rela.text .rela.text.* .rela.gnu.linkonce.t.*)
 *(.rel.fini)
 *(.rela.fini)
 *(.rel.rodata .rel.rodata.* .rel.gnu.linkonce.r.*)
 *(.rela.rodata .rela.rodata.* .rela.gnu.linkonce.r.*)
 *(.rel.data .rel.data.* .rel.gnu.linkonce.d.*)
 *(.rela.data .rela.data.* .rela.gnu.linkonce.d.*)
 *(.rel.tdata .rel.tdata.* .rel.gnu.linkonce.td.*)
 *(.rela.tdata .rela.tdata.* .rela.gnu.linkonce.td.*)
 *(.rel.tbss .rel.tbss.* .rel.gnu.linkonce.tb.*)
 *(.rela.tbss .rela.tbss.* .rela.gnu.linkonce.tb.*)
 *(.rel.ctors)
 *(.rela.ctors)
 *(.rel.dtors)
 *(.rela.dtors)
 *(.rel.got)
 *(.rela.got)
 *(.rel.sdata .rel.sdata.* .rel.gnu.linkonce.s.*)
 *(.rela.sdata .rela.sdata.* .rela.gnu.linkonce.s.*)
 *(.rel.sbss .rel.sbss.* .rel.gnu.linkonce.sb.*)
 *(.rela.sbss .rela.sbss.* .rela.gnu.linkonce.sb.*)
 *(.rel.sdata2 .rel.sdata2.* .rel.gnu.linkonce.s2.*)
 *(.rela.sdata2 .rela.sdata2.* .rela.gnu.linkonce.s2.*)
 *(.rel.sbss2 .rel.sbss2.* .rel.gnu.linkonce.sb2.*)
 *(.rela.sbss2 .rela.sbss2.* .rela.gnu.linkonce.sb2.*)
 *(.rel.bss .rel.bss.* .rel.gnu.linkonce.b.*)
 *(.rela.bss .rela.bss.* .rela.gnu.linkonce.b.*)
 *(.rel.plt)
 *(.rela.plt)
 *(.rel.dyn)
 *(.init)
 *(.plt)
 *(.text .stub .text.* .gnu.linkonce.t.*)
 .text          0x00002020       0x4c ../sum41_bsp//obj/HAL/src/crt0.o
                0x00002020                _start
 .text          0x0000206c       0x74 obj/default/hello_world_small.o
                0x0000206c                delay
                0x000020a0                main
 .text          0x000020e0       0x8c ../sum41_bsp/\libhal_bsp.a(alt_load.o)
                0x00002100                alt_load
 .text          0x0000216c       0x2c ../sum41_bsp/\libhal_bsp.a(alt_main.o)
                0x0000216c                alt_main
 .text          0x00002198       0x24 ../sum41_bsp/\libhal_bsp.a(alt_sys_init.o)
                0x00002198                alt_sys_init
                0x0000219c                alt_irq_init
 .text          0x000021bc       0x18 ../sum41_bsp/\libhal_bsp.a(alt_dcache_flush_all.o)
                0x000021bc                alt_dcache_flush_all
 .text          0x000021d4        0xc ../sum41_bsp/\libhal_bsp.a(alt_icache_flush_all.o)
                0x000021d4                alt_icache_flush_all
 .text          0x000021e0        0x8 ../sum41_bsp/\libhal_bsp.a(altera_nios2_qsys_irq.o)
                0x000021e0                altera_nios2_qsys_irq_init
 .text          0x000021e8       0x38 ../sum41_bsp/\libhal_bsp.a(alt_icache_flush.o)
                0x000021e8                alt_icache_flush
 *(.gnu.warning.*)
 *(.fini)
                0x00002220                PROVIDE (__etext, ABSOLUTE (.))
                0x00002220                PROVIDE (_etext, ABSOLUTE (.))
                0x00002220                PROVIDE (etext, ABSOLUTE (.))
 *(.eh_frame_hdr)
                0x00002220                . = ALIGN (0x4)
                0x00002220                PROVIDE (__preinit_array_start, ABSOLUTE (.))
 *(.preinit_array)
                0x00002220                PROVIDE (__preinit_array_end, ABSOLUTE (.))
                0x00002220                PROVIDE (__init_array_start, ABSOLUTE (.))
 *(.init_array)
                0x00002220                PROVIDE (__init_array_end, ABSOLUTE (.))
                0x00002220                PROVIDE (__fini_array_start, ABSOLUTE (.))
 *(.fini_array)
                0x00002220                PROVIDE (__fini_array_end, ABSOLUTE (.))
 *(.eh_frame)
 *(.gcc_except_table)
 *(.dynamic)
                0x00002220                PROVIDE (__CTOR_LIST__, ABSOLUTE (.))
 *(.ctors)
 *(SORT(.ctors.*))
                0x00002220                PROVIDE (__CTOR_END__, ABSOLUTE (.))
                0x00002220                PROVIDE (__DTOR_LIST__, ABSOLUTE (.))
 *(.dtors)
 *(SORT(.dtors.*))
                0x00002220                PROVIDE (__DTOR_END__, ABSOLUTE (.))
 *(.jcr)
                0x00002220                . = ALIGN (0x4)

.rodata         0x00002220        0x0
                0x00002220                PROVIDE (__ram_rodata_start, ABSOLUTE (.))
                0x00002220                . = ALIGN (0x4)
 *(.rodata .rodata.* .gnu.linkonce.r.*)
 *(.rodata1)
                0x00002220                . = ALIGN (0x4)
                0x00002220                PROVIDE (__ram_rodata_end, ABSOLUTE (.))
                0x00002220                PROVIDE (__flash_rodata_start, LOADADDR (.rodata))

.rwdata         0x00002220        0x4 load address 0x00002224
                0x00002220                PROVIDE (__ram_rwdata_start, ABSOLUTE (.))
                0x00002220                . = ALIGN (0x4)
 *(.got.plt)
 *(.got)
 *(.data1)
 *(.data .data.* .gnu.linkonce.d.*)
 .data          0x00002220        0x0 ../sum41_bsp//obj/HAL/src/crt0.o
 .data          0x00002220        0x0 obj/default/hello_world_small.o
 .data          0x00002220        0x0 ../sum41_bsp/\libhal_bsp.a(alt_load.o)
 .data          0x00002220        0x0 ../sum41_bsp/\libhal_bsp.a(alt_main.o)
 .data          0x00002220        0x0 ../sum41_bsp/\libhal_bsp.a(alt_sys_init.o)
 .data          0x00002220        0x0 ../sum41_bsp/\libhal_bsp.a(alt_dcache_flush_all.o)
 .data          0x00002220        0x0 ../sum41_bsp/\libhal_bsp.a(alt_icache_flush_all.o)
 .data          0x00002220        0x0 ../sum41_bsp/\libhal_bsp.a(altera_nios2_qsys_irq.o)
 .data          0x00002220        0x0 ../sum41_bsp/\libhal_bsp.a(alt_icache_flush.o)
                0x0000a220                _gp = ABSOLUTE ((. + 0x8000))
                0x0000a220                PROVIDE (gp, _gp)
 *(.rwdata .rwdata.*)
 *(.sdata .sdata.* .gnu.linkonce.s.*)
 .sdata         0x00002220        0x4 ../sum41_bsp/\libhal_bsp.a(alt_sys_init.o)
                0x00002220                rs232
 *(.sdata2 .sdata2.* .gnu.linkonce.s2.*)
                0x00002224                . = ALIGN (0x4)
                0x00002224                _edata = ABSOLUTE (.)
                0x00002224                PROVIDE (edata, ABSOLUTE (.))
                0x00002224                PROVIDE (__ram_rwdata_end, ABSOLUTE (.))
                0x00002224                PROVIDE (__flash_rwdata_start, LOADADDR (.rwdata))

.bss            0x00002228        0xc
                0x00002228                __bss_start = ABSOLUTE (.)
                0x00002228                PROVIDE (__sbss_start, ABSOLUTE (.))
                0x00002228                PROVIDE (___sbss_start, ABSOLUTE (.))
 *(.dynsbss)
 *(.sbss .sbss.* .gnu.linkonce.sb.*)
 .sbss          0x00002228        0xc ../sum41_bsp/\libhal_bsp.a(alt_main.o)
                0x00002228                alt_argc
                0x0000222c                alt_argv
                0x00002230                alt_envp
 *(.sbss2 .sbss2.* .gnu.linkonce.sb2.*)
 *(.scommon)
                0x00002234                PROVIDE (__sbss_end, ABSOLUTE (.))
                0x00002234                PROVIDE (___sbss_end, ABSOLUTE (.))
 *(.dynbss)
 *(.bss .bss.* .gnu.linkonce.b.*)
 .bss           0x00002234        0x0 ../sum41_bsp//obj/HAL/src/crt0.o
 .bss           0x00002234        0x0 obj/default/hello_world_small.o
 .bss           0x00002234        0x0 ../sum41_bsp/\libhal_bsp.a(alt_load.o)
 .bss           0x00002234        0x0 ../sum41_bsp/\libhal_bsp.a(alt_main.o)
 .bss           0x00002234        0x0 ../sum41_bsp/\libhal_bsp.a(alt_sys_init.o)
 .bss           0x00002234        0x0 ../sum41_bsp/\libhal_bsp.a(alt_dcache_flush_all.o)
 .bss           0x00002234        0x0 ../sum41_bsp/\libhal_bsp.a(alt_icache_flush_all.o)
 .bss           0x00002234        0x0 ../sum41_bsp/\libhal_bsp.a(altera_nios2_qsys_irq.o)
 .bss           0x00002234        0x0 ../sum41_bsp/\libhal_bsp.a(alt_icache_flush.o)
 *(COMMON)
                0x00002234                . = ALIGN (0x4)
                0x00002234                __bss_end = ABSOLUTE (.)

.onchip_memory2_0
                0x00002234        0x0
                0x00002234                PROVIDE (_alt_partition_onchip_memory2_0_start, ABSOLUTE (.))
 *(.onchip_memory2_0. onchip_memory2_0.*)
                0x00002234                . = ALIGN (0x4)
                0x00002234                PROVIDE (_alt_partition_onchip_memory2_0_end, ABSOLUTE (.))
                0x00002234                _end = ABSOLUTE (.)
                0x00002234                end = ABSOLUTE (.)
                0x00002234                __alt_stack_base = ABSOLUTE (.)
                0x00002234                PROVIDE (_alt_partition_onchip_memory2_0_load_addr, LOADADDR (.onchip_memory2_0))

.stab
 *(.stab)

.stabstr
 *(.stabstr)

.stab.excl
 *(.stab.excl)

.stab.exclstr
 *(.stab.exclstr)

.stab.index
 *(.stab.index)

.stab.indexstr
 *(.stab.indexstr)

.comment        0x00000000       0x26
 *(.comment)
 .comment       0x00000000       0x26 obj/default/hello_world_small.o
                                 0x27 (size before relaxing)
 .comment       0x00000000       0x27 ../sum41_bsp/\libhal_bsp.a(alt_load.o)
 .comment       0x00000000       0x27 ../sum41_bsp/\libhal_bsp.a(alt_main.o)
 .comment       0x00000000       0x27 ../sum41_bsp/\libhal_bsp.a(alt_sys_init.o)
 .comment       0x00000000       0x27 ../sum41_bsp/\libhal_bsp.a(alt_dcache_flush_all.o)
 .comment       0x00000000       0x27 ../sum41_bsp/\libhal_bsp.a(alt_icache_flush_all.o)
 .comment       0x00000000       0x27 ../sum41_bsp/\libhal_bsp.a(altera_nios2_qsys_irq.o)
 .comment       0x00000000       0x27 ../sum41_bsp/\libhal_bsp.a(alt_icache_flush.o)

.debug
 *(.debug)

.line
 *(.line)

.debug_srcinfo
 *(.debug_srcinfo)

.debug_sfnames
 *(.debug_sfnames)

.debug_aranges  0x00000000      0x128
 *(.debug_aranges)
 .debug_aranges
                0x00000000       0x28 ../sum41_bsp//obj/HAL/src/crt0.o
 .debug_aranges
                0x00000028       0x20 obj/default/hello_world_small.o
 .debug_aranges
                0x00000048       0x20 ../sum41_bsp/\libhal_bsp.a(alt_load.o)
 .debug_aranges
                0x00000068       0x20 ../sum41_bsp/\libhal_bsp.a(alt_main.o)
 .debug_aranges
                0x00000088       0x20 ../sum41_bsp/\libhal_bsp.a(alt_sys_init.o)
 .debug_aranges
                0x000000a8       0x20 ../sum41_bsp/\libhal_bsp.a(alt_dcache_flush_all.o)
 .debug_aranges
                0x000000c8       0x20 ../sum41_bsp/\libhal_bsp.a(alt_icache_flush_all.o)
 .debug_aranges
                0x000000e8       0x20 ../sum41_bsp/\libhal_bsp.a(altera_nios2_qsys_irq.o)
 .debug_aranges
                0x00000108       0x20 ../sum41_bsp/\libhal_bsp.a(alt_icache_flush.o)

.debug_pubnames
                0x00000000      0x176
 *(.debug_pubnames)
 .debug_pubnames
                0x00000000       0x25 obj/default/hello_world_small.o
 .debug_pubnames
                0x00000025       0x1f ../sum41_bsp/\libhal_bsp.a(alt_load.o)
 .debug_pubnames
                0x00000044       0x46 ../sum41_bsp/\libhal_bsp.a(alt_main.o)
 .debug_pubnames
                0x0000008a       0x3e ../sum41_bsp/\libhal_bsp.a(alt_sys_init.o)
 .debug_pubnames
                0x000000c8       0x2b ../sum41_bsp/\libhal_bsp.a(alt_dcache_flush_all.o)
 .debug_pubnames
                0x000000f3       0x2b ../sum41_bsp/\libhal_bsp.a(alt_icache_flush_all.o)
 .debug_pubnames
                0x0000011e       0x31 ../sum41_bsp/\libhal_bsp.a(altera_nios2_qsys_irq.o)
 .debug_pubnames
                0x0000014f       0x27 ../sum41_bsp/\libhal_bsp.a(alt_icache_flush.o)

.debug_info     0x00000000      0x780
 *(.debug_info .gnu.linkonce.wi.*)
 .debug_info    0x00000000       0x6b ../sum41_bsp//obj/HAL/src/crt0.o
 .debug_info    0x0000006b       0xe1 obj/default/hello_world_small.o
 .debug_info    0x0000014c      0x12e ../sum41_bsp/\libhal_bsp.a(alt_load.o)
 .debug_info    0x0000027a      0x125 ../sum41_bsp/\libhal_bsp.a(alt_main.o)
 .debug_info    0x0000039f      0x153 ../sum41_bsp/\libhal_bsp.a(alt_sys_init.o)
 .debug_info    0x000004f2       0x9f ../sum41_bsp/\libhal_bsp.a(alt_dcache_flush_all.o)
 .debug_info    0x00000591       0x8d ../sum41_bsp/\libhal_bsp.a(alt_icache_flush_all.o)
 .debug_info    0x0000061e       0x8d ../sum41_bsp/\libhal_bsp.a(altera_nios2_qsys_irq.o)
 .debug_info    0x000006ab       0xd5 ../sum41_bsp/\libhal_bsp.a(alt_icache_flush.o)

.debug_abbrev   0x00000000      0x420
 *(.debug_abbrev)
 .debug_abbrev  0x00000000       0x12 ../sum41_bsp//obj/HAL/src/crt0.o
 .debug_abbrev  0x00000012       0x97 obj/default/hello_world_small.o
 .debug_abbrev  0x000000a9       0x97 ../sum41_bsp/\libhal_bsp.a(alt_load.o)
 .debug_abbrev  0x00000140       0xa6 ../sum41_bsp/\libhal_bsp.a(alt_main.o)
 .debug_abbrev  0x000001e6       0xdc ../sum41_bsp/\libhal_bsp.a(alt_sys_init.o)
 .debug_abbrev  0x000002c2       0x57 ../sum41_bsp/\libhal_bsp.a(alt_dcache_flush_all.o)
 .debug_abbrev  0x00000319       0x3f ../sum41_bsp/\libhal_bsp.a(alt_icache_flush_all.o)
 .debug_abbrev  0x00000358       0x3f ../sum41_bsp/\libhal_bsp.a(altera_nios2_qsys_irq.o)
 .debug_abbrev  0x00000397       0x89 ../sum41_bsp/\libhal_bsp.a(alt_icache_flush.o)

.debug_line     0x00000000     0x1137
 *(.debug_line)
 .debug_line    0x00000000       0x72 ../sum41_bsp//obj/HAL/src/crt0.o
 .debug_line    0x00000072      0x245 obj/default/hello_world_small.o
 .debug_line    0x000002b7      0x217 ../sum41_bsp/\libhal_bsp.a(alt_load.o)
 .debug_line    0x000004ce      0x2c2 ../sum41_bsp/\libhal_bsp.a(alt_main.o)
 .debug_line    0x00000790      0x266 ../sum41_bsp/\libhal_bsp.a(alt_sys_init.o)
 .debug_line    0x000009f6      0x1cd ../sum41_bsp/\libhal_bsp.a(alt_dcache_flush_all.o)
 .debug_line    0x00000bc3      0x1c5 ../sum41_bsp/\libhal_bsp.a(alt_icache_flush_all.o)
 .debug_line    0x00000d88      0x1ce ../sum41_bsp/\libhal_bsp.a(altera_nios2_qsys_irq.o)
 .debug_line    0x00000f56      0x1e1 ../sum41_bsp/\libhal_bsp.a(alt_icache_flush.o)

.debug_frame    0x00000000      0x154
 *(.debug_frame)
 .debug_frame   0x00000000       0x3c obj/default/hello_world_small.o
 .debug_frame   0x0000003c       0x38 ../sum41_bsp/\libhal_bsp.a(alt_load.o)
 .debug_frame   0x00000074       0x28 ../sum41_bsp/\libhal_bsp.a(alt_main.o)
 .debug_frame   0x0000009c       0x38 ../sum41_bsp/\libhal_bsp.a(alt_sys_init.o)
 .debug_frame   0x000000d4       0x20 ../sum41_bsp/\libhal_bsp.a(alt_dcache_flush_all.o)
 .debug_frame   0x000000f4       0x20 ../sum41_bsp/\libhal_bsp.a(alt_icache_flush_all.o)
 .debug_frame   0x00000114       0x20 ../sum41_bsp/\libhal_bsp.a(altera_nios2_qsys_irq.o)
 .debug_frame   0x00000134       0x20 ../sum41_bsp/\libhal_bsp.a(alt_icache_flush.o)

.debug_str      0x00000000      0x3a1
 *(.debug_str)
 .debug_str     0x00000000       0xac obj/default/hello_world_small.o
                                 0xea (size before relaxing)
 .debug_str     0x000000ac      0x12b ../sum41_bsp/\libhal_bsp.a(alt_load.o)
                                0x1c0 (size before relaxing)
 .debug_str     0x000001d7       0x75 ../sum41_bsp/\libhal_bsp.a(alt_main.o)
                                0x144 (size before relaxing)
 .debug_str     0x0000024c       0x86 ../sum41_bsp/\libhal_bsp.a(alt_sys_init.o)
                                0x186 (size before relaxing)
 .debug_str     0x000002d2       0x34 ../sum41_bsp/\libhal_bsp.a(alt_dcache_flush_all.o)
                                0x103 (size before relaxing)
 .debug_str     0x00000306       0x34 ../sum41_bsp/\libhal_bsp.a(alt_icache_flush_all.o)
                                0x103 (size before relaxing)
 .debug_str     0x0000033a       0x3b ../sum41_bsp/\libhal_bsp.a(altera_nios2_qsys_irq.o)
                                0x10a (size before relaxing)
 .debug_str     0x00000375       0x2c ../sum41_bsp/\libhal_bsp.a(alt_icache_flush.o)
                                0x109 (size before relaxing)

.debug_loc      0x00000000       0xe7
 *(.debug_loc)
 .debug_loc     0x00000000       0x64 obj/default/hello_world_small.o
 .debug_loc     0x00000064       0x1f ../sum41_bsp/\libhal_bsp.a(alt_load.o)
 .debug_loc     0x00000083       0x1f ../sum41_bsp/\libhal_bsp.a(alt_main.o)
 .debug_loc     0x000000a2       0x32 ../sum41_bsp/\libhal_bsp.a(alt_sys_init.o)
 .debug_loc     0x000000d4       0x13 ../sum41_bsp/\libhal_bsp.a(alt_icache_flush.o)

.debug_macinfo
 *(.debug_macinfo)

.debug_weaknames
 *(.debug_weaknames)

.debug_funcnames
 *(.debug_funcnames)

.debug_typenames
 *(.debug_typenames)

.debug_varnames
 *(.debug_varnames)

.debug_alt_sim_info
                0x00000000       0x30
 *(.debug_alt_sim_info)
 .debug_alt_sim_info
                0x00000000       0x30 ../sum41_bsp//obj/HAL/src/crt0.o
                0x00004000                __alt_data_end = 0x4000
                0x00004000                PROVIDE (__alt_stack_pointer, __alt_data_end)
                0x00002234                PROVIDE (__alt_stack_limit, __alt_stack_base)
                0x00002234                PROVIDE (__alt_heap_start, end)
                0x00004000                PROVIDE (__alt_heap_limit, 0x4000)
OUTPUT(sum41.elf elf32-littlenios2)

.debug_ranges   0x00000000       0x20
 .debug_ranges  0x00000000       0x20 ../sum41_bsp//obj/HAL/src/crt0.o
