Archive member included because of file (symbol)

c:/altera/13.0/nios2eds/bin/gnu/h-i686-mingw32/bin/../lib/gcc/nios2-elf/4.1.2/../../../../nios2-elf/lib/mno-hw-mul\libsmallc.a(lib_a-puts.o)
                              obj/default/hello_world.o (puts)
c:/altera/13.0/nios2eds/bin/gnu/h-i686-mingw32/bin/../lib/gcc/nios2-elf/4.1.2/../../../../nios2-elf/lib/mno-hw-mul\libsmallc.a(lib_a-strlen.o)
                              c:/altera/13.0/nios2eds/bin/gnu/h-i686-mingw32/bin/../lib/gcc/nios2-elf/4.1.2/../../../../nios2-elf/lib/mno-hw-mul\libsmallc.a(lib_a-puts.o) (strlen)
c:/altera/13.0/nios2eds/bin/gnu/h-i686-mingw32/bin/../lib/gcc/nios2-elf/4.1.2/../../../../nios2-elf/lib/mno-hw-mul\libsmallc.a(lib_a-fvwrite_small_dev.o)
                              c:/altera/13.0/nios2eds/bin/gnu/h-i686-mingw32/bin/../lib/gcc/nios2-elf/4.1.2/../../../../nios2-elf/lib/mno-hw-mul\libsmallc.a(lib_a-puts.o) (__sfvwrite_small_dev)
c:/altera/13.0/nios2eds/bin/gnu/h-i686-mingw32/bin/../lib/gcc/nios2-elf/4.1.2/../../../../nios2-elf/lib/mno-hw-mul\libsmallc.a(lib_a-impure.o)
                              c:/altera/13.0/nios2eds/bin/gnu/h-i686-mingw32/bin/../lib/gcc/nios2-elf/4.1.2/../../../../nios2-elf/lib/mno-hw-mul\libsmallc.a(lib_a-puts.o) (_impure_ptr)
c:/altera/13.0/nios2eds/bin/gnu/h-i686-mingw32/bin/../lib/gcc/nios2-elf/4.1.2/../../../../nios2-elf/lib/mno-hw-mul\libsmallc.a(lib_a-writer.o)
                              c:/altera/13.0/nios2eds/bin/gnu/h-i686-mingw32/bin/../lib/gcc/nios2-elf/4.1.2/../../../../nios2-elf/lib/mno-hw-mul\libsmallc.a(lib_a-fvwrite_small_dev.o) (_write_r)
c:/altera/13.0/nios2eds/bin/gnu/h-i686-mingw32/bin/../lib/gcc/nios2-elf/4.1.2/../../../../nios2-elf/lib/mno-hw-mul\libsmallc.a(lib_a-int_errno.o)
                              c:/altera/13.0/nios2eds/bin/gnu/h-i686-mingw32/bin/../lib/gcc/nios2-elf/4.1.2/../../../../nios2-elf/lib/mno-hw-mul\libsmallc.a(lib_a-writer.o) (errno)
../SimpleNiosII_bsp/\libhal_bsp.a(alt_load.o)
                              ../SimpleNiosII_bsp//obj/HAL/src/crt0.o (alt_load)
../SimpleNiosII_bsp/\libhal_bsp.a(alt_main.o)
                              ../SimpleNiosII_bsp//obj/HAL/src/crt0.o (alt_main)
../SimpleNiosII_bsp/\libhal_bsp.a(alt_write.o)
                              c:/altera/13.0/nios2eds/bin/gnu/h-i686-mingw32/bin/../lib/gcc/nios2-elf/4.1.2/../../../../nios2-elf/lib/mno-hw-mul\libsmallc.a(lib_a-writer.o) (write)
../SimpleNiosII_bsp/\libhal_bsp.a(alt_sys_init.o)
                              ../SimpleNiosII_bsp/\libhal_bsp.a(alt_write.o) (uart_0)
../SimpleNiosII_bsp/\libhal_bsp.a(altera_avalon_uart_write.o)
                              ../SimpleNiosII_bsp/\libhal_bsp.a(alt_write.o) (altera_avalon_uart_write)
../SimpleNiosII_bsp/\libhal_bsp.a(alt_close.o)
                              ../SimpleNiosII_bsp/\libhal_bsp.a(alt_main.o) (close)
../SimpleNiosII_bsp/\libhal_bsp.a(alt_dcache_flush_all.o)
                              ../SimpleNiosII_bsp/\libhal_bsp.a(alt_load.o) (alt_dcache_flush_all)
../SimpleNiosII_bsp/\libhal_bsp.a(alt_do_ctors.o)
                              ../SimpleNiosII_bsp/\libhal_bsp.a(alt_main.o) (_do_ctors)
../SimpleNiosII_bsp/\libhal_bsp.a(alt_do_dtors.o)
                              ../SimpleNiosII_bsp/\libhal_bsp.a(alt_main.o) (_do_dtors)
../SimpleNiosII_bsp/\libhal_bsp.a(alt_errno.o)
                              ../SimpleNiosII_bsp/\libhal_bsp.a(alt_write.o) (alt_errno)
../SimpleNiosII_bsp/\libhal_bsp.a(alt_icache_flush_all.o)
                              ../SimpleNiosII_bsp/\libhal_bsp.a(alt_load.o) (alt_icache_flush_all)
../SimpleNiosII_bsp/\libhal_bsp.a(altera_nios2_qsys_irq.o)
                              ../SimpleNiosII_bsp/\libhal_bsp.a(alt_sys_init.o) (altera_nios2_qsys_irq_init)
c:/altera/13.0/nios2eds/bin/gnu/h-i686-mingw32/bin/../lib/gcc/nios2-elf/4.1.2/../../../../nios2-elf/lib/mno-hw-mul\libsmallc.a(lib_a-atexit.o)
                              ../SimpleNiosII_bsp/\libhal_bsp.a(alt_main.o) (atexit)
c:/altera/13.0/nios2eds/bin/gnu/h-i686-mingw32/bin/../lib/gcc/nios2-elf/4.1.2/../../../../nios2-elf/lib/mno-hw-mul\libsmallc.a(lib_a-exit.o)
                              ../SimpleNiosII_bsp/\libhal_bsp.a(alt_main.o) (exit)
c:/altera/13.0/nios2eds/bin/gnu/h-i686-mingw32/bin/../lib/gcc/nios2-elf/4.1.2/../../../../nios2-elf/lib/mno-hw-mul\libsmallc.a(lib_a-__atexit.o)
                              c:/altera/13.0/nios2eds/bin/gnu/h-i686-mingw32/bin/../lib/gcc/nios2-elf/4.1.2/../../../../nios2-elf/lib/mno-hw-mul\libsmallc.a(lib_a-atexit.o) (__register_exitproc)
c:/altera/13.0/nios2eds/bin/gnu/h-i686-mingw32/bin/../lib/gcc/nios2-elf/4.1.2/../../../../nios2-elf/lib/mno-hw-mul\libsmallc.a(lib_a-__call_atexit.o)
                              c:/altera/13.0/nios2eds/bin/gnu/h-i686-mingw32/bin/../lib/gcc/nios2-elf/4.1.2/../../../../nios2-elf/lib/mno-hw-mul\libsmallc.a(lib_a-exit.o) (__call_exitprocs)
../SimpleNiosII_bsp/\libhal_bsp.a(alt_exit.o)
                              c:/altera/13.0/nios2eds/bin/gnu/h-i686-mingw32/bin/../lib/gcc/nios2-elf/4.1.2/../../../../nios2-elf/lib/mno-hw-mul\libsmallc.a(lib_a-exit.o) (_exit)

Allocating common symbols
Common symbol       size              file

errno               0x4               c:/altera/13.0/nios2eds/bin/gnu/h-i686-mingw32/bin/../lib/gcc/nios2-elf/4.1.2/../../../../nios2-elf/lib/mno-hw-mul\libsmallc.a(lib_a-int_errno.o)
_atexit0            0x8c              c:/altera/13.0/nios2eds/bin/gnu/h-i686-mingw32/bin/../lib/gcc/nios2-elf/4.1.2/../../../../nios2-elf/lib/mno-hw-mul\libsmallc.a(lib_a-atexit.o)

Discarded input sections

 .gnu.warning.close
                0x00000000        0x0 ../SimpleNiosII_bsp/\libhal_bsp.a(alt_close.o)

Memory Configuration

Name             Origin             Length             Attributes
reset            0x00002000         0x00000020
memory           0x00002020         0x00001fe0
*default*        0x00000000         0xffffffff

Linker script and memory map

LOAD ../SimpleNiosII_bsp//obj/HAL/src/crt0.o
LOAD obj/default/hello_world.o
LOAD c:/altera/13.0/nios2eds/bin/gnu/h-i686-mingw32/bin/../lib/gcc/nios2-elf/4.1.2/../../../../nios2-elf/lib/mno-hw-mul\libstdc++.a
LOAD c:/altera/13.0/nios2eds/bin/gnu/h-i686-mingw32/bin/../lib/gcc/nios2-elf/4.1.2/../../../../nios2-elf/lib/mno-hw-mul\libm.a
LOAD c:/altera/13.0/nios2eds/bin/gnu/h-i686-mingw32/bin/../lib/gcc/nios2-elf/4.1.2/mno-hw-mul\libgcc.a
START GROUP
LOAD c:/altera/13.0/nios2eds/bin/gnu/h-i686-mingw32/bin/../lib/gcc/nios2-elf/4.1.2/../../../../nios2-elf/lib/mno-hw-mul\libsmallc.a
LOAD c:/altera/13.0/nios2eds/bin/gnu/h-i686-mingw32/bin/../lib/gcc/nios2-elf/4.1.2/mno-hw-mul\libgcc.a
LOAD ../SimpleNiosII_bsp/\libhal_bsp.a
END GROUP
LOAD c:/altera/13.0/nios2eds/bin/gnu/h-i686-mingw32/bin/../lib/gcc/nios2-elf/4.1.2/mno-hw-mul\libgcc.a
                0x00002000                __alt_mem_memory = 0x2000

.entry          0x00002000       0x20
 *(.entry)
 .entry         0x00002000       0x20 ../SimpleNiosII_bsp//obj/HAL/src/crt0.o
                0x00002000                __reset

.exceptions     0x00002020        0x0
                0x00002020                PROVIDE (__ram_exceptions_start, ABSOLUTE (.))
                0x00002020                . = ALIGN (0x20)
 *(.irq)
 *(.exceptions.entry.label)
 *(.exceptions.entry.user)
 *(.exceptions.entry)
 *(.exceptions.irqtest.user)
 *(.exceptions.irqtest)
 *(.exceptions.irqhandler.user)
 *(.exceptions.irqhandler)
 *(.exceptions.irqreturn.user)
 *(.exceptions.irqreturn)
 *(.exceptions.notirq.label)
 *(.exceptions.notirq.user)
 *(.exceptions.notirq)
 *(.exceptions.soft.user)
 *(.exceptions.soft)
 *(.exceptions.unknown.user)
 *(.exceptions.unknown)
 *(.exceptions.exit.label)
 *(.exceptions.exit.user)
 *(.exceptions.exit)
 *(.exceptions)
                0x00002020                PROVIDE (__ram_exceptions_end, ABSOLUTE (.))
                0x00002020                PROVIDE (__flash_exceptions_start, LOADADDR (.exceptions))

.text           0x00002020      0xbd4
                0x00002020                PROVIDE (stext, ABSOLUTE (.))
 *(.interp)
 *(.hash)
 *(.dynsym)
 *(.dynstr)
 *(.gnu.version)
 *(.gnu.version_d)
 *(.gnu.version_r)
 *(.rel.init)
 *(.rela.init)
 *(.rel.text .rel.text.* .rel.gnu.linkonce.t.*)
 *(.rela.text .rela.text.* .rela.gnu.linkonce.t.*)
 *(.rel.fini)
 *(.rela.fini)
 *(.rel.rodata .rel.rodata.* .rel.gnu.linkonce.r.*)
 *(.rela.rodata .rela.rodata.* .rela.gnu.linkonce.r.*)
 *(.rel.data .rel.data.* .rel.gnu.linkonce.d.*)
 *(.rela.data .rela.data.* .rela.gnu.linkonce.d.*)
 *(.rel.tdata .rel.tdata.* .rel.gnu.linkonce.td.*)
 *(.rela.tdata .rela.tdata.* .rela.gnu.linkonce.td.*)
 *(.rel.tbss .rel.tbss.* .rel.gnu.linkonce.tb.*)
 *(.rela.tbss .rela.tbss.* .rela.gnu.linkonce.tb.*)
 *(.rel.ctors)
 *(.rela.ctors)
 *(.rel.dtors)
 *(.rela.dtors)
 *(.rel.got)
 *(.rela.got)
 *(.rel.sdata .rel.sdata.* .rel.gnu.linkonce.s.*)
 *(.rela.sdata .rela.sdata.* .rela.gnu.linkonce.s.*)
 *(.rel.sbss .rel.sbss.* .rel.gnu.linkonce.sb.*)
 *(.rela.sbss .rela.sbss.* .rela.gnu.linkonce.sb.*)
 *(.rel.sdata2 .rel.sdata2.* .rel.gnu.linkonce.s2.*)
 *(.rela.sdata2 .rela.sdata2.* .rela.gnu.linkonce.s2.*)
 *(.rel.sbss2 .rel.sbss2.* .rel.gnu.linkonce.sb2.*)
 *(.rela.sbss2 .rela.sbss2.* .rela.gnu.linkonce.sb2.*)
 *(.rel.bss .rel.bss.* .rel.gnu.linkonce.b.*)
 *(.rela.bss .rela.bss.* .rela.gnu.linkonce.b.*)
 *(.rel.plt)
 *(.rela.plt)
 *(.rel.dyn)
 *(.init)
 *(.plt)
 *(.text .stub .text.* .gnu.linkonce.t.*)
 .text          0x00002020       0x3c ../SimpleNiosII_bsp//obj/HAL/src/crt0.o
                0x00002020                _start
 .text          0x0000205c       0x34 obj/default/hello_world.o
                0x0000205c                main
 .text          0x00002090       0xa4 c:/altera/13.0/nios2eds/bin/gnu/h-i686-mingw32/bin/../lib/gcc/nios2-elf/4.1.2/../../../../nios2-elf/lib/mno-hw-mul\libsmallc.a(lib_a-puts.o)
                0x00002090                _puts_r
                0x00002120                puts
 .text          0x00002134       0x20 c:/altera/13.0/nios2eds/bin/gnu/h-i686-mingw32/bin/../lib/gcc/nios2-elf/4.1.2/../../../../nios2-elf/lib/mno-hw-mul\libsmallc.a(lib_a-strlen.o)
                0x00002134                strlen
 .text          0x00002154       0xbc c:/altera/13.0/nios2eds/bin/gnu/h-i686-mingw32/bin/../lib/gcc/nios2-elf/4.1.2/../../../../nios2-elf/lib/mno-hw-mul\libsmallc.a(lib_a-fvwrite_small_dev.o)
                0x00002154                __sfvwrite_small_dev
 .text          0x00002210        0x0 c:/altera/13.0/nios2eds/bin/gnu/h-i686-mingw32/bin/../lib/gcc/nios2-elf/4.1.2/../../../../nios2-elf/lib/mno-hw-mul\libsmallc.a(lib_a-impure.o)
 .text          0x00002210       0x78 c:/altera/13.0/nios2eds/bin/gnu/h-i686-mingw32/bin/../lib/gcc/nios2-elf/4.1.2/../../../../nios2-elf/lib/mno-hw-mul\libsmallc.a(lib_a-writer.o)
                0x00002210                _write_r
 .text          0x00002288        0x0 c:/altera/13.0/nios2eds/bin/gnu/h-i686-mingw32/bin/../lib/gcc/nios2-elf/4.1.2/../../../../nios2-elf/lib/mno-hw-mul\libsmallc.a(lib_a-int_errno.o)
 .text          0x00002288       0xec ../SimpleNiosII_bsp/\libhal_bsp.a(alt_load.o)
                0x00002288                alt_load
 .text          0x00002374       0x50 ../SimpleNiosII_bsp/\libhal_bsp.a(alt_main.o)
                0x00002374                alt_main
 .text          0x000023c4      0x110 ../SimpleNiosII_bsp/\libhal_bsp.a(alt_write.o)
                0x000023c4                write
 .text          0x000024d4       0x50 ../SimpleNiosII_bsp/\libhal_bsp.a(alt_sys_init.o)
                0x000024d4                alt_irq_init
                0x00002508                alt_sys_init
 .text          0x00002524      0x150 ../SimpleNiosII_bsp/\libhal_bsp.a(altera_avalon_uart_write.o)
                0x00002524                altera_avalon_uart_write
 .text          0x00002674       0x9c ../SimpleNiosII_bsp/\libhal_bsp.a(alt_close.o)
                0x00002674                close
 .text          0x00002710       0x1c ../SimpleNiosII_bsp/\libhal_bsp.a(alt_dcache_flush_all.o)
                0x00002710                alt_dcache_flush_all
 .text          0x0000272c       0x64 ../SimpleNiosII_bsp/\libhal_bsp.a(alt_do_ctors.o)
                0x0000272c                _do_ctors
 .text          0x00002790       0x64 ../SimpleNiosII_bsp/\libhal_bsp.a(alt_do_dtors.o)
                0x00002790                _do_dtors
 .text          0x000027f4        0x0 ../SimpleNiosII_bsp/\libhal_bsp.a(alt_errno.o)
 .text          0x000027f4       0x1c ../SimpleNiosII_bsp/\libhal_bsp.a(alt_icache_flush_all.o)
                0x000027f4                alt_icache_flush_all
 .text          0x00002810       0x20 ../SimpleNiosII_bsp/\libhal_bsp.a(altera_nios2_qsys_irq.o)
                0x00002810                altera_nios2_qsys_irq_init
 .text          0x00002830       0x14 c:/altera/13.0/nios2eds/bin/gnu/h-i686-mingw32/bin/../lib/gcc/nios2-elf/4.1.2/../../../../nios2-elf/lib/mno-hw-mul\libsmallc.a(lib_a-atexit.o)
                0x00002830                atexit
 .text          0x00002844       0x20 c:/altera/13.0/nios2eds/bin/gnu/h-i686-mingw32/bin/../lib/gcc/nios2-elf/4.1.2/../../../../nios2-elf/lib/mno-hw-mul\libsmallc.a(lib_a-exit.o)
                0x00002844                exit
 .text          0x00002864      0x16c c:/altera/13.0/nios2eds/bin/gnu/h-i686-mingw32/bin/../lib/gcc/nios2-elf/4.1.2/../../../../nios2-elf/lib/mno-hw-mul\libsmallc.a(lib_a-__atexit.o)
                0x00002864                __register_exitproc
 .text          0x000029d0      0x1c0 c:/altera/13.0/nios2eds/bin/gnu/h-i686-mingw32/bin/../lib/gcc/nios2-elf/4.1.2/../../../../nios2-elf/lib/mno-hw-mul\libsmallc.a(lib_a-__call_atexit.o)
                0x000029d4                __call_exitprocs
 .text          0x00002b90       0x60 ../SimpleNiosII_bsp/\libhal_bsp.a(alt_exit.o)
                0x00002bd0                _exit
 *(.gnu.warning.*)
 *(.fini)
                0x00002bf0                PROVIDE (__etext, ABSOLUTE (.))
                0x00002bf0                PROVIDE (_etext, ABSOLUTE (.))
                0x00002bf0                PROVIDE (etext, ABSOLUTE (.))
 *(.eh_frame_hdr)
                0x00002bf0                . = ALIGN (0x4)
                0x00002bf0                PROVIDE (__preinit_array_start, ABSOLUTE (.))
 *(.preinit_array)
                0x00002bf0                PROVIDE (__preinit_array_end, ABSOLUTE (.))
                0x00002bf0                PROVIDE (__init_array_start, ABSOLUTE (.))
 *(.init_array)
                0x00002bf0                PROVIDE (__init_array_end, ABSOLUTE (.))
                0x00002bf0                PROVIDE (__fini_array_start, ABSOLUTE (.))
 *(.fini_array)
                0x00002bf0                PROVIDE (__fini_array_end, ABSOLUTE (.))
 *(.eh_frame)
 *(.gcc_except_table)
 *(.dynamic)
                0x00002bf0                PROVIDE (__CTOR_LIST__, ABSOLUTE (.))
 *(.ctors)
 *(SORT(.ctors.*))
 .ctors.65535   0x00002bf0        0x4 c:/altera/13.0/nios2eds/bin/gnu/h-i686-mingw32/bin/../lib/gcc/nios2-elf/4.1.2/../../../../nios2-elf/lib/mno-hw-mul\libsmallc.a(lib_a-__call_atexit.o)
                0x00002bf4                PROVIDE (__CTOR_END__, ABSOLUTE (.))
                0x00002bf4                PROVIDE (__DTOR_LIST__, ABSOLUTE (.))
 *(.dtors)
 *(SORT(.dtors.*))
                0x00002bf4                PROVIDE (__DTOR_END__, ABSOLUTE (.))
 *(.jcr)
                0x00002bf4                . = ALIGN (0x4)

.rodata         0x00002bf4       0x18
                0x00002bf4                PROVIDE (__ram_rodata_start, ABSOLUTE (.))
                0x00002bf4                . = ALIGN (0x4)
 *(.rodata .rodata.* .gnu.linkonce.r.*)
 .rodata        0x00002bf4       0x14 obj/default/hello_world.o
 .rodata.str1.4
                0x00002c08        0x4 c:/altera/13.0/nios2eds/bin/gnu/h-i686-mingw32/bin/../lib/gcc/nios2-elf/4.1.2/../../../../nios2-elf/lib/mno-hw-mul\libsmallc.a(lib_a-puts.o)
 *(.rodata1)
                0x00002c0c                . = ALIGN (0x4)
                0x00002c0c                PROVIDE (__ram_rodata_end, ABSOLUTE (.))
                0x00002bf4                PROVIDE (__flash_rodata_start, LOADADDR (.rodata))

.rwdata         0x00002c0c       0xf0 load address 0x00002cfc
                0x00002c0c                PROVIDE (__ram_rwdata_start, ABSOLUTE (.))
                0x00002c0c                . = ALIGN (0x4)
 *(.got.plt)
 *(.got)
 *(.data1)
 *(.data .data.* .gnu.linkonce.d.*)
 .data          0x00002c0c        0x0 ../SimpleNiosII_bsp//obj/HAL/src/crt0.o
 .data          0x00002c0c        0x0 obj/default/hello_world.o
 .data          0x00002c0c        0x0 c:/altera/13.0/nios2eds/bin/gnu/h-i686-mingw32/bin/../lib/gcc/nios2-elf/4.1.2/../../../../nios2-elf/lib/mno-hw-mul\libsmallc.a(lib_a-puts.o)
 .data          0x00002c0c        0x0 c:/altera/13.0/nios2eds/bin/gnu/h-i686-mingw32/bin/../lib/gcc/nios2-elf/4.1.2/../../../../nios2-elf/lib/mno-hw-mul\libsmallc.a(lib_a-strlen.o)
 .data          0x00002c0c        0x0 c:/altera/13.0/nios2eds/bin/gnu/h-i686-mingw32/bin/../lib/gcc/nios2-elf/4.1.2/../../../../nios2-elf/lib/mno-hw-mul\libsmallc.a(lib_a-fvwrite_small_dev.o)
 .data          0x00002c0c       0xe0 c:/altera/13.0/nios2eds/bin/gnu/h-i686-mingw32/bin/../lib/gcc/nios2-elf/4.1.2/../../../../nios2-elf/lib/mno-hw-mul\libsmallc.a(lib_a-impure.o)
 .data          0x00002cec        0x0 c:/altera/13.0/nios2eds/bin/gnu/h-i686-mingw32/bin/../lib/gcc/nios2-elf/4.1.2/../../../../nios2-elf/lib/mno-hw-mul\libsmallc.a(lib_a-writer.o)
 .data          0x00002cec        0x0 c:/altera/13.0/nios2eds/bin/gnu/h-i686-mingw32/bin/../lib/gcc/nios2-elf/4.1.2/../../../../nios2-elf/lib/mno-hw-mul\libsmallc.a(lib_a-int_errno.o)
 .data          0x00002cec        0x0 ../SimpleNiosII_bsp/\libhal_bsp.a(alt_load.o)
 .data          0x00002cec        0x0 ../SimpleNiosII_bsp/\libhal_bsp.a(alt_main.o)
 .data          0x00002cec        0x0 ../SimpleNiosII_bsp/\libhal_bsp.a(alt_write.o)
 .data          0x00002cec        0x0 ../SimpleNiosII_bsp/\libhal_bsp.a(alt_sys_init.o)
 .data          0x00002cec        0x0 ../SimpleNiosII_bsp/\libhal_bsp.a(altera_avalon_uart_write.o)
 .data          0x00002cec        0x0 ../SimpleNiosII_bsp/\libhal_bsp.a(alt_close.o)
 .data          0x00002cec        0x0 ../SimpleNiosII_bsp/\libhal_bsp.a(alt_dcache_flush_all.o)
 .data          0x00002cec        0x0 ../SimpleNiosII_bsp/\libhal_bsp.a(alt_do_ctors.o)
 .data          0x00002cec        0x0 ../SimpleNiosII_bsp/\libhal_bsp.a(alt_do_dtors.o)
 .data          0x00002cec        0x0 ../SimpleNiosII_bsp/\libhal_bsp.a(alt_errno.o)
 .data          0x00002cec        0x0 ../SimpleNiosII_bsp/\libhal_bsp.a(alt_icache_flush_all.o)
 .data          0x00002cec        0x0 ../SimpleNiosII_bsp/\libhal_bsp.a(altera_nios2_qsys_irq.o)
 .data          0x00002cec        0x0 c:/altera/13.0/nios2eds/bin/gnu/h-i686-mingw32/bin/../lib/gcc/nios2-elf/4.1.2/../../../../nios2-elf/lib/mno-hw-mul\libsmallc.a(lib_a-atexit.o)
 .data          0x00002cec        0x0 c:/altera/13.0/nios2eds/bin/gnu/h-i686-mingw32/bin/../lib/gcc/nios2-elf/4.1.2/../../../../nios2-elf/lib/mno-hw-mul\libsmallc.a(lib_a-exit.o)
 .data          0x00002cec        0x0 c:/altera/13.0/nios2eds/bin/gnu/h-i686-mingw32/bin/../lib/gcc/nios2-elf/4.1.2/../../../../nios2-elf/lib/mno-hw-mul\libsmallc.a(lib_a-__atexit.o)
 .data          0x00002cec        0x0 c:/altera/13.0/nios2eds/bin/gnu/h-i686-mingw32/bin/../lib/gcc/nios2-elf/4.1.2/../../../../nios2-elf/lib/mno-hw-mul\libsmallc.a(lib_a-__call_atexit.o)
 .data          0x00002cec        0x0 ../SimpleNiosII_bsp/\libhal_bsp.a(alt_exit.o)
                0x0000acec                _gp = ABSOLUTE ((. + 0x8000))
                0x0000acec                PROVIDE (gp, _gp)
 *(.rwdata .rwdata.*)
 *(.sdata .sdata.* .gnu.linkonce.s.*)
 .sdata         0x00002cec        0x8 c:/altera/13.0/nios2eds/bin/gnu/h-i686-mingw32/bin/../lib/gcc/nios2-elf/4.1.2/../../../../nios2-elf/lib/mno-hw-mul\libsmallc.a(lib_a-impure.o)
                0x00002cec                _impure_ptr
                0x00002cf0                _global_impure_ptr
 .sdata         0x00002cf4        0x4 ../SimpleNiosII_bsp/\libhal_bsp.a(alt_sys_init.o)
                0x00002cf4                uart_0
 .sdata         0x00002cf8        0x4 ../SimpleNiosII_bsp/\libhal_bsp.a(alt_errno.o)
                0x00002cf8                alt_errno
 *(.sdata2 .sdata2.* .gnu.linkonce.s2.*)
                0x00002cfc                . = ALIGN (0x4)
                0x00002cfc                _edata = ABSOLUTE (.)
                0x00002cfc                PROVIDE (edata, ABSOLUTE (.))
                0x00002cfc                PROVIDE (__ram_rwdata_end, ABSOLUTE (.))
                0x00002cfc                PROVIDE (__flash_rwdata_start, LOADADDR (.rwdata))

.bss            0x00002dec       0x9c
                0x00002dec                __bss_start = ABSOLUTE (.)
                0x00002dec                PROVIDE (__sbss_start, ABSOLUTE (.))
                0x00002dec                PROVIDE (___sbss_start, ABSOLUTE (.))
 *(.dynsbss)
 *(.sbss .sbss.* .gnu.linkonce.sb.*)
 .sbss          0x00002dec        0x4 c:/altera/13.0/nios2eds/bin/gnu/h-i686-mingw32/bin/../lib/gcc/nios2-elf/4.1.2/../../../../nios2-elf/lib/mno-hw-mul\libsmallc.a(lib_a-int_errno.o)
                0x00002dec                errno
 .sbss          0x00002df0        0xc ../SimpleNiosII_bsp/\libhal_bsp.a(alt_main.o)
                0x00002df0                alt_argc
                0x00002df4                alt_argv
                0x00002df8                alt_envp
 *(.sbss2 .sbss2.* .gnu.linkonce.sb2.*)
 *(.scommon)
                0x00002dfc                PROVIDE (__sbss_end, ABSOLUTE (.))
                0x00002dfc                PROVIDE (___sbss_end, ABSOLUTE (.))
 *(.dynbss)
 *(.bss .bss.* .gnu.linkonce.b.*)
 .bss           0x00002dfc        0x0 ../SimpleNiosII_bsp//obj/HAL/src/crt0.o
 .bss           0x00002dfc        0x0 obj/default/hello_world.o
 .bss           0x00002dfc        0x0 c:/altera/13.0/nios2eds/bin/gnu/h-i686-mingw32/bin/../lib/gcc/nios2-elf/4.1.2/../../../../nios2-elf/lib/mno-hw-mul\libsmallc.a(lib_a-puts.o)
 .bss           0x00002dfc        0x0 c:/altera/13.0/nios2eds/bin/gnu/h-i686-mingw32/bin/../lib/gcc/nios2-elf/4.1.2/../../../../nios2-elf/lib/mno-hw-mul\libsmallc.a(lib_a-strlen.o)
 .bss           0x00002dfc        0x0 c:/altera/13.0/nios2eds/bin/gnu/h-i686-mingw32/bin/../lib/gcc/nios2-elf/4.1.2/../../../../nios2-elf/lib/mno-hw-mul\libsmallc.a(lib_a-fvwrite_small_dev.o)
 .bss           0x00002dfc        0x0 c:/altera/13.0/nios2eds/bin/gnu/h-i686-mingw32/bin/../lib/gcc/nios2-elf/4.1.2/../../../../nios2-elf/lib/mno-hw-mul\libsmallc.a(lib_a-impure.o)
 .bss           0x00002dfc        0x0 c:/altera/13.0/nios2eds/bin/gnu/h-i686-mingw32/bin/../lib/gcc/nios2-elf/4.1.2/../../../../nios2-elf/lib/mno-hw-mul\libsmallc.a(lib_a-writer.o)
 .bss           0x00002dfc        0x0 c:/altera/13.0/nios2eds/bin/gnu/h-i686-mingw32/bin/../lib/gcc/nios2-elf/4.1.2/../../../../nios2-elf/lib/mno-hw-mul\libsmallc.a(lib_a-int_errno.o)
 .bss           0x00002dfc        0x0 ../SimpleNiosII_bsp/\libhal_bsp.a(alt_load.o)
 .bss           0x00002dfc        0x0 ../SimpleNiosII_bsp/\libhal_bsp.a(alt_main.o)
 .bss           0x00002dfc        0x0 ../SimpleNiosII_bsp/\libhal_bsp.a(alt_write.o)
 .bss           0x00002dfc        0x0 ../SimpleNiosII_bsp/\libhal_bsp.a(alt_sys_init.o)
 .bss           0x00002dfc        0x0 ../SimpleNiosII_bsp/\libhal_bsp.a(altera_avalon_uart_write.o)
 .bss           0x00002dfc        0x0 ../SimpleNiosII_bsp/\libhal_bsp.a(alt_close.o)
 .bss           0x00002dfc        0x0 ../SimpleNiosII_bsp/\libhal_bsp.a(alt_dcache_flush_all.o)
 .bss           0x00002dfc        0x0 ../SimpleNiosII_bsp/\libhal_bsp.a(alt_do_ctors.o)
 .bss           0x00002dfc        0x0 ../SimpleNiosII_bsp/\libhal_bsp.a(alt_do_dtors.o)
 .bss           0x00002dfc        0x0 ../SimpleNiosII_bsp/\libhal_bsp.a(alt_errno.o)
 .bss           0x00002dfc        0x0 ../SimpleNiosII_bsp/\libhal_bsp.a(alt_icache_flush_all.o)
 .bss           0x00002dfc        0x0 ../SimpleNiosII_bsp/\libhal_bsp.a(altera_nios2_qsys_irq.o)
 .bss           0x00002dfc        0x0 c:/altera/13.0/nios2eds/bin/gnu/h-i686-mingw32/bin/../lib/gcc/nios2-elf/4.1.2/../../../../nios2-elf/lib/mno-hw-mul\libsmallc.a(lib_a-atexit.o)
 .bss           0x00002dfc        0x0 c:/altera/13.0/nios2eds/bin/gnu/h-i686-mingw32/bin/../lib/gcc/nios2-elf/4.1.2/../../../../nios2-elf/lib/mno-hw-mul\libsmallc.a(lib_a-exit.o)
 .bss           0x00002dfc        0x0 c:/altera/13.0/nios2eds/bin/gnu/h-i686-mingw32/bin/../lib/gcc/nios2-elf/4.1.2/../../../../nios2-elf/lib/mno-hw-mul\libsmallc.a(lib_a-__atexit.o)
 .bss           0x00002dfc        0x0 c:/altera/13.0/nios2eds/bin/gnu/h-i686-mingw32/bin/../lib/gcc/nios2-elf/4.1.2/../../../../nios2-elf/lib/mno-hw-mul\libsmallc.a(lib_a-__call_atexit.o)
 .bss           0x00002dfc        0x0 ../SimpleNiosII_bsp/\libhal_bsp.a(alt_exit.o)
 *(COMMON)
 COMMON         0x00002dfc       0x8c c:/altera/13.0/nios2eds/bin/gnu/h-i686-mingw32/bin/../lib/gcc/nios2-elf/4.1.2/../../../../nios2-elf/lib/mno-hw-mul\libsmallc.a(lib_a-atexit.o)
                0x00002dfc                _atexit0
                0x00002e88                . = ALIGN (0x4)
                0x00002e88                __bss_end = ABSOLUTE (.)

.memory         0x00002e88        0x0
                0x00002e88                PROVIDE (_alt_partition_memory_start, ABSOLUTE (.))
 *(.memory. memory.*)
                0x00002e88                . = ALIGN (0x4)
                0x00002e88                PROVIDE (_alt_partition_memory_end, ABSOLUTE (.))
                0x00002e88                _end = ABSOLUTE (.)
                0x00002e88                end = ABSOLUTE (.)
                0x00002e88                __alt_stack_base = ABSOLUTE (.)
                0x00002e88                PROVIDE (_alt_partition_memory_load_addr, LOADADDR (.memory))

.stab
 *(.stab)

.stabstr
 *(.stabstr)

.stab.excl
 *(.stab.excl)

.stab.exclstr
 *(.stab.exclstr)

.stab.index
 *(.stab.index)

.stab.indexstr
 *(.stab.indexstr)

.comment        0x00000000       0x23
 *(.comment)
 .comment       0x00000000       0x23 obj/default/hello_world.o
                                 0x24 (size before relaxing)
 .comment       0x00000000       0x24 c:/altera/13.0/nios2eds/bin/gnu/h-i686-mingw32/bin/../lib/gcc/nios2-elf/4.1.2/../../../../nios2-elf/lib/mno-hw-mul\libsmallc.a(lib_a-puts.o)
 .comment       0x00000000       0x24 c:/altera/13.0/nios2eds/bin/gnu/h-i686-mingw32/bin/../lib/gcc/nios2-elf/4.1.2/../../../../nios2-elf/lib/mno-hw-mul\libsmallc.a(lib_a-strlen.o)
 .comment       0x00000000       0x24 c:/altera/13.0/nios2eds/bin/gnu/h-i686-mingw32/bin/../lib/gcc/nios2-elf/4.1.2/../../../../nios2-elf/lib/mno-hw-mul\libsmallc.a(lib_a-fvwrite_small_dev.o)
 .comment       0x00000000       0x24 c:/altera/13.0/nios2eds/bin/gnu/h-i686-mingw32/bin/../lib/gcc/nios2-elf/4.1.2/../../../../nios2-elf/lib/mno-hw-mul\libsmallc.a(lib_a-impure.o)
 .comment       0x00000000       0x24 c:/altera/13.0/nios2eds/bin/gnu/h-i686-mingw32/bin/../lib/gcc/nios2-elf/4.1.2/../../../../nios2-elf/lib/mno-hw-mul\libsmallc.a(lib_a-writer.o)
 .comment       0x00000000       0x24 c:/altera/13.0/nios2eds/bin/gnu/h-i686-mingw32/bin/../lib/gcc/nios2-elf/4.1.2/../../../../nios2-elf/lib/mno-hw-mul\libsmallc.a(lib_a-int_errno.o)
 .comment       0x00000000       0x24 ../SimpleNiosII_bsp/\libhal_bsp.a(alt_load.o)
 .comment       0x00000000       0x24 ../SimpleNiosII_bsp/\libhal_bsp.a(alt_main.o)
 .comment       0x00000000       0x24 ../SimpleNiosII_bsp/\libhal_bsp.a(alt_write.o)
 .comment       0x00000000       0x24 ../SimpleNiosII_bsp/\libhal_bsp.a(alt_sys_init.o)
 .comment       0x00000000       0x24 ../SimpleNiosII_bsp/\libhal_bsp.a(altera_avalon_uart_write.o)
 .comment       0x00000000       0x24 ../SimpleNiosII_bsp/\libhal_bsp.a(alt_close.o)
 .comment       0x00000000       0x24 ../SimpleNiosII_bsp/\libhal_bsp.a(alt_dcache_flush_all.o)
 .comment       0x00000000       0x24 ../SimpleNiosII_bsp/\libhal_bsp.a(alt_do_ctors.o)
 .comment       0x00000000       0x24 ../SimpleNiosII_bsp/\libhal_bsp.a(alt_do_dtors.o)
 .comment       0x00000000       0x24 ../SimpleNiosII_bsp/\libhal_bsp.a(alt_errno.o)
 .comment       0x00000000       0x24 ../SimpleNiosII_bsp/\libhal_bsp.a(alt_icache_flush_all.o)
 .comment       0x00000000       0x24 ../SimpleNiosII_bsp/\libhal_bsp.a(altera_nios2_qsys_irq.o)
 .comment       0x00000000       0x24 c:/altera/13.0/nios2eds/bin/gnu/h-i686-mingw32/bin/../lib/gcc/nios2-elf/4.1.2/../../../../nios2-elf/lib/mno-hw-mul\libsmallc.a(lib_a-atexit.o)
 .comment       0x00000000       0x24 c:/altera/13.0/nios2eds/bin/gnu/h-i686-mingw32/bin/../lib/gcc/nios2-elf/4.1.2/../../../../nios2-elf/lib/mno-hw-mul\libsmallc.a(lib_a-exit.o)
 .comment       0x00000000       0x24 c:/altera/13.0/nios2eds/bin/gnu/h-i686-mingw32/bin/../lib/gcc/nios2-elf/4.1.2/../../../../nios2-elf/lib/mno-hw-mul\libsmallc.a(lib_a-__atexit.o)
 .comment       0x00000000       0x24 c:/altera/13.0/nios2eds/bin/gnu/h-i686-mingw32/bin/../lib/gcc/nios2-elf/4.1.2/../../../../nios2-elf/lib/mno-hw-mul\libsmallc.a(lib_a-__call_atexit.o)
 .comment       0x00000000       0x24 ../SimpleNiosII_bsp/\libhal_bsp.a(alt_exit.o)

.debug
 *(.debug)

.line
 *(.line)

.debug_srcinfo
 *(.debug_srcinfo)

.debug_sfnames
 *(.debug_sfnames)

.debug_aranges  0x00000000      0x2c8
 *(.debug_aranges)
 .debug_aranges
                0x00000000       0x28 ../SimpleNiosII_bsp//obj/HAL/src/crt0.o
 .debug_aranges
                0x00000028       0x20 obj/default/hello_world.o
 .debug_aranges
                0x00000048       0x20 c:/altera/13.0/nios2eds/bin/gnu/h-i686-mingw32/bin/../lib/gcc/nios2-elf/4.1.2/../../../../nios2-elf/lib/mno-hw-mul\libsmallc.a(lib_a-puts.o)
 .debug_aranges
                0x00000068       0x20 c:/altera/13.0/nios2eds/bin/gnu/h-i686-mingw32/bin/../lib/gcc/nios2-elf/4.1.2/../../../../nios2-elf/lib/mno-hw-mul\libsmallc.a(lib_a-strlen.o)
 .debug_aranges
                0x00000088       0x20 c:/altera/13.0/nios2eds/bin/gnu/h-i686-mingw32/bin/../lib/gcc/nios2-elf/4.1.2/../../../../nios2-elf/lib/mno-hw-mul\libsmallc.a(lib_a-fvwrite_small_dev.o)
 .debug_aranges
                0x000000a8       0x20 c:/altera/13.0/nios2eds/bin/gnu/h-i686-mingw32/bin/../lib/gcc/nios2-elf/4.1.2/../../../../nios2-elf/lib/mno-hw-mul\libsmallc.a(lib_a-writer.o)
 .debug_aranges
                0x000000c8       0x20 ../SimpleNiosII_bsp/\libhal_bsp.a(alt_load.o)
 .debug_aranges
                0x000000e8       0x20 ../SimpleNiosII_bsp/\libhal_bsp.a(alt_main.o)
 .debug_aranges
                0x00000108       0x20 ../SimpleNiosII_bsp/\libhal_bsp.a(alt_write.o)
 .debug_aranges
                0x00000128       0x20 ../SimpleNiosII_bsp/\libhal_bsp.a(alt_sys_init.o)
 .debug_aranges
                0x00000148       0x20 ../SimpleNiosII_bsp/\libhal_bsp.a(altera_avalon_uart_write.o)
 .debug_aranges
                0x00000168       0x20 ../SimpleNiosII_bsp/\libhal_bsp.a(alt_close.o)
 .debug_aranges
                0x00000188       0x20 ../SimpleNiosII_bsp/\libhal_bsp.a(alt_dcache_flush_all.o)
 .debug_aranges
                0x000001a8       0x20 ../SimpleNiosII_bsp/\libhal_bsp.a(alt_do_ctors.o)
 .debug_aranges
                0x000001c8       0x20 ../SimpleNiosII_bsp/\libhal_bsp.a(alt_do_dtors.o)
 .debug_aranges
                0x000001e8       0x20 ../SimpleNiosII_bsp/\libhal_bsp.a(alt_icache_flush_all.o)
 .debug_aranges
                0x00000208       0x20 ../SimpleNiosII_bsp/\libhal_bsp.a(altera_nios2_qsys_irq.o)
 .debug_aranges
                0x00000228       0x20 c:/altera/13.0/nios2eds/bin/gnu/h-i686-mingw32/bin/../lib/gcc/nios2-elf/4.1.2/../../../../nios2-elf/lib/mno-hw-mul\libsmallc.a(lib_a-atexit.o)
 .debug_aranges
                0x00000248       0x20 c:/altera/13.0/nios2eds/bin/gnu/h-i686-mingw32/bin/../lib/gcc/nios2-elf/4.1.2/../../../../nios2-elf/lib/mno-hw-mul\libsmallc.a(lib_a-exit.o)
 .debug_aranges
                0x00000268       0x20 c:/altera/13.0/nios2eds/bin/gnu/h-i686-mingw32/bin/../lib/gcc/nios2-elf/4.1.2/../../../../nios2-elf/lib/mno-hw-mul\libsmallc.a(lib_a-__atexit.o)
 .debug_aranges
                0x00000288       0x20 c:/altera/13.0/nios2eds/bin/gnu/h-i686-mingw32/bin/../lib/gcc/nios2-elf/4.1.2/../../../../nios2-elf/lib/mno-hw-mul\libsmallc.a(lib_a-__call_atexit.o)
 .debug_aranges
                0x000002a8       0x20 ../SimpleNiosII_bsp/\libhal_bsp.a(alt_exit.o)

.debug_pubnames
                0x00000000      0x3a2
 *(.debug_pubnames)
 .debug_pubnames
                0x00000000       0x1b obj/default/hello_world.o
 .debug_pubnames
                0x0000001b       0x27 c:/altera/13.0/nios2eds/bin/gnu/h-i686-mingw32/bin/../lib/gcc/nios2-elf/4.1.2/../../../../nios2-elf/lib/mno-hw-mul\libsmallc.a(lib_a-puts.o)
 .debug_pubnames
                0x00000042       0x1d c:/altera/13.0/nios2eds/bin/gnu/h-i686-mingw32/bin/../lib/gcc/nios2-elf/4.1.2/../../../../nios2-elf/lib/mno-hw-mul\libsmallc.a(lib_a-strlen.o)
 .debug_pubnames
                0x0000005f       0x2b c:/altera/13.0/nios2eds/bin/gnu/h-i686-mingw32/bin/../lib/gcc/nios2-elf/4.1.2/../../../../nios2-elf/lib/mno-hw-mul\libsmallc.a(lib_a-fvwrite_small_dev.o)
 .debug_pubnames
                0x0000008a       0x39 c:/altera/13.0/nios2eds/bin/gnu/h-i686-mingw32/bin/../lib/gcc/nios2-elf/4.1.2/../../../../nios2-elf/lib/mno-hw-mul\libsmallc.a(lib_a-impure.o)
 .debug_pubnames
                0x000000c3       0x1f c:/altera/13.0/nios2eds/bin/gnu/h-i686-mingw32/bin/../lib/gcc/nios2-elf/4.1.2/../../../../nios2-elf/lib/mno-hw-mul\libsmallc.a(lib_a-writer.o)
 .debug_pubnames
                0x000000e2       0x1c c:/altera/13.0/nios2eds/bin/gnu/h-i686-mingw32/bin/../lib/gcc/nios2-elf/4.1.2/../../../../nios2-elf/lib/mno-hw-mul\libsmallc.a(lib_a-int_errno.o)
 .debug_pubnames
                0x000000fe       0x1f ../SimpleNiosII_bsp/\libhal_bsp.a(alt_load.o)
 .debug_pubnames
                0x0000011d       0x46 ../SimpleNiosII_bsp/\libhal_bsp.a(alt_main.o)
 .debug_pubnames
                0x00000163       0x1c ../SimpleNiosII_bsp/\libhal_bsp.a(alt_write.o)
 .debug_pubnames
                0x0000017f       0x3f ../SimpleNiosII_bsp/\libhal_bsp.a(alt_sys_init.o)
 .debug_pubnames
                0x000001be       0x2f ../SimpleNiosII_bsp/\libhal_bsp.a(altera_avalon_uart_write.o)
 .debug_pubnames
                0x000001ed       0x1c ../SimpleNiosII_bsp/\libhal_bsp.a(alt_close.o)
 .debug_pubnames
                0x00000209       0x2b ../SimpleNiosII_bsp/\libhal_bsp.a(alt_dcache_flush_all.o)
 .debug_pubnames
                0x00000234       0x20 ../SimpleNiosII_bsp/\libhal_bsp.a(alt_do_ctors.o)
 .debug_pubnames
                0x00000254       0x20 ../SimpleNiosII_bsp/\libhal_bsp.a(alt_do_dtors.o)
 .debug_pubnames
                0x00000274       0x20 ../SimpleNiosII_bsp/\libhal_bsp.a(alt_errno.o)
 .debug_pubnames
                0x00000294       0x2b ../SimpleNiosII_bsp/\libhal_bsp.a(alt_icache_flush_all.o)
 .debug_pubnames
                0x000002bf       0x31 ../SimpleNiosII_bsp/\libhal_bsp.a(altera_nios2_qsys_irq.o)
 .debug_pubnames
                0x000002f0       0x2a c:/altera/13.0/nios2eds/bin/gnu/h-i686-mingw32/bin/../lib/gcc/nios2-elf/4.1.2/../../../../nios2-elf/lib/mno-hw-mul\libsmallc.a(lib_a-atexit.o)
 .debug_pubnames
                0x0000031a       0x1b c:/altera/13.0/nios2eds/bin/gnu/h-i686-mingw32/bin/../lib/gcc/nios2-elf/4.1.2/../../../../nios2-elf/lib/mno-hw-mul\libsmallc.a(lib_a-exit.o)
 .debug_pubnames
                0x00000335       0x2a c:/altera/13.0/nios2eds/bin/gnu/h-i686-mingw32/bin/../lib/gcc/nios2-elf/4.1.2/../../../../nios2-elf/lib/mno-hw-mul\libsmallc.a(lib_a-__atexit.o)
 .debug_pubnames
                0x0000035f       0x27 c:/altera/13.0/nios2eds/bin/gnu/h-i686-mingw32/bin/../lib/gcc/nios2-elf/4.1.2/../../../../nios2-elf/lib/mno-hw-mul\libsmallc.a(lib_a-__call_atexit.o)
 .debug_pubnames
                0x00000386       0x1c ../SimpleNiosII_bsp/\libhal_bsp.a(alt_exit.o)

.debug_info     0x00000000     0x4553
 *(.debug_info .gnu.linkonce.wi.*)
 .debug_info    0x00000000       0x76 ../SimpleNiosII_bsp//obj/HAL/src/crt0.o
 .debug_info    0x00000076      0x135 obj/default/hello_world.o
 .debug_info    0x000001ab      0x685 c:/altera/13.0/nios2eds/bin/gnu/h-i686-mingw32/bin/../lib/gcc/nios2-elf/4.1.2/../../../../nios2-elf/lib/mno-hw-mul\libsmallc.a(lib_a-puts.o)
 .debug_info    0x00000830       0xc2 c:/altera/13.0/nios2eds/bin/gnu/h-i686-mingw32/bin/../lib/gcc/nios2-elf/4.1.2/../../../../nios2-elf/lib/mno-hw-mul\libsmallc.a(lib_a-strlen.o)
 .debug_info    0x000008f2      0x68e c:/altera/13.0/nios2eds/bin/gnu/h-i686-mingw32/bin/../lib/gcc/nios2-elf/4.1.2/../../../../nios2-elf/lib/mno-hw-mul\libsmallc.a(lib_a-fvwrite_small_dev.o)
 .debug_info    0x00000f80      0x636 c:/altera/13.0/nios2eds/bin/gnu/h-i686-mingw32/bin/../lib/gcc/nios2-elf/4.1.2/../../../../nios2-elf/lib/mno-hw-mul\libsmallc.a(lib_a-impure.o)
 .debug_info    0x000015b6      0x68c c:/altera/13.0/nios2eds/bin/gnu/h-i686-mingw32/bin/../lib/gcc/nios2-elf/4.1.2/../../../../nios2-elf/lib/mno-hw-mul\libsmallc.a(lib_a-writer.o)
 .debug_info    0x00001c42       0x8c c:/altera/13.0/nios2eds/bin/gnu/h-i686-mingw32/bin/../lib/gcc/nios2-elf/4.1.2/../../../../nios2-elf/lib/mno-hw-mul\libsmallc.a(lib_a-int_errno.o)
 .debug_info    0x00001cce      0x288 ../SimpleNiosII_bsp/\libhal_bsp.a(alt_load.o)
 .debug_info    0x00001f56      0x267 ../SimpleNiosII_bsp/\libhal_bsp.a(alt_main.o)
 .debug_info    0x000021bd      0x26d ../SimpleNiosII_bsp/\libhal_bsp.a(alt_write.o)
 .debug_info    0x0000242a      0x2bc ../SimpleNiosII_bsp/\libhal_bsp.a(alt_sys_init.o)
 .debug_info    0x000026e6      0x33b ../SimpleNiosII_bsp/\libhal_bsp.a(altera_avalon_uart_write.o)
 .debug_info    0x00002a21      0x211 ../SimpleNiosII_bsp/\libhal_bsp.a(alt_close.o)
 .debug_info    0x00002c32      0x157 ../SimpleNiosII_bsp/\libhal_bsp.a(alt_dcache_flush_all.o)
 .debug_info    0x00002d89      0x10a ../SimpleNiosII_bsp/\libhal_bsp.a(alt_do_ctors.o)
 .debug_info    0x00002e93      0x109 ../SimpleNiosII_bsp/\libhal_bsp.a(alt_do_dtors.o)
 .debug_info    0x00002f9c      0x15f ../SimpleNiosII_bsp/\libhal_bsp.a(alt_errno.o)
 .debug_info    0x000030fb      0x157 ../SimpleNiosII_bsp/\libhal_bsp.a(alt_icache_flush_all.o)
 .debug_info    0x00003252      0x1a5 ../SimpleNiosII_bsp/\libhal_bsp.a(altera_nios2_qsys_irq.o)
 .debug_info    0x000033f7      0x186 c:/altera/13.0/nios2eds/bin/gnu/h-i686-mingw32/bin/../lib/gcc/nios2-elf/4.1.2/../../../../nios2-elf/lib/mno-hw-mul\libsmallc.a(lib_a-atexit.o)
 .debug_info    0x0000357d       0x9f c:/altera/13.0/nios2eds/bin/gnu/h-i686-mingw32/bin/../lib/gcc/nios2-elf/4.1.2/../../../../nios2-elf/lib/mno-hw-mul\libsmallc.a(lib_a-exit.o)
 .debug_info    0x0000361c      0x68f c:/altera/13.0/nios2eds/bin/gnu/h-i686-mingw32/bin/../lib/gcc/nios2-elf/4.1.2/../../../../nios2-elf/lib/mno-hw-mul\libsmallc.a(lib_a-__atexit.o)
 .debug_info    0x00003cab      0x6d5 c:/altera/13.0/nios2eds/bin/gnu/h-i686-mingw32/bin/../lib/gcc/nios2-elf/4.1.2/../../../../nios2-elf/lib/mno-hw-mul\libsmallc.a(lib_a-__call_atexit.o)
 .debug_info    0x00004380      0x1d3 ../SimpleNiosII_bsp/\libhal_bsp.a(alt_exit.o)

.debug_abbrev   0x00000000     0x1252
 *(.debug_abbrev)
 .debug_abbrev  0x00000000       0x12 ../SimpleNiosII_bsp//obj/HAL/src/crt0.o
 .debug_abbrev  0x00000012       0x3f obj/default/hello_world.o
 .debug_abbrev  0x00000051      0x180 c:/altera/13.0/nios2eds/bin/gnu/h-i686-mingw32/bin/../lib/gcc/nios2-elf/4.1.2/../../../../nios2-elf/lib/mno-hw-mul\libsmallc.a(lib_a-puts.o)
 .debug_abbrev  0x000001d1       0x7a c:/altera/13.0/nios2eds/bin/gnu/h-i686-mingw32/bin/../lib/gcc/nios2-elf/4.1.2/../../../../nios2-elf/lib/mno-hw-mul\libsmallc.a(lib_a-strlen.o)
 .debug_abbrev  0x0000024b      0x179 c:/altera/13.0/nios2eds/bin/gnu/h-i686-mingw32/bin/../lib/gcc/nios2-elf/4.1.2/../../../../nios2-elf/lib/mno-hw-mul\libsmallc.a(lib_a-fvwrite_small_dev.o)
 .debug_abbrev  0x000003c4      0x13f c:/altera/13.0/nios2eds/bin/gnu/h-i686-mingw32/bin/../lib/gcc/nios2-elf/4.1.2/../../../../nios2-elf/lib/mno-hw-mul\libsmallc.a(lib_a-impure.o)
 .debug_abbrev  0x00000503      0x16c c:/altera/13.0/nios2eds/bin/gnu/h-i686-mingw32/bin/../lib/gcc/nios2-elf/4.1.2/../../../../nios2-elf/lib/mno-hw-mul\libsmallc.a(lib_a-writer.o)
 .debug_abbrev  0x0000066f       0x3b c:/altera/13.0/nios2eds/bin/gnu/h-i686-mingw32/bin/../lib/gcc/nios2-elf/4.1.2/../../../../nios2-elf/lib/mno-hw-mul\libsmallc.a(lib_a-int_errno.o)
 .debug_abbrev  0x000006aa       0x88 ../SimpleNiosII_bsp/\libhal_bsp.a(alt_load.o)
 .debug_abbrev  0x00000732       0xbe ../SimpleNiosII_bsp/\libhal_bsp.a(alt_main.o)
 .debug_abbrev  0x000007f0       0xc3 ../SimpleNiosII_bsp/\libhal_bsp.a(alt_write.o)
 .debug_abbrev  0x000008b3       0xe3 ../SimpleNiosII_bsp/\libhal_bsp.a(alt_sys_init.o)
 .debug_abbrev  0x00000996       0xd2 ../SimpleNiosII_bsp/\libhal_bsp.a(altera_avalon_uart_write.o)
 .debug_abbrev  0x00000a68       0xb5 ../SimpleNiosII_bsp/\libhal_bsp.a(alt_close.o)
 .debug_abbrev  0x00000b1d       0x3f ../SimpleNiosII_bsp/\libhal_bsp.a(alt_dcache_flush_all.o)
 .debug_abbrev  0x00000b5c       0x76 ../SimpleNiosII_bsp/\libhal_bsp.a(alt_do_ctors.o)
 .debug_abbrev  0x00000bd2       0x76 ../SimpleNiosII_bsp/\libhal_bsp.a(alt_do_dtors.o)
 .debug_abbrev  0x00000c48       0x5e ../SimpleNiosII_bsp/\libhal_bsp.a(alt_errno.o)
 .debug_abbrev  0x00000ca6       0x3f ../SimpleNiosII_bsp/\libhal_bsp.a(alt_icache_flush_all.o)
 .debug_abbrev  0x00000ce5       0x64 ../SimpleNiosII_bsp/\libhal_bsp.a(altera_nios2_qsys_irq.o)
 .debug_abbrev  0x00000d49       0xc6 c:/altera/13.0/nios2eds/bin/gnu/h-i686-mingw32/bin/../lib/gcc/nios2-elf/4.1.2/../../../../nios2-elf/lib/mno-hw-mul\libsmallc.a(lib_a-atexit.o)
 .debug_abbrev  0x00000e0f       0x4e c:/altera/13.0/nios2eds/bin/gnu/h-i686-mingw32/bin/../lib/gcc/nios2-elf/4.1.2/../../../../nios2-elf/lib/mno-hw-mul\libsmallc.a(lib_a-exit.o)
 .debug_abbrev  0x00000e5d      0x196 c:/altera/13.0/nios2eds/bin/gnu/h-i686-mingw32/bin/../lib/gcc/nios2-elf/4.1.2/../../../../nios2-elf/lib/mno-hw-mul\libsmallc.a(lib_a-__atexit.o)
 .debug_abbrev  0x00000ff3      0x1c6 c:/altera/13.0/nios2eds/bin/gnu/h-i686-mingw32/bin/../lib/gcc/nios2-elf/4.1.2/../../../../nios2-elf/lib/mno-hw-mul\libsmallc.a(lib_a-__call_atexit.o)
 .debug_abbrev  0x000011b9       0x99 ../SimpleNiosII_bsp/\libhal_bsp.a(alt_exit.o)

.debug_line     0x00000000     0x3496
 *(.debug_line)
 .debug_line    0x00000000       0x66 ../SimpleNiosII_bsp//obj/HAL/src/crt0.o
 .debug_line    0x00000066      0x1c4 obj/default/hello_world.o
 .debug_line    0x0000022a      0x2ac c:/altera/13.0/nios2eds/bin/gnu/h-i686-mingw32/bin/../lib/gcc/nios2-elf/4.1.2/../../../../nios2-elf/lib/mno-hw-mul\libsmallc.a(lib_a-puts.o)
 .debug_line    0x000004d6      0x247 c:/altera/13.0/nios2eds/bin/gnu/h-i686-mingw32/bin/../lib/gcc/nios2-elf/4.1.2/../../../../nios2-elf/lib/mno-hw-mul\libsmallc.a(lib_a-strlen.o)
 .debug_line    0x0000071d      0x2a3 c:/altera/13.0/nios2eds/bin/gnu/h-i686-mingw32/bin/../lib/gcc/nios2-elf/4.1.2/../../../../nios2-elf/lib/mno-hw-mul\libsmallc.a(lib_a-fvwrite_small_dev.o)
 .debug_line    0x000009c0      0x227 c:/altera/13.0/nios2eds/bin/gnu/h-i686-mingw32/bin/../lib/gcc/nios2-elf/4.1.2/../../../../nios2-elf/lib/mno-hw-mul\libsmallc.a(lib_a-impure.o)
 .debug_line    0x00000be7      0x294 c:/altera/13.0/nios2eds/bin/gnu/h-i686-mingw32/bin/../lib/gcc/nios2-elf/4.1.2/../../../../nios2-elf/lib/mno-hw-mul\libsmallc.a(lib_a-writer.o)
 .debug_line    0x00000e7b      0x1dc c:/altera/13.0/nios2eds/bin/gnu/h-i686-mingw32/bin/../lib/gcc/nios2-elf/4.1.2/../../../../nios2-elf/lib/mno-hw-mul\libsmallc.a(lib_a-int_errno.o)
 .debug_line    0x00001057      0x211 ../SimpleNiosII_bsp/\libhal_bsp.a(alt_load.o)
 .debug_line    0x00001268      0x2d0 ../SimpleNiosII_bsp/\libhal_bsp.a(alt_main.o)
 .debug_line    0x00001538      0x299 ../SimpleNiosII_bsp/\libhal_bsp.a(alt_write.o)
 .debug_line    0x000017d1      0x277 ../SimpleNiosII_bsp/\libhal_bsp.a(alt_sys_init.o)
 .debug_line    0x00001a48      0x335 ../SimpleNiosII_bsp/\libhal_bsp.a(altera_avalon_uart_write.o)
 .debug_line    0x00001d7d      0x259 ../SimpleNiosII_bsp/\libhal_bsp.a(alt_close.o)
 .debug_line    0x00001fd6      0x1af ../SimpleNiosII_bsp/\libhal_bsp.a(alt_dcache_flush_all.o)
 .debug_line    0x00002185       0x83 ../SimpleNiosII_bsp/\libhal_bsp.a(alt_do_ctors.o)
 .debug_line    0x00002208       0x83 ../SimpleNiosII_bsp/\libhal_bsp.a(alt_do_dtors.o)
 .debug_line    0x0000228b      0x1a4 ../SimpleNiosII_bsp/\libhal_bsp.a(alt_errno.o)
 .debug_line    0x0000242f      0x1af ../SimpleNiosII_bsp/\libhal_bsp.a(alt_icache_flush_all.o)
 .debug_line    0x000025de      0x1e1 ../SimpleNiosII_bsp/\libhal_bsp.a(altera_nios2_qsys_irq.o)
 .debug_line    0x000027bf      0x1fd c:/altera/13.0/nios2eds/bin/gnu/h-i686-mingw32/bin/../lib/gcc/nios2-elf/4.1.2/../../../../nios2-elf/lib/mno-hw-mul\libsmallc.a(lib_a-atexit.o)
 .debug_line    0x000029bc      0x21d c:/altera/13.0/nios2eds/bin/gnu/h-i686-mingw32/bin/../lib/gcc/nios2-elf/4.1.2/../../../../nios2-elf/lib/mno-hw-mul\libsmallc.a(lib_a-exit.o)
 .debug_line    0x00002bd9      0x34a c:/altera/13.0/nios2eds/bin/gnu/h-i686-mingw32/bin/../lib/gcc/nios2-elf/4.1.2/../../../../nios2-elf/lib/mno-hw-mul\libsmallc.a(lib_a-__atexit.o)
 .debug_line    0x00002f23      0x35a c:/altera/13.0/nios2eds/bin/gnu/h-i686-mingw32/bin/../lib/gcc/nios2-elf/4.1.2/../../../../nios2-elf/lib/mno-hw-mul\libsmallc.a(lib_a-__call_atexit.o)
 .debug_line    0x0000327d      0x219 ../SimpleNiosII_bsp/\libhal_bsp.a(alt_exit.o)

.debug_frame    0x00000000      0x468
 *(.debug_frame)
 .debug_frame   0x00000000       0x2c obj/default/hello_world.o
 .debug_frame   0x0000002c       0x3c c:/altera/13.0/nios2eds/bin/gnu/h-i686-mingw32/bin/../lib/gcc/nios2-elf/4.1.2/../../../../nios2-elf/lib/mno-hw-mul\libsmallc.a(lib_a-puts.o)
 .debug_frame   0x00000068       0x20 c:/altera/13.0/nios2eds/bin/gnu/h-i686-mingw32/bin/../lib/gcc/nios2-elf/4.1.2/../../../../nios2-elf/lib/mno-hw-mul\libsmallc.a(lib_a-strlen.o)
 .debug_frame   0x00000088       0x30 c:/altera/13.0/nios2eds/bin/gnu/h-i686-mingw32/bin/../lib/gcc/nios2-elf/4.1.2/../../../../nios2-elf/lib/mno-hw-mul\libsmallc.a(lib_a-fvwrite_small_dev.o)
 .debug_frame   0x000000b8       0x2c c:/altera/13.0/nios2eds/bin/gnu/h-i686-mingw32/bin/../lib/gcc/nios2-elf/4.1.2/../../../../nios2-elf/lib/mno-hw-mul\libsmallc.a(lib_a-writer.o)
 .debug_frame   0x000000e4       0x48 ../SimpleNiosII_bsp/\libhal_bsp.a(alt_load.o)
 .debug_frame   0x0000012c       0x2c ../SimpleNiosII_bsp/\libhal_bsp.a(alt_main.o)
 .debug_frame   0x00000158       0x48 ../SimpleNiosII_bsp/\libhal_bsp.a(alt_write.o)
 .debug_frame   0x000001a0       0x48 ../SimpleNiosII_bsp/\libhal_bsp.a(alt_sys_init.o)
 .debug_frame   0x000001e8       0x48 ../SimpleNiosII_bsp/\libhal_bsp.a(altera_avalon_uart_write.o)
 .debug_frame   0x00000230       0x48 ../SimpleNiosII_bsp/\libhal_bsp.a(alt_close.o)
 .debug_frame   0x00000278       0x2c ../SimpleNiosII_bsp/\libhal_bsp.a(alt_dcache_flush_all.o)
 .debug_frame   0x000002a4       0x2c ../SimpleNiosII_bsp/\libhal_bsp.a(alt_do_ctors.o)
 .debug_frame   0x000002d0       0x2c ../SimpleNiosII_bsp/\libhal_bsp.a(alt_do_dtors.o)
 .debug_frame   0x000002fc       0x2c ../SimpleNiosII_bsp/\libhal_bsp.a(alt_icache_flush_all.o)
 .debug_frame   0x00000328       0x2c ../SimpleNiosII_bsp/\libhal_bsp.a(altera_nios2_qsys_irq.o)
 .debug_frame   0x00000354       0x20 c:/altera/13.0/nios2eds/bin/gnu/h-i686-mingw32/bin/../lib/gcc/nios2-elf/4.1.2/../../../../nios2-elf/lib/mno-hw-mul\libsmallc.a(lib_a-atexit.o)
 .debug_frame   0x00000374       0x2c c:/altera/13.0/nios2eds/bin/gnu/h-i686-mingw32/bin/../lib/gcc/nios2-elf/4.1.2/../../../../nios2-elf/lib/mno-hw-mul\libsmallc.a(lib_a-exit.o)
 .debug_frame   0x000003a0       0x34 c:/altera/13.0/nios2eds/bin/gnu/h-i686-mingw32/bin/../lib/gcc/nios2-elf/4.1.2/../../../../nios2-elf/lib/mno-hw-mul\libsmallc.a(lib_a-__atexit.o)
 .debug_frame   0x000003d4       0x4c c:/altera/13.0/nios2eds/bin/gnu/h-i686-mingw32/bin/../lib/gcc/nios2-elf/4.1.2/../../../../nios2-elf/lib/mno-hw-mul\libsmallc.a(lib_a-__call_atexit.o)
 .debug_frame   0x00000420       0x48 ../SimpleNiosII_bsp/\libhal_bsp.a(alt_exit.o)

.debug_str      0x00000000      0x993
 *(.debug_str)
 .debug_str     0x00000000       0x12 obj/default/hello_world.o
 .debug_str     0x00000012      0x3ee c:/altera/13.0/nios2eds/bin/gnu/h-i686-mingw32/bin/../lib/gcc/nios2-elf/4.1.2/../../../../nios2-elf/lib/mno-hw-mul\libsmallc.a(lib_a-puts.o)
                                0x44d (size before relaxing)
 .debug_str     0x00000400       0xdf c:/altera/13.0/nios2eds/bin/gnu/h-i686-mingw32/bin/../lib/gcc/nios2-elf/4.1.2/../../../../nios2-elf/lib/mno-hw-mul\libsmallc.a(lib_a-strlen.o)
                                0x181 (size before relaxing)
 .debug_str     0x000004df       0x70 c:/altera/13.0/nios2eds/bin/gnu/h-i686-mingw32/bin/../lib/gcc/nios2-elf/4.1.2/../../../../nios2-elf/lib/mno-hw-mul\libsmallc.a(lib_a-fvwrite_small_dev.o)
                                0x467 (size before relaxing)
 .debug_str     0x0000054f       0xf5 c:/altera/13.0/nios2eds/bin/gnu/h-i686-mingw32/bin/../lib/gcc/nios2-elf/4.1.2/../../../../nios2-elf/lib/mno-hw-mul\libsmallc.a(lib_a-impure.o)
                                0x45a (size before relaxing)
 .debug_str     0x00000644       0x4f c:/altera/13.0/nios2eds/bin/gnu/h-i686-mingw32/bin/../lib/gcc/nios2-elf/4.1.2/../../../../nios2-elf/lib/mno-hw-mul\libsmallc.a(lib_a-writer.o)
                                0x44e (size before relaxing)
 .debug_str     0x00000693       0x40 c:/altera/13.0/nios2eds/bin/gnu/h-i686-mingw32/bin/../lib/gcc/nios2-elf/4.1.2/../../../../nios2-elf/lib/mno-hw-mul\libsmallc.a(lib_a-int_errno.o)
                                0x174 (size before relaxing)
 .debug_str     0x000006d3       0x12 ../SimpleNiosII_bsp/\libhal_bsp.a(alt_load.o)
 .debug_str     0x000006e5       0x12 ../SimpleNiosII_bsp/\libhal_bsp.a(alt_main.o)
 .debug_str     0x000006f7       0x12 ../SimpleNiosII_bsp/\libhal_bsp.a(alt_write.o)
 .debug_str     0x00000709       0x12 ../SimpleNiosII_bsp/\libhal_bsp.a(alt_sys_init.o)
 .debug_str     0x0000071b       0x12 ../SimpleNiosII_bsp/\libhal_bsp.a(altera_avalon_uart_write.o)
 .debug_str     0x0000072d       0x12 ../SimpleNiosII_bsp/\libhal_bsp.a(alt_close.o)
 .debug_str     0x0000073f       0x12 ../SimpleNiosII_bsp/\libhal_bsp.a(alt_dcache_flush_all.o)
 .debug_str     0x00000751       0x12 ../SimpleNiosII_bsp/\libhal_bsp.a(alt_errno.o)
 .debug_str     0x00000763       0x12 ../SimpleNiosII_bsp/\libhal_bsp.a(alt_icache_flush_all.o)
 .debug_str     0x00000775       0x12 ../SimpleNiosII_bsp/\libhal_bsp.a(altera_nios2_qsys_irq.o)
 .debug_str     0x00000787       0xd8 c:/altera/13.0/nios2eds/bin/gnu/h-i686-mingw32/bin/../lib/gcc/nios2-elf/4.1.2/../../../../nios2-elf/lib/mno-hw-mul\libsmallc.a(lib_a-atexit.o)
                                0x1e2 (size before relaxing)
 .debug_str     0x0000085f       0x41 c:/altera/13.0/nios2eds/bin/gnu/h-i686-mingw32/bin/../lib/gcc/nios2-elf/4.1.2/../../../../nios2-elf/lib/mno-hw-mul\libsmallc.a(lib_a-exit.o)
                                0x175 (size before relaxing)
 .debug_str     0x000008a0       0x59 c:/altera/13.0/nios2eds/bin/gnu/h-i686-mingw32/bin/../lib/gcc/nios2-elf/4.1.2/../../../../nios2-elf/lib/mno-hw-mul\libsmallc.a(lib_a-__atexit.o)
                                0x464 (size before relaxing)
 .debug_str     0x000008f9       0x7e c:/altera/13.0/nios2eds/bin/gnu/h-i686-mingw32/bin/../lib/gcc/nios2-elf/4.1.2/../../../../nios2-elf/lib/mno-hw-mul\libsmallc.a(lib_a-__call_atexit.o)
                                0x48e (size before relaxing)
 .debug_str     0x00000977       0x1c ../SimpleNiosII_bsp/\libhal_bsp.a(alt_exit.o)

.debug_loc      0x00000000      0x947
 *(.debug_loc)
 .debug_loc     0x00000000       0x2b obj/default/hello_world.o
 .debug_loc     0x0000002b       0xa2 c:/altera/13.0/nios2eds/bin/gnu/h-i686-mingw32/bin/../lib/gcc/nios2-elf/4.1.2/../../../../nios2-elf/lib/mno-hw-mul\libsmallc.a(lib_a-puts.o)
 .debug_loc     0x000000cd       0x1e c:/altera/13.0/nios2eds/bin/gnu/h-i686-mingw32/bin/../lib/gcc/nios2-elf/4.1.2/../../../../nios2-elf/lib/mno-hw-mul\libsmallc.a(lib_a-strlen.o)
 .debug_loc     0x000000eb      0x162 c:/altera/13.0/nios2eds/bin/gnu/h-i686-mingw32/bin/../lib/gcc/nios2-elf/4.1.2/../../../../nios2-elf/lib/mno-hw-mul\libsmallc.a(lib_a-fvwrite_small_dev.o)
 .debug_loc     0x0000024d       0x97 c:/altera/13.0/nios2eds/bin/gnu/h-i686-mingw32/bin/../lib/gcc/nios2-elf/4.1.2/../../../../nios2-elf/lib/mno-hw-mul\libsmallc.a(lib_a-writer.o)
 .debug_loc     0x000002e4       0x56 ../SimpleNiosII_bsp/\libhal_bsp.a(alt_load.o)
 .debug_loc     0x0000033a       0x2b ../SimpleNiosII_bsp/\libhal_bsp.a(alt_main.o)
 .debug_loc     0x00000365       0x56 ../SimpleNiosII_bsp/\libhal_bsp.a(alt_write.o)
 .debug_loc     0x000003bb       0x56 ../SimpleNiosII_bsp/\libhal_bsp.a(alt_sys_init.o)
 .debug_loc     0x00000411       0x56 ../SimpleNiosII_bsp/\libhal_bsp.a(altera_avalon_uart_write.o)
 .debug_loc     0x00000467       0x56 ../SimpleNiosII_bsp/\libhal_bsp.a(alt_close.o)
 .debug_loc     0x000004bd       0x2b ../SimpleNiosII_bsp/\libhal_bsp.a(alt_dcache_flush_all.o)
 .debug_loc     0x000004e8       0x2b ../SimpleNiosII_bsp/\libhal_bsp.a(alt_do_ctors.o)
 .debug_loc     0x00000513       0x2b ../SimpleNiosII_bsp/\libhal_bsp.a(alt_do_dtors.o)
 .debug_loc     0x0000053e       0x2b ../SimpleNiosII_bsp/\libhal_bsp.a(alt_icache_flush_all.o)
 .debug_loc     0x00000569       0x2b ../SimpleNiosII_bsp/\libhal_bsp.a(altera_nios2_qsys_irq.o)
 .debug_loc     0x00000594       0x1e c:/altera/13.0/nios2eds/bin/gnu/h-i686-mingw32/bin/../lib/gcc/nios2-elf/4.1.2/../../../../nios2-elf/lib/mno-hw-mul\libsmallc.a(lib_a-atexit.o)
 .debug_loc     0x000005b2       0x3d c:/altera/13.0/nios2eds/bin/gnu/h-i686-mingw32/bin/../lib/gcc/nios2-elf/4.1.2/../../../../nios2-elf/lib/mno-hw-mul\libsmallc.a(lib_a-exit.o)
 .debug_loc     0x000005ef      0x141 c:/altera/13.0/nios2eds/bin/gnu/h-i686-mingw32/bin/../lib/gcc/nios2-elf/4.1.2/../../../../nios2-elf/lib/mno-hw-mul\libsmallc.a(lib_a-__atexit.o)
 .debug_loc     0x00000730      0x1c1 c:/altera/13.0/nios2eds/bin/gnu/h-i686-mingw32/bin/../lib/gcc/nios2-elf/4.1.2/../../../../nios2-elf/lib/mno-hw-mul\libsmallc.a(lib_a-__call_atexit.o)
 .debug_loc     0x000008f1       0x56 ../SimpleNiosII_bsp/\libhal_bsp.a(alt_exit.o)

.debug_macinfo
 *(.debug_macinfo)

.debug_weaknames
 *(.debug_weaknames)

.debug_funcnames
 *(.debug_funcnames)

.debug_typenames
 *(.debug_typenames)

.debug_varnames
 *(.debug_varnames)

.debug_alt_sim_info
                0x00000000       0x10
 *(.debug_alt_sim_info)
 .debug_alt_sim_info
                0x00000000       0x10 ../SimpleNiosII_bsp//obj/HAL/src/crt0.o
                0x00004000                __alt_data_end = 0x4000
                0x00004000                PROVIDE (__alt_stack_pointer, __alt_data_end)
                0x00002e88                PROVIDE (__alt_stack_limit, __alt_stack_base)
                0x00002e88                PROVIDE (__alt_heap_start, end)
                0x00004000                PROVIDE (__alt_heap_limit, 0x4000)
OUTPUT(SimpleNiosII.elf elf32-littlenios2)

.debug_ranges   0x00000000       0x38
 .debug_ranges  0x00000000       0x20 ../SimpleNiosII_bsp//obj/HAL/src/crt0.o
 .debug_ranges  0x00000020       0x18 c:/altera/13.0/nios2eds/bin/gnu/h-i686-mingw32/bin/../lib/gcc/nios2-elf/4.1.2/../../../../nios2-elf/lib/mno-hw-mul\libsmallc.a(lib_a-__call_atexit.o)
