Archive member included because of file (symbol)

c:/altera/13.0sp1/nios2eds/bin/gnu/h-i686-mingw32/bin/../lib/gcc/nios2-elf/4.1.2/../../../../nios2-elf/lib\libsmallc.a(lib_a-printf.o)
                              obj/default/hello_world_small.o (printf)
c:/altera/13.0sp1/nios2eds/bin/gnu/h-i686-mingw32/bin/../lib/gcc/nios2-elf/4.1.2/../../../../nios2-elf/lib\libsmallc.a(lib_a-vfprintf.o)
                              c:/altera/13.0sp1/nios2eds/bin/gnu/h-i686-mingw32/bin/../lib/gcc/nios2-elf/4.1.2/../../../../nios2-elf/lib\libsmallc.a(lib_a-printf.o) (___vfprintf_internal_r)
c:/altera/13.0sp1/nios2eds/bin/gnu/h-i686-mingw32/bin/../lib/gcc/nios2-elf/4.1.2/../../../../nios2-elf/lib\libsmallc.a(lib_a-fvwrite_small_dev.o)
                              c:/altera/13.0sp1/nios2eds/bin/gnu/h-i686-mingw32/bin/../lib/gcc/nios2-elf/4.1.2/../../../../nios2-elf/lib\libsmallc.a(lib_a-printf.o) (__sfvwrite_small_dev)
c:/altera/13.0sp1/nios2eds/bin/gnu/h-i686-mingw32/bin/../lib/gcc/nios2-elf/4.1.2/../../../../nios2-elf/lib\libsmallc.a(lib_a-impure.o)
                              c:/altera/13.0sp1/nios2eds/bin/gnu/h-i686-mingw32/bin/../lib/gcc/nios2-elf/4.1.2/../../../../nios2-elf/lib\libsmallc.a(lib_a-printf.o) (_impure_ptr)
c:/altera/13.0sp1/nios2eds/bin/gnu/h-i686-mingw32/bin/../lib/gcc/nios2-elf/4.1.2/../../../../nios2-elf/lib\libsmallc.a(lib_a-strlen.o)
                              c:/altera/13.0sp1/nios2eds/bin/gnu/h-i686-mingw32/bin/../lib/gcc/nios2-elf/4.1.2/../../../../nios2-elf/lib\libsmallc.a(lib_a-vfprintf.o) (strlen)
c:/altera/13.0sp1/nios2eds/bin/gnu/h-i686-mingw32/bin/../lib/gcc/nios2-elf/4.1.2/../../../../nios2-elf/lib\libsmallc.a(lib_a-writer.o)
                              c:/altera/13.0sp1/nios2eds/bin/gnu/h-i686-mingw32/bin/../lib/gcc/nios2-elf/4.1.2/../../../../nios2-elf/lib\libsmallc.a(lib_a-fvwrite_small_dev.o) (_write_r)
c:/altera/13.0sp1/nios2eds/bin/gnu/h-i686-mingw32/bin/../lib/gcc/nios2-elf/4.1.2/../../../../nios2-elf/lib\libsmallc.a(lib_a-int_errno.o)
                              c:/altera/13.0sp1/nios2eds/bin/gnu/h-i686-mingw32/bin/../lib/gcc/nios2-elf/4.1.2/../../../../nios2-elf/lib\libsmallc.a(lib_a-writer.o) (errno)
c:/altera/13.0sp1/nios2eds/bin/gnu/h-i686-mingw32/bin/../lib/gcc/nios2-elf/4.1.2\libgcc.a(lib2-divmod.o)
                              c:/altera/13.0sp1/nios2eds/bin/gnu/h-i686-mingw32/bin/../lib/gcc/nios2-elf/4.1.2/../../../../nios2-elf/lib\libsmallc.a(lib_a-vfprintf.o) (__udivsi3)
../carole_bsp/\libhal_bsp.a(alt_load.o)
                              ../carole_bsp//obj/HAL/src/crt0.o (alt_load)
../carole_bsp/\libhal_bsp.a(alt_main.o)
                              ../carole_bsp//obj/HAL/src/crt0.o (alt_main)
../carole_bsp/\libhal_bsp.a(alt_write.o)
                              c:/altera/13.0sp1/nios2eds/bin/gnu/h-i686-mingw32/bin/../lib/gcc/nios2-elf/4.1.2/../../../../nios2-elf/lib\libsmallc.a(lib_a-writer.o) (write)
../carole_bsp/\libhal_bsp.a(alt_sys_init.o)
                              ../carole_bsp/\libhal_bsp.a(alt_main.o) (alt_sys_init)
../carole_bsp/\libhal_bsp.a(altera_avalon_uart_write.o)
                              ../carole_bsp/\libhal_bsp.a(alt_write.o) (altera_avalon_uart_write)
../carole_bsp/\libhal_bsp.a(alt_dcache_flush_all.o)
                              ../carole_bsp/\libhal_bsp.a(alt_load.o) (alt_dcache_flush_all)
../carole_bsp/\libhal_bsp.a(alt_errno.o)
                              ../carole_bsp/\libhal_bsp.a(alt_write.o) (alt_errno)
../carole_bsp/\libhal_bsp.a(alt_icache_flush_all.o)
                              ../carole_bsp/\libhal_bsp.a(alt_load.o) (alt_icache_flush_all)
../carole_bsp/\libhal_bsp.a(altera_nios2_qsys_irq.o)
                              ../carole_bsp/\libhal_bsp.a(alt_sys_init.o) (altera_nios2_qsys_irq_init)
../carole_bsp/\libhal_bsp.a(alt_icache_flush.o)
                              ../carole_bsp/\libhal_bsp.a(alt_icache_flush_all.o) (alt_icache_flush)

Allocating common symbols
Common symbol       size              file

errno               0x4               c:/altera/13.0sp1/nios2eds/bin/gnu/h-i686-mingw32/bin/../lib/gcc/nios2-elf/4.1.2/../../../../nios2-elf/lib\libsmallc.a(lib_a-int_errno.o)

Memory Configuration

Name             Origin             Length             Attributes
reset            0x00002000         0x00000020
onchip_memory2_0 0x00002020         0x00001fe0
*default*        0x00000000         0xffffffff

Linker script and memory map

LOAD ../carole_bsp//obj/HAL/src/crt0.o
                0x0000201c                exit = _exit
LOAD obj/default/hello_world_small.o
LOAD c:/altera/13.0sp1/nios2eds/bin/gnu/h-i686-mingw32/bin/../lib/gcc/nios2-elf/4.1.2/../../../../nios2-elf/lib\libstdc++.a
LOAD c:/altera/13.0sp1/nios2eds/bin/gnu/h-i686-mingw32/bin/../lib/gcc/nios2-elf/4.1.2/../../../../nios2-elf/lib\libm.a
LOAD c:/altera/13.0sp1/nios2eds/bin/gnu/h-i686-mingw32/bin/../lib/gcc/nios2-elf/4.1.2\libgcc.a
START GROUP
LOAD c:/altera/13.0sp1/nios2eds/bin/gnu/h-i686-mingw32/bin/../lib/gcc/nios2-elf/4.1.2/../../../../nios2-elf/lib\libsmallc.a
LOAD c:/altera/13.0sp1/nios2eds/bin/gnu/h-i686-mingw32/bin/../lib/gcc/nios2-elf/4.1.2\libgcc.a
LOAD ../carole_bsp/\libhal_bsp.a
END GROUP
LOAD c:/altera/13.0sp1/nios2eds/bin/gnu/h-i686-mingw32/bin/../lib/gcc/nios2-elf/4.1.2\libgcc.a
                0x00002000                __alt_mem_onchip_memory2_0 = 0x2000

.entry          0x00002000       0x20
 *(.entry)
 .entry         0x00002000       0x20 ../carole_bsp//obj/HAL/src/crt0.o
                0x00002000                __reset
                0x0000201c                _exit

.exceptions     0x00002020        0x0
                0x00002020                PROVIDE (__ram_exceptions_start, ABSOLUTE (.))
                0x00002020                . = ALIGN (0x20)
 *(.irq)
 *(.exceptions.entry.label)
 *(.exceptions.entry.user)
 *(.exceptions.entry)
 *(.exceptions.irqtest.user)
 *(.exceptions.irqtest)
 *(.exceptions.irqhandler.user)
 *(.exceptions.irqhandler)
 *(.exceptions.irqreturn.user)
 *(.exceptions.irqreturn)
 *(.exceptions.notirq.label)
 *(.exceptions.notirq.user)
 *(.exceptions.notirq)
 *(.exceptions.soft.user)
 *(.exceptions.soft)
 *(.exceptions.unknown.user)
 *(.exceptions.unknown)
 *(.exceptions.exit.label)
 *(.exceptions.exit.user)
 *(.exceptions.exit)
 *(.exceptions)
                0x00002020                PROVIDE (__ram_exceptions_end, ABSOLUTE (.))
                0x00002020                PROVIDE (__flash_exceptions_start, LOADADDR (.exceptions))

.text           0x00002020      0xd2c
                0x00002020                PROVIDE (stext, ABSOLUTE (.))
 *(.interp)
 *(.hash)
 *(.dynsym)
 *(.dynstr)
 *(.gnu.version)
 *(.gnu.version_d)
 *(.gnu.version_r)
 *(.rel.init)
 *(.rela.init)
 *(.rel.text .rel.text.* .rel.gnu.linkonce.t.*)
 *(.rela.text .rela.text.* .rela.gnu.linkonce.t.*)
 *(.rel.fini)
 *(.rela.fini)
 *(.rel.rodata .rel.rodata.* .rel.gnu.linkonce.r.*)
 *(.rela.rodata .rela.rodata.* .rela.gnu.linkonce.r.*)
 *(.rel.data .rel.data.* .rel.gnu.linkonce.d.*)
 *(.rela.data .rela.data.* .rela.gnu.linkonce.d.*)
 *(.rel.tdata .rel.tdata.* .rel.gnu.linkonce.td.*)
 *(.rela.tdata .rela.tdata.* .rela.gnu.linkonce.td.*)
 *(.rel.tbss .rel.tbss.* .rel.gnu.linkonce.tb.*)
 *(.rela.tbss .rela.tbss.* .rela.gnu.linkonce.tb.*)
 *(.rel.ctors)
 *(.rela.ctors)
 *(.rel.dtors)
 *(.rela.dtors)
 *(.rel.got)
 *(.rela.got)
 *(.rel.sdata .rel.sdata.* .rel.gnu.linkonce.s.*)
 *(.rela.sdata .rela.sdata.* .rela.gnu.linkonce.s.*)
 *(.rel.sbss .rel.sbss.* .rel.gnu.linkonce.sb.*)
 *(.rela.sbss .rela.sbss.* .rela.gnu.linkonce.sb.*)
 *(.rel.sdata2 .rel.sdata2.* .rel.gnu.linkonce.s2.*)
 *(.rela.sdata2 .rela.sdata2.* .rela.gnu.linkonce.s2.*)
 *(.rel.sbss2 .rel.sbss2.* .rel.gnu.linkonce.sb2.*)
 *(.rela.sbss2 .rela.sbss2.* .rela.gnu.linkonce.sb2.*)
 *(.rel.bss .rel.bss.* .rel.gnu.linkonce.b.*)
 *(.rela.bss .rela.bss.* .rela.gnu.linkonce.b.*)
 *(.rel.plt)
 *(.rela.plt)
 *(.rel.dyn)
 *(.init)
 *(.plt)
 *(.text .stub .text.* .gnu.linkonce.t.*)
 .text          0x00002020       0x4c ../carole_bsp//obj/HAL/src/crt0.o
                0x00002020                _start
 .text          0x0000206c       0x88 obj/default/hello_world_small.o
                0x0000206c                delay
                0x000020a0                main
 .text          0x000020f4       0x98 c:/altera/13.0sp1/nios2eds/bin/gnu/h-i686-mingw32/bin/../lib/gcc/nios2-elf/4.1.2/../../../../nios2-elf/lib\libsmallc.a(lib_a-printf.o)
                0x000020f4                printf
                0x00002148                _printf_r
 .text          0x0000218c      0x6d4 c:/altera/13.0sp1/nios2eds/bin/gnu/h-i686-mingw32/bin/../lib/gcc/nios2-elf/4.1.2/../../../../nios2-elf/lib\libsmallc.a(lib_a-vfprintf.o)
                0x0000220c                ___vfprintf_internal_r
                0x0000283c                __vfprintf_internal
 .text          0x00002860       0xbc c:/altera/13.0sp1/nios2eds/bin/gnu/h-i686-mingw32/bin/../lib/gcc/nios2-elf/4.1.2/../../../../nios2-elf/lib\libsmallc.a(lib_a-fvwrite_small_dev.o)
                0x00002860                __sfvwrite_small_dev
 .text          0x0000291c        0x0 c:/altera/13.0sp1/nios2eds/bin/gnu/h-i686-mingw32/bin/../lib/gcc/nios2-elf/4.1.2/../../../../nios2-elf/lib\libsmallc.a(lib_a-impure.o)
 .text          0x0000291c       0x20 c:/altera/13.0sp1/nios2eds/bin/gnu/h-i686-mingw32/bin/../lib/gcc/nios2-elf/4.1.2/../../../../nios2-elf/lib\libsmallc.a(lib_a-strlen.o)
                0x0000291c                strlen
 .text          0x0000293c       0x78 c:/altera/13.0sp1/nios2eds/bin/gnu/h-i686-mingw32/bin/../lib/gcc/nios2-elf/4.1.2/../../../../nios2-elf/lib\libsmallc.a(lib_a-writer.o)
                0x0000293c                _write_r
 .text          0x000029b4        0x0 c:/altera/13.0sp1/nios2eds/bin/gnu/h-i686-mingw32/bin/../lib/gcc/nios2-elf/4.1.2/../../../../nios2-elf/lib\libsmallc.a(lib_a-int_errno.o)
 .text          0x000029b4      0x14c c:/altera/13.0sp1/nios2eds/bin/gnu/h-i686-mingw32/bin/../lib/gcc/nios2-elf/4.1.2\libgcc.a(lib2-divmod.o)
                0x00002a30                __divsi3
                0x00002a90                __modsi3
                0x00002af0                __udivsi3
                0x00002af8                __umodsi3
 .text          0x00002b00       0x8c ../carole_bsp/\libhal_bsp.a(alt_load.o)
                0x00002b20                alt_load
 .text          0x00002b8c       0x2c ../carole_bsp/\libhal_bsp.a(alt_main.o)
                0x00002b8c                alt_main
 .text          0x00002bb8       0x78 ../carole_bsp/\libhal_bsp.a(alt_write.o)
                0x00002bb8                write
 .text          0x00002c30       0x24 ../carole_bsp/\libhal_bsp.a(alt_sys_init.o)
                0x00002c30                alt_sys_init
                0x00002c34                alt_irq_init
 .text          0x00002c54       0x94 ../carole_bsp/\libhal_bsp.a(altera_avalon_uart_write.o)
                0x00002c54                altera_avalon_uart_write
 .text          0x00002ce8       0x18 ../carole_bsp/\libhal_bsp.a(alt_dcache_flush_all.o)
                0x00002ce8                alt_dcache_flush_all
 .text          0x00002d00        0x0 ../carole_bsp/\libhal_bsp.a(alt_errno.o)
 .text          0x00002d00        0xc ../carole_bsp/\libhal_bsp.a(alt_icache_flush_all.o)
                0x00002d00                alt_icache_flush_all
 .text          0x00002d0c        0x8 ../carole_bsp/\libhal_bsp.a(altera_nios2_qsys_irq.o)
                0x00002d0c                altera_nios2_qsys_irq_init
 .text          0x00002d14       0x38 ../carole_bsp/\libhal_bsp.a(alt_icache_flush.o)
                0x00002d14                alt_icache_flush
 *(.gnu.warning.*)
 *(.fini)
                0x00002d4c                PROVIDE (__etext, ABSOLUTE (.))
                0x00002d4c                PROVIDE (_etext, ABSOLUTE (.))
                0x00002d4c                PROVIDE (etext, ABSOLUTE (.))
 *(.eh_frame_hdr)
                0x00002d4c                . = ALIGN (0x4)
                0x00002d4c                PROVIDE (__preinit_array_start, ABSOLUTE (.))
 *(.preinit_array)
                0x00002d4c                PROVIDE (__preinit_array_end, ABSOLUTE (.))
                0x00002d4c                PROVIDE (__init_array_start, ABSOLUTE (.))
 *(.init_array)
                0x00002d4c                PROVIDE (__init_array_end, ABSOLUTE (.))
                0x00002d4c                PROVIDE (__fini_array_start, ABSOLUTE (.))
 *(.fini_array)
                0x00002d4c                PROVIDE (__fini_array_end, ABSOLUTE (.))
 *(.eh_frame)
 *(.gcc_except_table)
 *(.dynamic)
                0x00002d4c                PROVIDE (__CTOR_LIST__, ABSOLUTE (.))
 *(.ctors)
 *(SORT(.ctors.*))
                0x00002d4c                PROVIDE (__CTOR_END__, ABSOLUTE (.))
                0x00002d4c                PROVIDE (__DTOR_LIST__, ABSOLUTE (.))
 *(.dtors)
 *(SORT(.dtors.*))
                0x00002d4c                PROVIDE (__DTOR_END__, ABSOLUTE (.))
 *(.jcr)
                0x00002d4c                . = ALIGN (0x4)

.rodata         0x00002d4c        0xc
                0x00002d4c                PROVIDE (__ram_rodata_start, ABSOLUTE (.))
                0x00002d4c                . = ALIGN (0x4)
 *(.rodata .rodata.* .gnu.linkonce.r.*)
 .rodata.str1.4
                0x00002d4c        0xc obj/default/hello_world_small.o
 *(.rodata1)
                0x00002d58                . = ALIGN (0x4)
                0x00002d58                PROVIDE (__ram_rodata_end, ABSOLUTE (.))
                0x00002d4c                PROVIDE (__flash_rodata_start, LOADADDR (.rodata))

.rwdata         0x00002d58       0xf0 load address 0x00002e48
                0x00002d58                PROVIDE (__ram_rwdata_start, ABSOLUTE (.))
                0x00002d58                . = ALIGN (0x4)
 *(.got.plt)
 *(.got)
 *(.data1)
 *(.data .data.* .gnu.linkonce.d.*)
 .data          0x00002d58        0x0 ../carole_bsp//obj/HAL/src/crt0.o
 .data          0x00002d58        0x0 obj/default/hello_world_small.o
 .data          0x00002d58        0x0 c:/altera/13.0sp1/nios2eds/bin/gnu/h-i686-mingw32/bin/../lib/gcc/nios2-elf/4.1.2/../../../../nios2-elf/lib\libsmallc.a(lib_a-printf.o)
 .data          0x00002d58        0x0 c:/altera/13.0sp1/nios2eds/bin/gnu/h-i686-mingw32/bin/../lib/gcc/nios2-elf/4.1.2/../../../../nios2-elf/lib\libsmallc.a(lib_a-vfprintf.o)
 .data          0x00002d58        0x0 c:/altera/13.0sp1/nios2eds/bin/gnu/h-i686-mingw32/bin/../lib/gcc/nios2-elf/4.1.2/../../../../nios2-elf/lib\libsmallc.a(lib_a-fvwrite_small_dev.o)
 .data          0x00002d58       0xe0 c:/altera/13.0sp1/nios2eds/bin/gnu/h-i686-mingw32/bin/../lib/gcc/nios2-elf/4.1.2/../../../../nios2-elf/lib\libsmallc.a(lib_a-impure.o)
 .data          0x00002e38        0x0 c:/altera/13.0sp1/nios2eds/bin/gnu/h-i686-mingw32/bin/../lib/gcc/nios2-elf/4.1.2/../../../../nios2-elf/lib\libsmallc.a(lib_a-strlen.o)
 .data          0x00002e38        0x0 c:/altera/13.0sp1/nios2eds/bin/gnu/h-i686-mingw32/bin/../lib/gcc/nios2-elf/4.1.2/../../../../nios2-elf/lib\libsmallc.a(lib_a-writer.o)
 .data          0x00002e38        0x0 c:/altera/13.0sp1/nios2eds/bin/gnu/h-i686-mingw32/bin/../lib/gcc/nios2-elf/4.1.2/../../../../nios2-elf/lib\libsmallc.a(lib_a-int_errno.o)
 .data          0x00002e38        0x0 c:/altera/13.0sp1/nios2eds/bin/gnu/h-i686-mingw32/bin/../lib/gcc/nios2-elf/4.1.2\libgcc.a(lib2-divmod.o)
 .data          0x00002e38        0x0 ../carole_bsp/\libhal_bsp.a(alt_load.o)
 .data          0x00002e38        0x0 ../carole_bsp/\libhal_bsp.a(alt_main.o)
 .data          0x00002e38        0x0 ../carole_bsp/\libhal_bsp.a(alt_write.o)
 .data          0x00002e38        0x0 ../carole_bsp/\libhal_bsp.a(alt_sys_init.o)
 .data          0x00002e38        0x0 ../carole_bsp/\libhal_bsp.a(altera_avalon_uart_write.o)
 .data          0x00002e38        0x0 ../carole_bsp/\libhal_bsp.a(alt_dcache_flush_all.o)
 .data          0x00002e38        0x0 ../carole_bsp/\libhal_bsp.a(alt_errno.o)
 .data          0x00002e38        0x0 ../carole_bsp/\libhal_bsp.a(alt_icache_flush_all.o)
 .data          0x00002e38        0x0 ../carole_bsp/\libhal_bsp.a(altera_nios2_qsys_irq.o)
 .data          0x00002e38        0x0 ../carole_bsp/\libhal_bsp.a(alt_icache_flush.o)
                0x0000ae38                _gp = ABSOLUTE ((. + 0x8000))
                0x0000ae38                PROVIDE (gp, _gp)
 *(.rwdata .rwdata.*)
 *(.sdata .sdata.* .gnu.linkonce.s.*)
 .sdata         0x00002e38        0x8 c:/altera/13.0sp1/nios2eds/bin/gnu/h-i686-mingw32/bin/../lib/gcc/nios2-elf/4.1.2/../../../../nios2-elf/lib\libsmallc.a(lib_a-impure.o)
                0x00002e38                _impure_ptr
                0x00002e3c                _global_impure_ptr
 .sdata         0x00002e40        0x4 ../carole_bsp/\libhal_bsp.a(alt_sys_init.o)
                0x00002e40                rs232
 .sdata         0x00002e44        0x4 ../carole_bsp/\libhal_bsp.a(alt_errno.o)
                0x00002e44                alt_errno
 *(.sdata2 .sdata2.* .gnu.linkonce.s2.*)
                0x00002e48                . = ALIGN (0x4)
                0x00002e48                _edata = ABSOLUTE (.)
                0x00002e48                PROVIDE (edata, ABSOLUTE (.))
                0x00002e48                PROVIDE (__ram_rwdata_end, ABSOLUTE (.))
                0x00002e48                PROVIDE (__flash_rwdata_start, LOADADDR (.rwdata))

.bss            0x00002f38       0x10
                0x00002f38                __bss_start = ABSOLUTE (.)
                0x00002f38                PROVIDE (__sbss_start, ABSOLUTE (.))
                0x00002f38                PROVIDE (___sbss_start, ABSOLUTE (.))
 *(.dynsbss)
 *(.sbss .sbss.* .gnu.linkonce.sb.*)
 .sbss          0x00002f38        0x4 c:/altera/13.0sp1/nios2eds/bin/gnu/h-i686-mingw32/bin/../lib/gcc/nios2-elf/4.1.2/../../../../nios2-elf/lib\libsmallc.a(lib_a-int_errno.o)
                0x00002f38                errno
 .sbss          0x00002f3c        0xc ../carole_bsp/\libhal_bsp.a(alt_main.o)
                0x00002f3c                alt_argc
                0x00002f40                alt_argv
                0x00002f44                alt_envp
 *(.sbss2 .sbss2.* .gnu.linkonce.sb2.*)
 *(.scommon)
                0x00002f48                PROVIDE (__sbss_end, ABSOLUTE (.))
                0x00002f48                PROVIDE (___sbss_end, ABSOLUTE (.))
 *(.dynbss)
 *(.bss .bss.* .gnu.linkonce.b.*)
 .bss           0x00002f48        0x0 ../carole_bsp//obj/HAL/src/crt0.o
 .bss           0x00002f48        0x0 obj/default/hello_world_small.o
 .bss           0x00002f48        0x0 c:/altera/13.0sp1/nios2eds/bin/gnu/h-i686-mingw32/bin/../lib/gcc/nios2-elf/4.1.2/../../../../nios2-elf/lib\libsmallc.a(lib_a-printf.o)
 .bss           0x00002f48        0x0 c:/altera/13.0sp1/nios2eds/bin/gnu/h-i686-mingw32/bin/../lib/gcc/nios2-elf/4.1.2/../../../../nios2-elf/lib\libsmallc.a(lib_a-vfprintf.o)
 .bss           0x00002f48        0x0 c:/altera/13.0sp1/nios2eds/bin/gnu/h-i686-mingw32/bin/../lib/gcc/nios2-elf/4.1.2/../../../../nios2-elf/lib\libsmallc.a(lib_a-fvwrite_small_dev.o)
 .bss           0x00002f48        0x0 c:/altera/13.0sp1/nios2eds/bin/gnu/h-i686-mingw32/bin/../lib/gcc/nios2-elf/4.1.2/../../../../nios2-elf/lib\libsmallc.a(lib_a-impure.o)
 .bss           0x00002f48        0x0 c:/altera/13.0sp1/nios2eds/bin/gnu/h-i686-mingw32/bin/../lib/gcc/nios2-elf/4.1.2/../../../../nios2-elf/lib\libsmallc.a(lib_a-strlen.o)
 .bss           0x00002f48        0x0 c:/altera/13.0sp1/nios2eds/bin/gnu/h-i686-mingw32/bin/../lib/gcc/nios2-elf/4.1.2/../../../../nios2-elf/lib\libsmallc.a(lib_a-writer.o)
 .bss           0x00002f48        0x0 c:/altera/13.0sp1/nios2eds/bin/gnu/h-i686-mingw32/bin/../lib/gcc/nios2-elf/4.1.2/../../../../nios2-elf/lib\libsmallc.a(lib_a-int_errno.o)
 .bss           0x00002f48        0x0 c:/altera/13.0sp1/nios2eds/bin/gnu/h-i686-mingw32/bin/../lib/gcc/nios2-elf/4.1.2\libgcc.a(lib2-divmod.o)
 .bss           0x00002f48        0x0 ../carole_bsp/\libhal_bsp.a(alt_load.o)
 .bss           0x00002f48        0x0 ../carole_bsp/\libhal_bsp.a(alt_main.o)
 .bss           0x00002f48        0x0 ../carole_bsp/\libhal_bsp.a(alt_write.o)
 .bss           0x00002f48        0x0 ../carole_bsp/\libhal_bsp.a(alt_sys_init.o)
 .bss           0x00002f48        0x0 ../carole_bsp/\libhal_bsp.a(altera_avalon_uart_write.o)
 .bss           0x00002f48        0x0 ../carole_bsp/\libhal_bsp.a(alt_dcache_flush_all.o)
 .bss           0x00002f48        0x0 ../carole_bsp/\libhal_bsp.a(alt_errno.o)
 .bss           0x00002f48        0x0 ../carole_bsp/\libhal_bsp.a(alt_icache_flush_all.o)
 .bss           0x00002f48        0x0 ../carole_bsp/\libhal_bsp.a(altera_nios2_qsys_irq.o)
 .bss           0x00002f48        0x0 ../carole_bsp/\libhal_bsp.a(alt_icache_flush.o)
 *(COMMON)
                0x00002f48                . = ALIGN (0x4)
                0x00002f48                __bss_end = ABSOLUTE (.)

.onchip_memory2_0
                0x00002f48        0x0
                0x00002f48                PROVIDE (_alt_partition_onchip_memory2_0_start, ABSOLUTE (.))
 *(.onchip_memory2_0. onchip_memory2_0.*)
                0x00002f48                . = ALIGN (0x4)
                0x00002f48                PROVIDE (_alt_partition_onchip_memory2_0_end, ABSOLUTE (.))
                0x00002f48                _end = ABSOLUTE (.)
                0x00002f48                end = ABSOLUTE (.)
                0x00002f48                __alt_stack_base = ABSOLUTE (.)
                0x00002f48                PROVIDE (_alt_partition_onchip_memory2_0_load_addr, LOADADDR (.onchip_memory2_0))

.stab
 *(.stab)

.stabstr
 *(.stabstr)

.stab.excl
 *(.stab.excl)

.stab.exclstr
 *(.stab.exclstr)

.stab.index
 *(.stab.index)

.stab.indexstr
 *(.stab.indexstr)

.comment        0x00000000       0x26
 *(.comment)
 .comment       0x00000000       0x26 obj/default/hello_world_small.o
                                 0x27 (size before relaxing)
 .comment       0x00000000       0x27 c:/altera/13.0sp1/nios2eds/bin/gnu/h-i686-mingw32/bin/../lib/gcc/nios2-elf/4.1.2/../../../../nios2-elf/lib\libsmallc.a(lib_a-printf.o)
 .comment       0x00000000       0x27 c:/altera/13.0sp1/nios2eds/bin/gnu/h-i686-mingw32/bin/../lib/gcc/nios2-elf/4.1.2/../../../../nios2-elf/lib\libsmallc.a(lib_a-vfprintf.o)
 .comment       0x00000000       0x27 c:/altera/13.0sp1/nios2eds/bin/gnu/h-i686-mingw32/bin/../lib/gcc/nios2-elf/4.1.2/../../../../nios2-elf/lib\libsmallc.a(lib_a-fvwrite_small_dev.o)
 .comment       0x00000000       0x27 c:/altera/13.0sp1/nios2eds/bin/gnu/h-i686-mingw32/bin/../lib/gcc/nios2-elf/4.1.2/../../../../nios2-elf/lib\libsmallc.a(lib_a-impure.o)
 .comment       0x00000000       0x27 c:/altera/13.0sp1/nios2eds/bin/gnu/h-i686-mingw32/bin/../lib/gcc/nios2-elf/4.1.2/../../../../nios2-elf/lib\libsmallc.a(lib_a-strlen.o)
 .comment       0x00000000       0x27 c:/altera/13.0sp1/nios2eds/bin/gnu/h-i686-mingw32/bin/../lib/gcc/nios2-elf/4.1.2/../../../../nios2-elf/lib\libsmallc.a(lib_a-writer.o)
 .comment       0x00000000       0x27 c:/altera/13.0sp1/nios2eds/bin/gnu/h-i686-mingw32/bin/../lib/gcc/nios2-elf/4.1.2/../../../../nios2-elf/lib\libsmallc.a(lib_a-int_errno.o)
 .comment       0x00000000       0x27 c:/altera/13.0sp1/nios2eds/bin/gnu/h-i686-mingw32/bin/../lib/gcc/nios2-elf/4.1.2\libgcc.a(lib2-divmod.o)
 .comment       0x00000000       0x27 ../carole_bsp/\libhal_bsp.a(alt_load.o)
 .comment       0x00000000       0x27 ../carole_bsp/\libhal_bsp.a(alt_main.o)
 .comment       0x00000000       0x27 ../carole_bsp/\libhal_bsp.a(alt_write.o)
 .comment       0x00000000       0x27 ../carole_bsp/\libhal_bsp.a(alt_sys_init.o)
 .comment       0x00000000       0x27 ../carole_bsp/\libhal_bsp.a(altera_avalon_uart_write.o)
 .comment       0x00000000       0x27 ../carole_bsp/\libhal_bsp.a(alt_dcache_flush_all.o)
 .comment       0x00000000       0x27 ../carole_bsp/\libhal_bsp.a(alt_errno.o)
 .comment       0x00000000       0x27 ../carole_bsp/\libhal_bsp.a(alt_icache_flush_all.o)
 .comment       0x00000000       0x27 ../carole_bsp/\libhal_bsp.a(altera_nios2_qsys_irq.o)
 .comment       0x00000000       0x27 ../carole_bsp/\libhal_bsp.a(alt_icache_flush.o)

.debug
 *(.debug)

.line
 *(.line)

.debug_srcinfo
 *(.debug_srcinfo)

.debug_sfnames
 *(.debug_sfnames)

.debug_aranges  0x00000000      0x228
 *(.debug_aranges)
 .debug_aranges
                0x00000000       0x28 ../carole_bsp//obj/HAL/src/crt0.o
 .debug_aranges
                0x00000028       0x20 obj/default/hello_world_small.o
 .debug_aranges
                0x00000048       0x20 c:/altera/13.0sp1/nios2eds/bin/gnu/h-i686-mingw32/bin/../lib/gcc/nios2-elf/4.1.2/../../../../nios2-elf/lib\libsmallc.a(lib_a-printf.o)
 .debug_aranges
                0x00000068       0x20 c:/altera/13.0sp1/nios2eds/bin/gnu/h-i686-mingw32/bin/../lib/gcc/nios2-elf/4.1.2/../../../../nios2-elf/lib\libsmallc.a(lib_a-vfprintf.o)
 .debug_aranges
                0x00000088       0x20 c:/altera/13.0sp1/nios2eds/bin/gnu/h-i686-mingw32/bin/../lib/gcc/nios2-elf/4.1.2/../../../../nios2-elf/lib\libsmallc.a(lib_a-fvwrite_small_dev.o)
 .debug_aranges
                0x000000a8       0x20 c:/altera/13.0sp1/nios2eds/bin/gnu/h-i686-mingw32/bin/../lib/gcc/nios2-elf/4.1.2/../../../../nios2-elf/lib\libsmallc.a(lib_a-strlen.o)
 .debug_aranges
                0x000000c8       0x20 c:/altera/13.0sp1/nios2eds/bin/gnu/h-i686-mingw32/bin/../lib/gcc/nios2-elf/4.1.2/../../../../nios2-elf/lib\libsmallc.a(lib_a-writer.o)
 .debug_aranges
                0x000000e8       0x20 c:/altera/13.0sp1/nios2eds/bin/gnu/h-i686-mingw32/bin/../lib/gcc/nios2-elf/4.1.2\libgcc.a(lib2-divmod.o)
 .debug_aranges
                0x00000108       0x20 ../carole_bsp/\libhal_bsp.a(alt_load.o)
 .debug_aranges
                0x00000128       0x20 ../carole_bsp/\libhal_bsp.a(alt_main.o)
 .debug_aranges
                0x00000148       0x20 ../carole_bsp/\libhal_bsp.a(alt_write.o)
 .debug_aranges
                0x00000168       0x20 ../carole_bsp/\libhal_bsp.a(alt_sys_init.o)
 .debug_aranges
                0x00000188       0x20 ../carole_bsp/\libhal_bsp.a(altera_avalon_uart_write.o)
 .debug_aranges
                0x000001a8       0x20 ../carole_bsp/\libhal_bsp.a(alt_dcache_flush_all.o)
 .debug_aranges
                0x000001c8       0x20 ../carole_bsp/\libhal_bsp.a(alt_icache_flush_all.o)
 .debug_aranges
                0x000001e8       0x20 ../carole_bsp/\libhal_bsp.a(altera_nios2_qsys_irq.o)
 .debug_aranges
                0x00000208       0x20 ../carole_bsp/\libhal_bsp.a(alt_icache_flush.o)

.debug_pubnames
                0x00000000      0x355
 *(.debug_pubnames)
 .debug_pubnames
                0x00000000       0x25 obj/default/hello_world_small.o
 .debug_pubnames
                0x00000025       0x2b c:/altera/13.0sp1/nios2eds/bin/gnu/h-i686-mingw32/bin/../lib/gcc/nios2-elf/4.1.2/../../../../nios2-elf/lib\libsmallc.a(lib_a-printf.o)
 .debug_pubnames
                0x00000050       0x45 c:/altera/13.0sp1/nios2eds/bin/gnu/h-i686-mingw32/bin/../lib/gcc/nios2-elf/4.1.2/../../../../nios2-elf/lib\libsmallc.a(lib_a-vfprintf.o)
 .debug_pubnames
                0x00000095       0x2b c:/altera/13.0sp1/nios2eds/bin/gnu/h-i686-mingw32/bin/../lib/gcc/nios2-elf/4.1.2/../../../../nios2-elf/lib\libsmallc.a(lib_a-fvwrite_small_dev.o)
 .debug_pubnames
                0x000000c0       0x39 c:/altera/13.0sp1/nios2eds/bin/gnu/h-i686-mingw32/bin/../lib/gcc/nios2-elf/4.1.2/../../../../nios2-elf/lib\libsmallc.a(lib_a-impure.o)
 .debug_pubnames
                0x000000f9       0x1d c:/altera/13.0sp1/nios2eds/bin/gnu/h-i686-mingw32/bin/../lib/gcc/nios2-elf/4.1.2/../../../../nios2-elf/lib\libsmallc.a(lib_a-strlen.o)
 .debug_pubnames
                0x00000116       0x1f c:/altera/13.0sp1/nios2eds/bin/gnu/h-i686-mingw32/bin/../lib/gcc/nios2-elf/4.1.2/../../../../nios2-elf/lib\libsmallc.a(lib_a-writer.o)
 .debug_pubnames
                0x00000135       0x1c c:/altera/13.0sp1/nios2eds/bin/gnu/h-i686-mingw32/bin/../lib/gcc/nios2-elf/4.1.2/../../../../nios2-elf/lib\libsmallc.a(lib_a-int_errno.o)
 .debug_pubnames
                0x00000151       0x48 c:/altera/13.0sp1/nios2eds/bin/gnu/h-i686-mingw32/bin/../lib/gcc/nios2-elf/4.1.2\libgcc.a(lib2-divmod.o)
 .debug_pubnames
                0x00000199       0x1f ../carole_bsp/\libhal_bsp.a(alt_load.o)
 .debug_pubnames
                0x000001b8       0x46 ../carole_bsp/\libhal_bsp.a(alt_main.o)
 .debug_pubnames
                0x000001fe       0x1c ../carole_bsp/\libhal_bsp.a(alt_write.o)
 .debug_pubnames
                0x0000021a       0x3e ../carole_bsp/\libhal_bsp.a(alt_sys_init.o)
 .debug_pubnames
                0x00000258       0x2f ../carole_bsp/\libhal_bsp.a(altera_avalon_uart_write.o)
 .debug_pubnames
                0x00000287       0x2b ../carole_bsp/\libhal_bsp.a(alt_dcache_flush_all.o)
 .debug_pubnames
                0x000002b2       0x20 ../carole_bsp/\libhal_bsp.a(alt_errno.o)
 .debug_pubnames
                0x000002d2       0x2b ../carole_bsp/\libhal_bsp.a(alt_icache_flush_all.o)
 .debug_pubnames
                0x000002fd       0x31 ../carole_bsp/\libhal_bsp.a(altera_nios2_qsys_irq.o)
 .debug_pubnames
                0x0000032e       0x27 ../carole_bsp/\libhal_bsp.a(alt_icache_flush.o)

.debug_info     0x00000000     0x329a
 *(.debug_info .gnu.linkonce.wi.*)
 .debug_info    0x00000000       0x6c ../carole_bsp//obj/HAL/src/crt0.o
 .debug_info    0x0000006c       0xe1 obj/default/hello_world_small.o
 .debug_info    0x0000014d      0x6c8 c:/altera/13.0sp1/nios2eds/bin/gnu/h-i686-mingw32/bin/../lib/gcc/nios2-elf/4.1.2/../../../../nios2-elf/lib\libsmallc.a(lib_a-printf.o)
 .debug_info    0x00000815      0x9b5 c:/altera/13.0sp1/nios2eds/bin/gnu/h-i686-mingw32/bin/../lib/gcc/nios2-elf/4.1.2/../../../../nios2-elf/lib\libsmallc.a(lib_a-vfprintf.o)
 .debug_info    0x000011ca      0x68e c:/altera/13.0sp1/nios2eds/bin/gnu/h-i686-mingw32/bin/../lib/gcc/nios2-elf/4.1.2/../../../../nios2-elf/lib\libsmallc.a(lib_a-fvwrite_small_dev.o)
 .debug_info    0x00001858      0x636 c:/altera/13.0sp1/nios2eds/bin/gnu/h-i686-mingw32/bin/../lib/gcc/nios2-elf/4.1.2/../../../../nios2-elf/lib\libsmallc.a(lib_a-impure.o)
 .debug_info    0x00001e8e       0xc2 c:/altera/13.0sp1/nios2eds/bin/gnu/h-i686-mingw32/bin/../lib/gcc/nios2-elf/4.1.2/../../../../nios2-elf/lib\libsmallc.a(lib_a-strlen.o)
 .debug_info    0x00001f50      0x68c c:/altera/13.0sp1/nios2eds/bin/gnu/h-i686-mingw32/bin/../lib/gcc/nios2-elf/4.1.2/../../../../nios2-elf/lib\libsmallc.a(lib_a-writer.o)
 .debug_info    0x000025dc       0x8c c:/altera/13.0sp1/nios2eds/bin/gnu/h-i686-mingw32/bin/../lib/gcc/nios2-elf/4.1.2/../../../../nios2-elf/lib\libsmallc.a(lib_a-int_errno.o)
 .debug_info    0x00002668      0x21c c:/altera/13.0sp1/nios2eds/bin/gnu/h-i686-mingw32/bin/../lib/gcc/nios2-elf/4.1.2\libgcc.a(lib2-divmod.o)
 .debug_info    0x00002884      0x12e ../carole_bsp/\libhal_bsp.a(alt_load.o)
 .debug_info    0x000029b2      0x125 ../carole_bsp/\libhal_bsp.a(alt_main.o)
 .debug_info    0x00002ad7      0x179 ../carole_bsp/\libhal_bsp.a(alt_write.o)
 .debug_info    0x00002c50      0x153 ../carole_bsp/\libhal_bsp.a(alt_sys_init.o)
 .debug_info    0x00002da3      0x1be ../carole_bsp/\libhal_bsp.a(altera_avalon_uart_write.o)
 .debug_info    0x00002f61       0x9f ../carole_bsp/\libhal_bsp.a(alt_dcache_flush_all.o)
 .debug_info    0x00003000       0xab ../carole_bsp/\libhal_bsp.a(alt_errno.o)
 .debug_info    0x000030ab       0x8d ../carole_bsp/\libhal_bsp.a(alt_icache_flush_all.o)
 .debug_info    0x00003138       0x8d ../carole_bsp/\libhal_bsp.a(altera_nios2_qsys_irq.o)
 .debug_info    0x000031c5       0xd5 ../carole_bsp/\libhal_bsp.a(alt_icache_flush.o)

.debug_abbrev   0x00000000      0xfe2
 *(.debug_abbrev)
 .debug_abbrev  0x00000000       0x12 ../carole_bsp//obj/HAL/src/crt0.o
 .debug_abbrev  0x00000012       0x97 obj/default/hello_world_small.o
 .debug_abbrev  0x000000a9      0x179 c:/altera/13.0sp1/nios2eds/bin/gnu/h-i686-mingw32/bin/../lib/gcc/nios2-elf/4.1.2/../../../../nios2-elf/lib\libsmallc.a(lib_a-printf.o)
 .debug_abbrev  0x00000222      0x263 c:/altera/13.0sp1/nios2eds/bin/gnu/h-i686-mingw32/bin/../lib/gcc/nios2-elf/4.1.2/../../../../nios2-elf/lib\libsmallc.a(lib_a-vfprintf.o)
 .debug_abbrev  0x00000485      0x179 c:/altera/13.0sp1/nios2eds/bin/gnu/h-i686-mingw32/bin/../lib/gcc/nios2-elf/4.1.2/../../../../nios2-elf/lib\libsmallc.a(lib_a-fvwrite_small_dev.o)
 .debug_abbrev  0x000005fe      0x13f c:/altera/13.0sp1/nios2eds/bin/gnu/h-i686-mingw32/bin/../lib/gcc/nios2-elf/4.1.2/../../../../nios2-elf/lib\libsmallc.a(lib_a-impure.o)
 .debug_abbrev  0x0000073d       0x7a c:/altera/13.0sp1/nios2eds/bin/gnu/h-i686-mingw32/bin/../lib/gcc/nios2-elf/4.1.2/../../../../nios2-elf/lib\libsmallc.a(lib_a-strlen.o)
 .debug_abbrev  0x000007b7      0x16c c:/altera/13.0sp1/nios2eds/bin/gnu/h-i686-mingw32/bin/../lib/gcc/nios2-elf/4.1.2/../../../../nios2-elf/lib\libsmallc.a(lib_a-writer.o)
 .debug_abbrev  0x00000923       0x3b c:/altera/13.0sp1/nios2eds/bin/gnu/h-i686-mingw32/bin/../lib/gcc/nios2-elf/4.1.2/../../../../nios2-elf/lib\libsmallc.a(lib_a-int_errno.o)
 .debug_abbrev  0x0000095e       0xe0 c:/altera/13.0sp1/nios2eds/bin/gnu/h-i686-mingw32/bin/../lib/gcc/nios2-elf/4.1.2\libgcc.a(lib2-divmod.o)
 .debug_abbrev  0x00000a3e       0x97 ../carole_bsp/\libhal_bsp.a(alt_load.o)
 .debug_abbrev  0x00000ad5       0xa6 ../carole_bsp/\libhal_bsp.a(alt_main.o)
 .debug_abbrev  0x00000b7b       0xdd ../carole_bsp/\libhal_bsp.a(alt_write.o)
 .debug_abbrev  0x00000c58       0xdc ../carole_bsp/\libhal_bsp.a(alt_sys_init.o)
 .debug_abbrev  0x00000d34       0xf2 ../carole_bsp/\libhal_bsp.a(altera_avalon_uart_write.o)
 .debug_abbrev  0x00000e26       0x57 ../carole_bsp/\libhal_bsp.a(alt_dcache_flush_all.o)
 .debug_abbrev  0x00000e7d       0x5e ../carole_bsp/\libhal_bsp.a(alt_errno.o)
 .debug_abbrev  0x00000edb       0x3f ../carole_bsp/\libhal_bsp.a(alt_icache_flush_all.o)
 .debug_abbrev  0x00000f1a       0x3f ../carole_bsp/\libhal_bsp.a(altera_nios2_qsys_irq.o)
 .debug_abbrev  0x00000f59       0x89 ../carole_bsp/\libhal_bsp.a(alt_icache_flush.o)

.debug_line     0x00000000     0x2f7e
 *(.debug_line)
 .debug_line    0x00000000       0x72 ../carole_bsp//obj/HAL/src/crt0.o
 .debug_line    0x00000072      0x24e obj/default/hello_world_small.o
 .debug_line    0x000002c0      0x2bb c:/altera/13.0sp1/nios2eds/bin/gnu/h-i686-mingw32/bin/../lib/gcc/nios2-elf/4.1.2/../../../../nios2-elf/lib\libsmallc.a(lib_a-printf.o)
 .debug_line    0x0000057b      0x62c c:/altera/13.0sp1/nios2eds/bin/gnu/h-i686-mingw32/bin/../lib/gcc/nios2-elf/4.1.2/../../../../nios2-elf/lib\libsmallc.a(lib_a-vfprintf.o)
 .debug_line    0x00000ba7      0x2a6 c:/altera/13.0sp1/nios2eds/bin/gnu/h-i686-mingw32/bin/../lib/gcc/nios2-elf/4.1.2/../../../../nios2-elf/lib\libsmallc.a(lib_a-fvwrite_small_dev.o)
 .debug_line    0x00000e4d      0x22d c:/altera/13.0sp1/nios2eds/bin/gnu/h-i686-mingw32/bin/../lib/gcc/nios2-elf/4.1.2/../../../../nios2-elf/lib\libsmallc.a(lib_a-impure.o)
 .debug_line    0x0000107a      0x24d c:/altera/13.0sp1/nios2eds/bin/gnu/h-i686-mingw32/bin/../lib/gcc/nios2-elf/4.1.2/../../../../nios2-elf/lib\libsmallc.a(lib_a-strlen.o)
 .debug_line    0x000012c7      0x29a c:/altera/13.0sp1/nios2eds/bin/gnu/h-i686-mingw32/bin/../lib/gcc/nios2-elf/4.1.2/../../../../nios2-elf/lib\libsmallc.a(lib_a-writer.o)
 .debug_line    0x00001561      0x1df c:/altera/13.0sp1/nios2eds/bin/gnu/h-i686-mingw32/bin/../lib/gcc/nios2-elf/4.1.2/../../../../nios2-elf/lib\libsmallc.a(lib_a-int_errno.o)
 .debug_line    0x00001740      0x24f c:/altera/13.0sp1/nios2eds/bin/gnu/h-i686-mingw32/bin/../lib/gcc/nios2-elf/4.1.2\libgcc.a(lib2-divmod.o)
 .debug_line    0x0000198f      0x217 ../carole_bsp/\libhal_bsp.a(alt_load.o)
 .debug_line    0x00001ba6      0x2c2 ../carole_bsp/\libhal_bsp.a(alt_main.o)
 .debug_line    0x00001e68      0x2ab ../carole_bsp/\libhal_bsp.a(alt_write.o)
 .debug_line    0x00002113      0x266 ../carole_bsp/\libhal_bsp.a(alt_sys_init.o)
 .debug_line    0x00002379      0x31a ../carole_bsp/\libhal_bsp.a(altera_avalon_uart_write.o)
 .debug_line    0x00002693      0x1cd ../carole_bsp/\libhal_bsp.a(alt_dcache_flush_all.o)
 .debug_line    0x00002860      0x1aa ../carole_bsp/\libhal_bsp.a(alt_errno.o)
 .debug_line    0x00002a0a      0x1c5 ../carole_bsp/\libhal_bsp.a(alt_icache_flush_all.o)
 .debug_line    0x00002bcf      0x1ce ../carole_bsp/\libhal_bsp.a(altera_nios2_qsys_irq.o)
 .debug_line    0x00002d9d      0x1e1 ../carole_bsp/\libhal_bsp.a(alt_icache_flush.o)

.debug_frame    0x00000000      0x338
 *(.debug_frame)
 .debug_frame   0x00000000       0x3c obj/default/hello_world_small.o
 .debug_frame   0x0000003c       0x40 c:/altera/13.0sp1/nios2eds/bin/gnu/h-i686-mingw32/bin/../lib/gcc/nios2-elf/4.1.2/../../../../nios2-elf/lib\libsmallc.a(lib_a-printf.o)
 .debug_frame   0x0000007c       0x64 c:/altera/13.0sp1/nios2eds/bin/gnu/h-i686-mingw32/bin/../lib/gcc/nios2-elf/4.1.2/../../../../nios2-elf/lib\libsmallc.a(lib_a-vfprintf.o)
 .debug_frame   0x000000e0       0x30 c:/altera/13.0sp1/nios2eds/bin/gnu/h-i686-mingw32/bin/../lib/gcc/nios2-elf/4.1.2/../../../../nios2-elf/lib\libsmallc.a(lib_a-fvwrite_small_dev.o)
 .debug_frame   0x00000110       0x20 c:/altera/13.0sp1/nios2eds/bin/gnu/h-i686-mingw32/bin/../lib/gcc/nios2-elf/4.1.2/../../../../nios2-elf/lib\libsmallc.a(lib_a-strlen.o)
 .debug_frame   0x00000130       0x2c c:/altera/13.0sp1/nios2eds/bin/gnu/h-i686-mingw32/bin/../lib/gcc/nios2-elf/4.1.2/../../../../nios2-elf/lib\libsmallc.a(lib_a-writer.o)
 .debug_frame   0x0000015c       0x70 c:/altera/13.0sp1/nios2eds/bin/gnu/h-i686-mingw32/bin/../lib/gcc/nios2-elf/4.1.2\libgcc.a(lib2-divmod.o)
 .debug_frame   0x000001cc       0x38 ../carole_bsp/\libhal_bsp.a(alt_load.o)
 .debug_frame   0x00000204       0x28 ../carole_bsp/\libhal_bsp.a(alt_main.o)
 .debug_frame   0x0000022c       0x28 ../carole_bsp/\libhal_bsp.a(alt_write.o)
 .debug_frame   0x00000254       0x38 ../carole_bsp/\libhal_bsp.a(alt_sys_init.o)
 .debug_frame   0x0000028c       0x2c ../carole_bsp/\libhal_bsp.a(altera_avalon_uart_write.o)
 .debug_frame   0x000002b8       0x20 ../carole_bsp/\libhal_bsp.a(alt_dcache_flush_all.o)
 .debug_frame   0x000002d8       0x20 ../carole_bsp/\libhal_bsp.a(alt_icache_flush_all.o)
 .debug_frame   0x000002f8       0x20 ../carole_bsp/\libhal_bsp.a(altera_nios2_qsys_irq.o)
 .debug_frame   0x00000318       0x20 ../carole_bsp/\libhal_bsp.a(alt_icache_flush.o)

.debug_str      0x00000000      0xcde
 *(.debug_str)
 .debug_str     0x00000000       0xad obj/default/hello_world_small.o
                                 0xeb (size before relaxing)
 .debug_str     0x000000ad      0x395 c:/altera/13.0sp1/nios2eds/bin/gnu/h-i686-mingw32/bin/../lib/gcc/nios2-elf/4.1.2/../../../../nios2-elf/lib\libsmallc.a(lib_a-printf.o)
                                0x458 (size before relaxing)
 .debug_str     0x00000442      0x15f c:/altera/13.0sp1/nios2eds/bin/gnu/h-i686-mingw32/bin/../lib/gcc/nios2-elf/4.1.2/../../../../nios2-elf/lib\libsmallc.a(lib_a-vfprintf.o)
                                0x5a1 (size before relaxing)
 .debug_str     0x000005a1       0x6d c:/altera/13.0sp1/nios2eds/bin/gnu/h-i686-mingw32/bin/../lib/gcc/nios2-elf/4.1.2/../../../../nios2-elf/lib\libsmallc.a(lib_a-fvwrite_small_dev.o)
                                0x45c (size before relaxing)
 .debug_str     0x0000060e       0xea c:/altera/13.0sp1/nios2eds/bin/gnu/h-i686-mingw32/bin/../lib/gcc/nios2-elf/4.1.2/../../../../nios2-elf/lib\libsmallc.a(lib_a-impure.o)
                                0x44f (size before relaxing)
 .debug_str     0x000006f8       0xd4 c:/altera/13.0sp1/nios2eds/bin/gnu/h-i686-mingw32/bin/../lib/gcc/nios2-elf/4.1.2/../../../../nios2-elf/lib\libsmallc.a(lib_a-strlen.o)
                                0x176 (size before relaxing)
 .debug_str     0x000007cc       0x4c c:/altera/13.0sp1/nios2eds/bin/gnu/h-i686-mingw32/bin/../lib/gcc/nios2-elf/4.1.2/../../../../nios2-elf/lib\libsmallc.a(lib_a-writer.o)
                                0x443 (size before relaxing)
 .debug_str     0x00000818       0x3d c:/altera/13.0sp1/nios2eds/bin/gnu/h-i686-mingw32/bin/../lib/gcc/nios2-elf/4.1.2/../../../../nios2-elf/lib\libsmallc.a(lib_a-int_errno.o)
                                0x169 (size before relaxing)
 .debug_str     0x00000855      0x10b c:/altera/13.0sp1/nios2eds/bin/gnu/h-i686-mingw32/bin/../lib/gcc/nios2-elf/4.1.2\libgcc.a(lib2-divmod.o)
                                0x1b4 (size before relaxing)
 .debug_str     0x00000960      0x12c ../carole_bsp/\libhal_bsp.a(alt_load.o)
                                0x1c1 (size before relaxing)
 .debug_str     0x00000a8c       0x70 ../carole_bsp/\libhal_bsp.a(alt_main.o)
                                0x145 (size before relaxing)
 .debug_str     0x00000afc       0x4d ../carole_bsp/\libhal_bsp.a(alt_write.o)
                                0x166 (size before relaxing)
 .debug_str     0x00000b49       0x65 ../carole_bsp/\libhal_bsp.a(alt_sys_init.o)
                                0x187 (size before relaxing)
 .debug_str     0x00000bae       0x4d ../carole_bsp/\libhal_bsp.a(altera_avalon_uart_write.o)
                                0x1b1 (size before relaxing)
 .debug_str     0x00000bfb       0x34 ../carole_bsp/\libhal_bsp.a(alt_dcache_flush_all.o)
                                0x104 (size before relaxing)
 .debug_str     0x00000c2f       0x14 ../carole_bsp/\libhal_bsp.a(alt_errno.o)
                                 0xf4 (size before relaxing)
 .debug_str     0x00000c43       0x34 ../carole_bsp/\libhal_bsp.a(alt_icache_flush_all.o)
                                0x104 (size before relaxing)
 .debug_str     0x00000c77       0x3b ../carole_bsp/\libhal_bsp.a(altera_nios2_qsys_irq.o)
                                0x10b (size before relaxing)
 .debug_str     0x00000cb2       0x2c ../carole_bsp/\libhal_bsp.a(alt_icache_flush.o)
                                0x10a (size before relaxing)

.debug_loc      0x00000000      0xe1f
 *(.debug_loc)
 .debug_loc     0x00000000       0x6f obj/default/hello_world_small.o
 .debug_loc     0x0000006f       0x8d c:/altera/13.0sp1/nios2eds/bin/gnu/h-i686-mingw32/bin/../lib/gcc/nios2-elf/4.1.2/../../../../nios2-elf/lib\libsmallc.a(lib_a-printf.o)
 .debug_loc     0x000000fc      0x773 c:/altera/13.0sp1/nios2eds/bin/gnu/h-i686-mingw32/bin/../lib/gcc/nios2-elf/4.1.2/../../../../nios2-elf/lib\libsmallc.a(lib_a-vfprintf.o)
 .debug_loc     0x0000086f      0x162 c:/altera/13.0sp1/nios2eds/bin/gnu/h-i686-mingw32/bin/../lib/gcc/nios2-elf/4.1.2/../../../../nios2-elf/lib\libsmallc.a(lib_a-fvwrite_small_dev.o)
 .debug_loc     0x000009d1       0x1e c:/altera/13.0sp1/nios2eds/bin/gnu/h-i686-mingw32/bin/../lib/gcc/nios2-elf/4.1.2/../../../../nios2-elf/lib\libsmallc.a(lib_a-strlen.o)
 .debug_loc     0x000009ef       0x97 c:/altera/13.0sp1/nios2eds/bin/gnu/h-i686-mingw32/bin/../lib/gcc/nios2-elf/4.1.2/../../../../nios2-elf/lib\libsmallc.a(lib_a-writer.o)
 .debug_loc     0x00000a86      0x1d2 c:/altera/13.0sp1/nios2eds/bin/gnu/h-i686-mingw32/bin/../lib/gcc/nios2-elf/4.1.2\libgcc.a(lib2-divmod.o)
 .debug_loc     0x00000c58       0x1f ../carole_bsp/\libhal_bsp.a(alt_load.o)
 .debug_loc     0x00000c77       0x1f ../carole_bsp/\libhal_bsp.a(alt_main.o)
 .debug_loc     0x00000c96       0x9a ../carole_bsp/\libhal_bsp.a(alt_write.o)
 .debug_loc     0x00000d30       0x32 ../carole_bsp/\libhal_bsp.a(alt_sys_init.o)
 .debug_loc     0x00000d62       0xaa ../carole_bsp/\libhal_bsp.a(altera_avalon_uart_write.o)
 .debug_loc     0x00000e0c       0x13 ../carole_bsp/\libhal_bsp.a(alt_icache_flush.o)

.debug_macinfo
 *(.debug_macinfo)

.debug_weaknames
 *(.debug_weaknames)

.debug_funcnames
 *(.debug_funcnames)

.debug_typenames
 *(.debug_typenames)

.debug_varnames
 *(.debug_varnames)

.debug_alt_sim_info
                0x00000000       0x30
 *(.debug_alt_sim_info)
 .debug_alt_sim_info
                0x00000000       0x30 ../carole_bsp//obj/HAL/src/crt0.o
                0x00004000                __alt_data_end = 0x4000
                0x00004000                PROVIDE (__alt_stack_pointer, __alt_data_end)
                0x00002f48                PROVIDE (__alt_stack_limit, __alt_stack_base)
                0x00002f48                PROVIDE (__alt_heap_start, end)
                0x00004000                PROVIDE (__alt_heap_limit, 0x4000)
OUTPUT(carole.elf elf32-littlenios2)

.debug_ranges   0x00000000      0x160
 .debug_ranges  0x00000000       0x20 ../carole_bsp//obj/HAL/src/crt0.o
 .debug_ranges  0x00000020      0x140 c:/altera/13.0sp1/nios2eds/bin/gnu/h-i686-mingw32/bin/../lib/gcc/nios2-elf/4.1.2/../../../../nios2-elf/lib\libsmallc.a(lib_a-vfprintf.o)
