Archive member included because of file (symbol)

../gole_bsp/\libhal_bsp.a(alt_load.o)
                              ../gole_bsp//obj/HAL/src/crt0.o (alt_load)
../gole_bsp/\libhal_bsp.a(alt_main.o)
                              ../gole_bsp//obj/HAL/src/crt0.o (alt_main)
../gole_bsp/\libhal_bsp.a(alt_sys_init.o)
                              ../gole_bsp/\libhal_bsp.a(alt_main.o) (alt_sys_init)
../gole_bsp/\libhal_bsp.a(alt_dcache_flush_all.o)
                              ../gole_bsp/\libhal_bsp.a(alt_load.o) (alt_dcache_flush_all)
../gole_bsp/\libhal_bsp.a(alt_icache_flush_all.o)
                              ../gole_bsp/\libhal_bsp.a(alt_load.o) (alt_icache_flush_all)
../gole_bsp/\libhal_bsp.a(altera_nios2_qsys_irq.o)
                              ../gole_bsp/\libhal_bsp.a(alt_sys_init.o) (altera_nios2_qsys_irq_init)
../gole_bsp/\libhal_bsp.a(alt_icache_flush.o)
                              ../gole_bsp/\libhal_bsp.a(alt_icache_flush_all.o) (alt_icache_flush)

Memory Configuration

Name             Origin             Length             Attributes
reset            0x00002000         0x00000020
onchip_memory2_0 0x00002020         0x00001fe0
*default*        0x00000000         0xffffffff

Linker script and memory map

LOAD ../gole_bsp//obj/HAL/src/crt0.o
                0x0000201c                exit = _exit
LOAD obj/default/hello_world_small.o
LOAD c:/altera/13.0sp1/nios2eds/bin/gnu/h-i686-mingw32/bin/../lib/gcc/nios2-elf/4.1.2/../../../../nios2-elf/lib\libstdc++.a
LOAD c:/altera/13.0sp1/nios2eds/bin/gnu/h-i686-mingw32/bin/../lib/gcc/nios2-elf/4.1.2/../../../../nios2-elf/lib\libm.a
LOAD c:/altera/13.0sp1/nios2eds/bin/gnu/h-i686-mingw32/bin/../lib/gcc/nios2-elf/4.1.2\libgcc.a
START GROUP
LOAD c:/altera/13.0sp1/nios2eds/bin/gnu/h-i686-mingw32/bin/../lib/gcc/nios2-elf/4.1.2/../../../../nios2-elf/lib\libsmallc.a
LOAD c:/altera/13.0sp1/nios2eds/bin/gnu/h-i686-mingw32/bin/../lib/gcc/nios2-elf/4.1.2\libgcc.a
LOAD ../gole_bsp/\libhal_bsp.a
END GROUP
LOAD c:/altera/13.0sp1/nios2eds/bin/gnu/h-i686-mingw32/bin/../lib/gcc/nios2-elf/4.1.2\libgcc.a
                0x00002000                __alt_mem_onchip_memory2_0 = 0x2000

.entry          0x00002000       0x20
 *(.entry)
 .entry         0x00002000       0x20 ../gole_bsp//obj/HAL/src/crt0.o
                0x00002000                __reset
                0x0000201c                _exit

.exceptions     0x00002020        0x0
                0x00002020                PROVIDE (__ram_exceptions_start, ABSOLUTE (.))
                0x00002020                . = ALIGN (0x20)
 *(.irq)
 *(.exceptions.entry.label)
 *(.exceptions.entry.user)
 *(.exceptions.entry)
 *(.exceptions.irqtest.user)
 *(.exceptions.irqtest)
 *(.exceptions.irqhandler.user)
 *(.exceptions.irqhandler)
 *(.exceptions.irqreturn.user)
 *(.exceptions.irqreturn)
 *(.exceptions.notirq.label)
 *(.exceptions.notirq.user)
 *(.exceptions.notirq)
 *(.exceptions.soft.user)
 *(.exceptions.soft)
 *(.exceptions.unknown.user)
 *(.exceptions.unknown)
 *(.exceptions.exit.label)
 *(.exceptions.exit.user)
 *(.exceptions.exit)
 *(.exceptions)
                0x00002020                PROVIDE (__ram_exceptions_end, ABSOLUTE (.))
                0x00002020                PROVIDE (__flash_exceptions_start, LOADADDR (.exceptions))

.text           0x00002020      0x1b4
                0x00002020                PROVIDE (stext, ABSOLUTE (.))
 *(.interp)
 *(.hash)
 *(.dynsym)
 *(.dynstr)
 *(.gnu.version)
 *(.gnu.version_d)
 *(.gnu.version_r)
 *(.rel.init)
 *(.rela.init)
 *(.rel.text .rel.text.* .rel.gnu.linkonce.t.*)
 *(.rela.text .rela.text.* .rela.gnu.linkonce.t.*)
 *(.rel.fini)
 *(.rela.fini)
 *(.rel.rodata .rel.rodata.* .rel.gnu.linkonce.r.*)
 *(.rela.rodata .rela.rodata.* .rela.gnu.linkonce.r.*)
 *(.rel.data .rel.data.* .rel.gnu.linkonce.d.*)
 *(.rela.data .rela.data.* .rela.gnu.linkonce.d.*)
 *(.rel.tdata .rel.tdata.* .rel.gnu.linkonce.td.*)
 *(.rela.tdata .rela.tdata.* .rela.gnu.linkonce.td.*)
 *(.rel.tbss .rel.tbss.* .rel.gnu.linkonce.tb.*)
 *(.rela.tbss .rela.tbss.* .rela.gnu.linkonce.tb.*)
 *(.rel.ctors)
 *(.rela.ctors)
 *(.rel.dtors)
 *(.rela.dtors)
 *(.rel.got)
 *(.rela.got)
 *(.rel.sdata .rel.sdata.* .rel.gnu.linkonce.s.*)
 *(.rela.sdata .rela.sdata.* .rela.gnu.linkonce.s.*)
 *(.rel.sbss .rel.sbss.* .rel.gnu.linkonce.sb.*)
 *(.rela.sbss .rela.sbss.* .rela.gnu.linkonce.sb.*)
 *(.rel.sdata2 .rel.sdata2.* .rel.gnu.linkonce.s2.*)
 *(.rela.sdata2 .rela.sdata2.* .rela.gnu.linkonce.s2.*)
 *(.rel.sbss2 .rel.sbss2.* .rel.gnu.linkonce.sb2.*)
 *(.rela.sbss2 .rela.sbss2.* .rela.gnu.linkonce.sb2.*)
 *(.rel.bss .rel.bss.* .rel.gnu.linkonce.b.*)
 *(.rela.bss .rela.bss.* .rela.gnu.linkonce.b.*)
 *(.rel.plt)
 *(.rela.plt)
 *(.rel.dyn)
 *(.init)
 *(.plt)
 *(.text .stub .text.* .gnu.linkonce.t.*)
 .text          0x00002020       0x4c ../gole_bsp//obj/HAL/src/crt0.o
                0x00002020                _start
 .text          0x0000206c       0x28 obj/default/hello_world_small.o
                0x0000206c                main
 .text          0x00002094       0x8c ../gole_bsp/\libhal_bsp.a(alt_load.o)
                0x000020b4                alt_load
 .text          0x00002120       0x2c ../gole_bsp/\libhal_bsp.a(alt_main.o)
                0x00002120                alt_main
 .text          0x0000214c       0x24 ../gole_bsp/\libhal_bsp.a(alt_sys_init.o)
                0x0000214c                alt_sys_init
                0x00002150                alt_irq_init
 .text          0x00002170       0x18 ../gole_bsp/\libhal_bsp.a(alt_dcache_flush_all.o)
                0x00002170                alt_dcache_flush_all
 .text          0x00002188        0xc ../gole_bsp/\libhal_bsp.a(alt_icache_flush_all.o)
                0x00002188                alt_icache_flush_all
 .text          0x00002194        0x8 ../gole_bsp/\libhal_bsp.a(altera_nios2_qsys_irq.o)
                0x00002194                altera_nios2_qsys_irq_init
 .text          0x0000219c       0x38 ../gole_bsp/\libhal_bsp.a(alt_icache_flush.o)
                0x0000219c                alt_icache_flush
 *(.gnu.warning.*)
 *(.fini)
                0x000021d4                PROVIDE (__etext, ABSOLUTE (.))
                0x000021d4                PROVIDE (_etext, ABSOLUTE (.))
                0x000021d4                PROVIDE (etext, ABSOLUTE (.))
 *(.eh_frame_hdr)
                0x000021d4                . = ALIGN (0x4)
                0x000021d4                PROVIDE (__preinit_array_start, ABSOLUTE (.))
 *(.preinit_array)
                0x000021d4                PROVIDE (__preinit_array_end, ABSOLUTE (.))
                0x000021d4                PROVIDE (__init_array_start, ABSOLUTE (.))
 *(.init_array)
                0x000021d4                PROVIDE (__init_array_end, ABSOLUTE (.))
                0x000021d4                PROVIDE (__fini_array_start, ABSOLUTE (.))
 *(.fini_array)
                0x000021d4                PROVIDE (__fini_array_end, ABSOLUTE (.))
 *(.eh_frame)
 *(.gcc_except_table)
 *(.dynamic)
                0x000021d4                PROVIDE (__CTOR_LIST__, ABSOLUTE (.))
 *(.ctors)
 *(SORT(.ctors.*))
                0x000021d4                PROVIDE (__CTOR_END__, ABSOLUTE (.))
                0x000021d4                PROVIDE (__DTOR_LIST__, ABSOLUTE (.))
 *(.dtors)
 *(SORT(.dtors.*))
                0x000021d4                PROVIDE (__DTOR_END__, ABSOLUTE (.))
 *(.jcr)
                0x000021d4                . = ALIGN (0x4)

.rodata         0x000021d4        0x0
                0x000021d4                PROVIDE (__ram_rodata_start, ABSOLUTE (.))
                0x000021d4                . = ALIGN (0x4)
 *(.rodata .rodata.* .gnu.linkonce.r.*)
 *(.rodata1)
                0x000021d4                . = ALIGN (0x4)
                0x000021d4                PROVIDE (__ram_rodata_end, ABSOLUTE (.))
                0x000021d4                PROVIDE (__flash_rodata_start, LOADADDR (.rodata))

.rwdata         0x000021d4        0x4 load address 0x000021d8
                0x000021d4                PROVIDE (__ram_rwdata_start, ABSOLUTE (.))
                0x000021d4                . = ALIGN (0x4)
 *(.got.plt)
 *(.got)
 *(.data1)
 *(.data .data.* .gnu.linkonce.d.*)
 .data          0x000021d4        0x0 ../gole_bsp//obj/HAL/src/crt0.o
 .data          0x000021d4        0x0 obj/default/hello_world_small.o
 .data          0x000021d4        0x0 ../gole_bsp/\libhal_bsp.a(alt_load.o)
 .data          0x000021d4        0x0 ../gole_bsp/\libhal_bsp.a(alt_main.o)
 .data          0x000021d4        0x0 ../gole_bsp/\libhal_bsp.a(alt_sys_init.o)
 .data          0x000021d4        0x0 ../gole_bsp/\libhal_bsp.a(alt_dcache_flush_all.o)
 .data          0x000021d4        0x0 ../gole_bsp/\libhal_bsp.a(alt_icache_flush_all.o)
 .data          0x000021d4        0x0 ../gole_bsp/\libhal_bsp.a(altera_nios2_qsys_irq.o)
 .data          0x000021d4        0x0 ../gole_bsp/\libhal_bsp.a(alt_icache_flush.o)
                0x0000a1d4                _gp = ABSOLUTE ((. + 0x8000))
                0x0000a1d4                PROVIDE (gp, _gp)
 *(.rwdata .rwdata.*)
 *(.sdata .sdata.* .gnu.linkonce.s.*)
 .sdata         0x000021d4        0x4 ../gole_bsp/\libhal_bsp.a(alt_sys_init.o)
                0x000021d4                rs232
 *(.sdata2 .sdata2.* .gnu.linkonce.s2.*)
                0x000021d8                . = ALIGN (0x4)
                0x000021d8                _edata = ABSOLUTE (.)
                0x000021d8                PROVIDE (edata, ABSOLUTE (.))
                0x000021d8                PROVIDE (__ram_rwdata_end, ABSOLUTE (.))
                0x000021d8                PROVIDE (__flash_rwdata_start, LOADADDR (.rwdata))

.bss            0x000021dc        0xc
                0x000021dc                __bss_start = ABSOLUTE (.)
                0x000021dc                PROVIDE (__sbss_start, ABSOLUTE (.))
                0x000021dc                PROVIDE (___sbss_start, ABSOLUTE (.))
 *(.dynsbss)
 *(.sbss .sbss.* .gnu.linkonce.sb.*)
 .sbss          0x000021dc        0xc ../gole_bsp/\libhal_bsp.a(alt_main.o)
                0x000021dc                alt_argc
                0x000021e0                alt_argv
                0x000021e4                alt_envp
 *(.sbss2 .sbss2.* .gnu.linkonce.sb2.*)
 *(.scommon)
                0x000021e8                PROVIDE (__sbss_end, ABSOLUTE (.))
                0x000021e8                PROVIDE (___sbss_end, ABSOLUTE (.))
 *(.dynbss)
 *(.bss .bss.* .gnu.linkonce.b.*)
 .bss           0x000021e8        0x0 ../gole_bsp//obj/HAL/src/crt0.o
 .bss           0x000021e8        0x0 obj/default/hello_world_small.o
 .bss           0x000021e8        0x0 ../gole_bsp/\libhal_bsp.a(alt_load.o)
 .bss           0x000021e8        0x0 ../gole_bsp/\libhal_bsp.a(alt_main.o)
 .bss           0x000021e8        0x0 ../gole_bsp/\libhal_bsp.a(alt_sys_init.o)
 .bss           0x000021e8        0x0 ../gole_bsp/\libhal_bsp.a(alt_dcache_flush_all.o)
 .bss           0x000021e8        0x0 ../gole_bsp/\libhal_bsp.a(alt_icache_flush_all.o)
 .bss           0x000021e8        0x0 ../gole_bsp/\libhal_bsp.a(altera_nios2_qsys_irq.o)
 .bss           0x000021e8        0x0 ../gole_bsp/\libhal_bsp.a(alt_icache_flush.o)
 *(COMMON)
                0x000021e8                . = ALIGN (0x4)
                0x000021e8                __bss_end = ABSOLUTE (.)

.onchip_memory2_0
                0x000021e8        0x0
                0x000021e8                PROVIDE (_alt_partition_onchip_memory2_0_start, ABSOLUTE (.))
 *(.onchip_memory2_0. onchip_memory2_0.*)
                0x000021e8                . = ALIGN (0x4)
                0x000021e8                PROVIDE (_alt_partition_onchip_memory2_0_end, ABSOLUTE (.))
                0x000021e8                _end = ABSOLUTE (.)
                0x000021e8                end = ABSOLUTE (.)
                0x000021e8                __alt_stack_base = ABSOLUTE (.)
                0x000021e8                PROVIDE (_alt_partition_onchip_memory2_0_load_addr, LOADADDR (.onchip_memory2_0))

.stab
 *(.stab)

.stabstr
 *(.stabstr)

.stab.excl
 *(.stab.excl)

.stab.exclstr
 *(.stab.exclstr)

.stab.index
 *(.stab.index)

.stab.indexstr
 *(.stab.indexstr)

.comment        0x00000000       0x26
 *(.comment)
 .comment       0x00000000       0x26 obj/default/hello_world_small.o
                                 0x27 (size before relaxing)
 .comment       0x00000000       0x27 ../gole_bsp/\libhal_bsp.a(alt_load.o)
 .comment       0x00000000       0x27 ../gole_bsp/\libhal_bsp.a(alt_main.o)
 .comment       0x00000000       0x27 ../gole_bsp/\libhal_bsp.a(alt_sys_init.o)
 .comment       0x00000000       0x27 ../gole_bsp/\libhal_bsp.a(alt_dcache_flush_all.o)
 .comment       0x00000000       0x27 ../gole_bsp/\libhal_bsp.a(alt_icache_flush_all.o)
 .comment       0x00000000       0x27 ../gole_bsp/\libhal_bsp.a(altera_nios2_qsys_irq.o)
 .comment       0x00000000       0x27 ../gole_bsp/\libhal_bsp.a(alt_icache_flush.o)

.debug
 *(.debug)

.line
 *(.line)

.debug_srcinfo
 *(.debug_srcinfo)

.debug_sfnames
 *(.debug_sfnames)

.debug_aranges  0x00000000      0x128
 *(.debug_aranges)
 .debug_aranges
                0x00000000       0x28 ../gole_bsp//obj/HAL/src/crt0.o
 .debug_aranges
                0x00000028       0x20 obj/default/hello_world_small.o
 .debug_aranges
                0x00000048       0x20 ../gole_bsp/\libhal_bsp.a(alt_load.o)
 .debug_aranges
                0x00000068       0x20 ../gole_bsp/\libhal_bsp.a(alt_main.o)
 .debug_aranges
                0x00000088       0x20 ../gole_bsp/\libhal_bsp.a(alt_sys_init.o)
 .debug_aranges
                0x000000a8       0x20 ../gole_bsp/\libhal_bsp.a(alt_dcache_flush_all.o)
 .debug_aranges
                0x000000c8       0x20 ../gole_bsp/\libhal_bsp.a(alt_icache_flush_all.o)
 .debug_aranges
                0x000000e8       0x20 ../gole_bsp/\libhal_bsp.a(altera_nios2_qsys_irq.o)
 .debug_aranges
                0x00000108       0x20 ../gole_bsp/\libhal_bsp.a(alt_icache_flush.o)

.debug_pubnames
                0x00000000      0x16c
 *(.debug_pubnames)
 .debug_pubnames
                0x00000000       0x1b obj/default/hello_world_small.o
 .debug_pubnames
                0x0000001b       0x1f ../gole_bsp/\libhal_bsp.a(alt_load.o)
 .debug_pubnames
                0x0000003a       0x46 ../gole_bsp/\libhal_bsp.a(alt_main.o)
 .debug_pubnames
                0x00000080       0x3e ../gole_bsp/\libhal_bsp.a(alt_sys_init.o)
 .debug_pubnames
                0x000000be       0x2b ../gole_bsp/\libhal_bsp.a(alt_dcache_flush_all.o)
 .debug_pubnames
                0x000000e9       0x2b ../gole_bsp/\libhal_bsp.a(alt_icache_flush_all.o)
 .debug_pubnames
                0x00000114       0x31 ../gole_bsp/\libhal_bsp.a(altera_nios2_qsys_irq.o)
 .debug_pubnames
                0x00000145       0x27 ../gole_bsp/\libhal_bsp.a(alt_icache_flush.o)

.debug_info     0x00000000      0x73e
 *(.debug_info .gnu.linkonce.wi.*)
 .debug_info    0x00000000       0x6a ../gole_bsp//obj/HAL/src/crt0.o
 .debug_info    0x0000006a       0xa0 obj/default/hello_world_small.o
 .debug_info    0x0000010a      0x12e ../gole_bsp/\libhal_bsp.a(alt_load.o)
 .debug_info    0x00000238      0x125 ../gole_bsp/\libhal_bsp.a(alt_main.o)
 .debug_info    0x0000035d      0x153 ../gole_bsp/\libhal_bsp.a(alt_sys_init.o)
 .debug_info    0x000004b0       0x9f ../gole_bsp/\libhal_bsp.a(alt_dcache_flush_all.o)
 .debug_info    0x0000054f       0x8d ../gole_bsp/\libhal_bsp.a(alt_icache_flush_all.o)
 .debug_info    0x000005dc       0x8d ../gole_bsp/\libhal_bsp.a(altera_nios2_qsys_irq.o)
 .debug_info    0x00000669       0xd5 ../gole_bsp/\libhal_bsp.a(alt_icache_flush.o)

.debug_abbrev   0x00000000      0x3d7
 *(.debug_abbrev)
 .debug_abbrev  0x00000000       0x12 ../gole_bsp//obj/HAL/src/crt0.o
 .debug_abbrev  0x00000012       0x4e obj/default/hello_world_small.o
 .debug_abbrev  0x00000060       0x97 ../gole_bsp/\libhal_bsp.a(alt_load.o)
 .debug_abbrev  0x000000f7       0xa6 ../gole_bsp/\libhal_bsp.a(alt_main.o)
 .debug_abbrev  0x0000019d       0xdc ../gole_bsp/\libhal_bsp.a(alt_sys_init.o)
 .debug_abbrev  0x00000279       0x57 ../gole_bsp/\libhal_bsp.a(alt_dcache_flush_all.o)
 .debug_abbrev  0x000002d0       0x3f ../gole_bsp/\libhal_bsp.a(alt_icache_flush_all.o)
 .debug_abbrev  0x0000030f       0x3f ../gole_bsp/\libhal_bsp.a(altera_nios2_qsys_irq.o)
 .debug_abbrev  0x0000034e       0x89 ../gole_bsp/\libhal_bsp.a(alt_icache_flush.o)

.debug_line     0x00000000     0x10f6
 *(.debug_line)
 .debug_line    0x00000000       0x72 ../gole_bsp//obj/HAL/src/crt0.o
 .debug_line    0x00000072      0x204 obj/default/hello_world_small.o
 .debug_line    0x00000276      0x217 ../gole_bsp/\libhal_bsp.a(alt_load.o)
 .debug_line    0x0000048d      0x2c2 ../gole_bsp/\libhal_bsp.a(alt_main.o)
 .debug_line    0x0000074f      0x266 ../gole_bsp/\libhal_bsp.a(alt_sys_init.o)
 .debug_line    0x000009b5      0x1cd ../gole_bsp/\libhal_bsp.a(alt_dcache_flush_all.o)
 .debug_line    0x00000b82      0x1c5 ../gole_bsp/\libhal_bsp.a(alt_icache_flush_all.o)
 .debug_line    0x00000d47      0x1ce ../gole_bsp/\libhal_bsp.a(altera_nios2_qsys_irq.o)
 .debug_line    0x00000f15      0x1e1 ../gole_bsp/\libhal_bsp.a(alt_icache_flush.o)

.debug_frame    0x00000000      0x140
 *(.debug_frame)
 .debug_frame   0x00000000       0x28 obj/default/hello_world_small.o
 .debug_frame   0x00000028       0x38 ../gole_bsp/\libhal_bsp.a(alt_load.o)
 .debug_frame   0x00000060       0x28 ../gole_bsp/\libhal_bsp.a(alt_main.o)
 .debug_frame   0x00000088       0x38 ../gole_bsp/\libhal_bsp.a(alt_sys_init.o)
 .debug_frame   0x000000c0       0x20 ../gole_bsp/\libhal_bsp.a(alt_dcache_flush_all.o)
 .debug_frame   0x000000e0       0x20 ../gole_bsp/\libhal_bsp.a(alt_icache_flush_all.o)
 .debug_frame   0x00000100       0x20 ../gole_bsp/\libhal_bsp.a(altera_nios2_qsys_irq.o)
 .debug_frame   0x00000120       0x20 ../gole_bsp/\libhal_bsp.a(alt_icache_flush.o)

.debug_str      0x00000000      0x3a0
 *(.debug_str)
 .debug_str     0x00000000       0xac obj/default/hello_world_small.o
                                 0xea (size before relaxing)
 .debug_str     0x000000ac      0x12a ../gole_bsp/\libhal_bsp.a(alt_load.o)
                                0x1bf (size before relaxing)
 .debug_str     0x000001d6       0x75 ../gole_bsp/\libhal_bsp.a(alt_main.o)
                                0x143 (size before relaxing)
 .debug_str     0x0000024b       0x86 ../gole_bsp/\libhal_bsp.a(alt_sys_init.o)
                                0x185 (size before relaxing)
 .debug_str     0x000002d1       0x34 ../gole_bsp/\libhal_bsp.a(alt_dcache_flush_all.o)
                                0x102 (size before relaxing)
 .debug_str     0x00000305       0x34 ../gole_bsp/\libhal_bsp.a(alt_icache_flush_all.o)
                                0x102 (size before relaxing)
 .debug_str     0x00000339       0x3b ../gole_bsp/\libhal_bsp.a(altera_nios2_qsys_irq.o)
                                0x109 (size before relaxing)
 .debug_str     0x00000374       0x2c ../gole_bsp/\libhal_bsp.a(alt_icache_flush.o)
                                0x108 (size before relaxing)

.debug_loc      0x00000000       0xa2
 *(.debug_loc)
 .debug_loc     0x00000000       0x1f obj/default/hello_world_small.o
 .debug_loc     0x0000001f       0x1f ../gole_bsp/\libhal_bsp.a(alt_load.o)
 .debug_loc     0x0000003e       0x1f ../gole_bsp/\libhal_bsp.a(alt_main.o)
 .debug_loc     0x0000005d       0x32 ../gole_bsp/\libhal_bsp.a(alt_sys_init.o)
 .debug_loc     0x0000008f       0x13 ../gole_bsp/\libhal_bsp.a(alt_icache_flush.o)

.debug_macinfo
 *(.debug_macinfo)

.debug_weaknames
 *(.debug_weaknames)

.debug_funcnames
 *(.debug_funcnames)

.debug_typenames
 *(.debug_typenames)

.debug_varnames
 *(.debug_varnames)

.debug_alt_sim_info
                0x00000000       0x30
 *(.debug_alt_sim_info)
 .debug_alt_sim_info
                0x00000000       0x30 ../gole_bsp//obj/HAL/src/crt0.o
                0x00004000                __alt_data_end = 0x4000
                0x00004000                PROVIDE (__alt_stack_pointer, __alt_data_end)
                0x000021e8                PROVIDE (__alt_stack_limit, __alt_stack_base)
                0x000021e8                PROVIDE (__alt_heap_start, end)
                0x00004000                PROVIDE (__alt_heap_limit, 0x4000)
OUTPUT(gole.elf elf32-littlenios2)

.debug_ranges   0x00000000       0x20
 .debug_ranges  0x00000000       0x20 ../gole_bsp//obj/HAL/src/crt0.o
