Archive member included because of file (symbol)

c:/altera/13.0sp1/nios2eds/bin/gnu/h-i686-mingw32/bin/../lib/gcc/nios2-elf/4.1.2/../../../../nios2-elf/lib\libsmallc.a(lib_a-printf.o)
                              obj/default/hello_world_small.o (printf)
c:/altera/13.0sp1/nios2eds/bin/gnu/h-i686-mingw32/bin/../lib/gcc/nios2-elf/4.1.2/../../../../nios2-elf/lib\libsmallc.a(lib_a-vfprintf.o)
                              c:/altera/13.0sp1/nios2eds/bin/gnu/h-i686-mingw32/bin/../lib/gcc/nios2-elf/4.1.2/../../../../nios2-elf/lib\libsmallc.a(lib_a-printf.o) (___vfprintf_internal_r)
c:/altera/13.0sp1/nios2eds/bin/gnu/h-i686-mingw32/bin/../lib/gcc/nios2-elf/4.1.2/../../../../nios2-elf/lib\libsmallc.a(lib_a-fvwrite_small_dev.o)
                              c:/altera/13.0sp1/nios2eds/bin/gnu/h-i686-mingw32/bin/../lib/gcc/nios2-elf/4.1.2/../../../../nios2-elf/lib\libsmallc.a(lib_a-printf.o) (__sfvwrite_small_dev)
c:/altera/13.0sp1/nios2eds/bin/gnu/h-i686-mingw32/bin/../lib/gcc/nios2-elf/4.1.2/../../../../nios2-elf/lib\libsmallc.a(lib_a-impure.o)
                              c:/altera/13.0sp1/nios2eds/bin/gnu/h-i686-mingw32/bin/../lib/gcc/nios2-elf/4.1.2/../../../../nios2-elf/lib\libsmallc.a(lib_a-printf.o) (_impure_ptr)
c:/altera/13.0sp1/nios2eds/bin/gnu/h-i686-mingw32/bin/../lib/gcc/nios2-elf/4.1.2/../../../../nios2-elf/lib\libsmallc.a(lib_a-strlen.o)
                              c:/altera/13.0sp1/nios2eds/bin/gnu/h-i686-mingw32/bin/../lib/gcc/nios2-elf/4.1.2/../../../../nios2-elf/lib\libsmallc.a(lib_a-vfprintf.o) (strlen)
c:/altera/13.0sp1/nios2eds/bin/gnu/h-i686-mingw32/bin/../lib/gcc/nios2-elf/4.1.2/../../../../nios2-elf/lib\libsmallc.a(lib_a-writer.o)
                              c:/altera/13.0sp1/nios2eds/bin/gnu/h-i686-mingw32/bin/../lib/gcc/nios2-elf/4.1.2/../../../../nios2-elf/lib\libsmallc.a(lib_a-fvwrite_small_dev.o) (_write_r)
c:/altera/13.0sp1/nios2eds/bin/gnu/h-i686-mingw32/bin/../lib/gcc/nios2-elf/4.1.2/../../../../nios2-elf/lib\libsmallc.a(lib_a-int_errno.o)
                              c:/altera/13.0sp1/nios2eds/bin/gnu/h-i686-mingw32/bin/../lib/gcc/nios2-elf/4.1.2/../../../../nios2-elf/lib\libsmallc.a(lib_a-writer.o) (errno)
c:/altera/13.0sp1/nios2eds/bin/gnu/h-i686-mingw32/bin/../lib/gcc/nios2-elf/4.1.2\libgcc.a(lib2-divmod.o)
                              c:/altera/13.0sp1/nios2eds/bin/gnu/h-i686-mingw32/bin/../lib/gcc/nios2-elf/4.1.2/../../../../nios2-elf/lib\libsmallc.a(lib_a-vfprintf.o) (__udivsi3)
../nios_bsp/\libhal_bsp.a(alt_load.o)
                              ../nios_bsp//obj/HAL/src/crt0.o (alt_load)
../nios_bsp/\libhal_bsp.a(alt_main.o)
                              ../nios_bsp//obj/HAL/src/crt0.o (alt_main)
../nios_bsp/\libhal_bsp.a(alt_printf.o)
                              obj/default/hello_world_small.o (alt_printf)
../nios_bsp/\libhal_bsp.a(alt_putchar.o)
                              ../nios_bsp/\libhal_bsp.a(alt_printf.o) (alt_putchar)
../nios_bsp/\libhal_bsp.a(alt_write.o)
                              c:/altera/13.0sp1/nios2eds/bin/gnu/h-i686-mingw32/bin/../lib/gcc/nios2-elf/4.1.2/../../../../nios2-elf/lib\libsmallc.a(lib_a-writer.o) (write)
../nios_bsp/\libhal_bsp.a(alt_sys_init.o)
                              ../nios_bsp/\libhal_bsp.a(alt_main.o) (alt_sys_init)
../nios_bsp/\libhal_bsp.a(altera_avalon_uart_write.o)
                              ../nios_bsp/\libhal_bsp.a(alt_putchar.o) (altera_avalon_uart_write)
../nios_bsp/\libhal_bsp.a(alt_dcache_flush_all.o)
                              ../nios_bsp/\libhal_bsp.a(alt_load.o) (alt_dcache_flush_all)
../nios_bsp/\libhal_bsp.a(alt_errno.o)
                              ../nios_bsp/\libhal_bsp.a(alt_write.o) (alt_errno)
../nios_bsp/\libhal_bsp.a(alt_icache_flush_all.o)
                              ../nios_bsp/\libhal_bsp.a(alt_load.o) (alt_icache_flush_all)
../nios_bsp/\libhal_bsp.a(altera_nios2_qsys_irq.o)
                              ../nios_bsp/\libhal_bsp.a(alt_sys_init.o) (altera_nios2_qsys_irq_init)
../nios_bsp/\libhal_bsp.a(alt_icache_flush.o)
                              ../nios_bsp/\libhal_bsp.a(alt_icache_flush_all.o) (alt_icache_flush)

Allocating common symbols
Common symbol       size              file

errno               0x4               c:/altera/13.0sp1/nios2eds/bin/gnu/h-i686-mingw32/bin/../lib/gcc/nios2-elf/4.1.2/../../../../nios2-elf/lib\libsmallc.a(lib_a-int_errno.o)

Memory Configuration

Name             Origin             Length             Attributes
reset            0x00002000         0x00000020
onchip_memory2_0 0x00002020         0x00001fe0
*default*        0x00000000         0xffffffff

Linker script and memory map

LOAD ../nios_bsp//obj/HAL/src/crt0.o
                0x0000201c                exit = _exit
LOAD obj/default/hello_world_small.o
LOAD c:/altera/13.0sp1/nios2eds/bin/gnu/h-i686-mingw32/bin/../lib/gcc/nios2-elf/4.1.2/../../../../nios2-elf/lib\libstdc++.a
LOAD c:/altera/13.0sp1/nios2eds/bin/gnu/h-i686-mingw32/bin/../lib/gcc/nios2-elf/4.1.2/../../../../nios2-elf/lib\libm.a
LOAD c:/altera/13.0sp1/nios2eds/bin/gnu/h-i686-mingw32/bin/../lib/gcc/nios2-elf/4.1.2\libgcc.a
START GROUP
LOAD c:/altera/13.0sp1/nios2eds/bin/gnu/h-i686-mingw32/bin/../lib/gcc/nios2-elf/4.1.2/../../../../nios2-elf/lib\libsmallc.a
LOAD c:/altera/13.0sp1/nios2eds/bin/gnu/h-i686-mingw32/bin/../lib/gcc/nios2-elf/4.1.2\libgcc.a
LOAD ../nios_bsp/\libhal_bsp.a
END GROUP
LOAD c:/altera/13.0sp1/nios2eds/bin/gnu/h-i686-mingw32/bin/../lib/gcc/nios2-elf/4.1.2\libgcc.a
                0x00002000                __alt_mem_onchip_memory2_0 = 0x2000

.entry          0x00002000       0x20
 *(.entry)
 .entry         0x00002000       0x20 ../nios_bsp//obj/HAL/src/crt0.o
                0x00002000                __reset
                0x0000201c                _exit

.exceptions     0x00002020        0x0
                0x00002020                PROVIDE (__ram_exceptions_start, ABSOLUTE (.))
                0x00002020                . = ALIGN (0x20)
 *(.irq)
 *(.exceptions.entry.label)
 *(.exceptions.entry.user)
 *(.exceptions.entry)
 *(.exceptions.irqtest.user)
 *(.exceptions.irqtest)
 *(.exceptions.irqhandler.user)
 *(.exceptions.irqhandler)
 *(.exceptions.irqreturn.user)
 *(.exceptions.irqreturn)
 *(.exceptions.notirq.label)
 *(.exceptions.notirq.user)
 *(.exceptions.notirq)
 *(.exceptions.soft.user)
 *(.exceptions.soft)
 *(.exceptions.unknown.user)
 *(.exceptions.unknown)
 *(.exceptions.exit.label)
 *(.exceptions.exit.user)
 *(.exceptions.exit)
 *(.exceptions)
                0x00002020                PROVIDE (__ram_exceptions_end, ABSOLUTE (.))
                0x00002020                PROVIDE (__flash_exceptions_start, LOADADDR (.exceptions))

.text           0x00002020      0xff8
                0x00002020                PROVIDE (stext, ABSOLUTE (.))
 *(.interp)
 *(.hash)
 *(.dynsym)
 *(.dynstr)
 *(.gnu.version)
 *(.gnu.version_d)
 *(.gnu.version_r)
 *(.rel.init)
 *(.rela.init)
 *(.rel.text .rel.text.* .rel.gnu.linkonce.t.*)
 *(.rela.text .rela.text.* .rela.gnu.linkonce.t.*)
 *(.rel.fini)
 *(.rela.fini)
 *(.rel.rodata .rel.rodata.* .rel.gnu.linkonce.r.*)
 *(.rela.rodata .rela.rodata.* .rela.gnu.linkonce.r.*)
 *(.rel.data .rel.data.* .rel.gnu.linkonce.d.*)
 *(.rela.data .rela.data.* .rela.gnu.linkonce.d.*)
 *(.rel.tdata .rel.tdata.* .rel.gnu.linkonce.td.*)
 *(.rela.tdata .rela.tdata.* .rela.gnu.linkonce.td.*)
 *(.rel.tbss .rel.tbss.* .rel.gnu.linkonce.tb.*)
 *(.rela.tbss .rela.tbss.* .rela.gnu.linkonce.tb.*)
 *(.rel.ctors)
 *(.rela.ctors)
 *(.rel.dtors)
 *(.rela.dtors)
 *(.rel.got)
 *(.rela.got)
 *(.rel.sdata .rel.sdata.* .rel.gnu.linkonce.s.*)
 *(.rela.sdata .rela.sdata.* .rela.gnu.linkonce.s.*)
 *(.rel.sbss .rel.sbss.* .rel.gnu.linkonce.sb.*)
 *(.rela.sbss .rela.sbss.* .rela.gnu.linkonce.sb.*)
 *(.rel.sdata2 .rel.sdata2.* .rel.gnu.linkonce.s2.*)
 *(.rela.sdata2 .rela.sdata2.* .rela.gnu.linkonce.s2.*)
 *(.rel.sbss2 .rel.sbss2.* .rel.gnu.linkonce.sb2.*)
 *(.rela.sbss2 .rela.sbss2.* .rela.gnu.linkonce.sb2.*)
 *(.rel.bss .rel.bss.* .rel.gnu.linkonce.b.*)
 *(.rela.bss .rela.bss.* .rela.gnu.linkonce.b.*)
 *(.rel.plt)
 *(.rela.plt)
 *(.rel.dyn)
 *(.init)
 *(.plt)
 *(.text .stub .text.* .gnu.linkonce.t.*)
 .text          0x00002020       0x4c ../nios_bsp//obj/HAL/src/crt0.o
                0x00002020                _start
 .text          0x0000206c      0x1c0 obj/default/hello_world_small.o
                0x0000206c                delay
                0x000020a0                write_routine
                0x000020c4                read_routine
                0x00002124                main
                0x000021e8                ledDemo
 .text          0x0000222c       0x98 c:/altera/13.0sp1/nios2eds/bin/gnu/h-i686-mingw32/bin/../lib/gcc/nios2-elf/4.1.2/../../../../nios2-elf/lib\libsmallc.a(lib_a-printf.o)
                0x0000222c                printf
                0x00002280                _printf_r
 .text          0x000022c4      0x6d4 c:/altera/13.0sp1/nios2eds/bin/gnu/h-i686-mingw32/bin/../lib/gcc/nios2-elf/4.1.2/../../../../nios2-elf/lib\libsmallc.a(lib_a-vfprintf.o)
                0x00002344                ___vfprintf_internal_r
                0x00002974                __vfprintf_internal
 .text          0x00002998       0xbc c:/altera/13.0sp1/nios2eds/bin/gnu/h-i686-mingw32/bin/../lib/gcc/nios2-elf/4.1.2/../../../../nios2-elf/lib\libsmallc.a(lib_a-fvwrite_small_dev.o)
                0x00002998                __sfvwrite_small_dev
 .text          0x00002a54        0x0 c:/altera/13.0sp1/nios2eds/bin/gnu/h-i686-mingw32/bin/../lib/gcc/nios2-elf/4.1.2/../../../../nios2-elf/lib\libsmallc.a(lib_a-impure.o)
 .text          0x00002a54       0x20 c:/altera/13.0sp1/nios2eds/bin/gnu/h-i686-mingw32/bin/../lib/gcc/nios2-elf/4.1.2/../../../../nios2-elf/lib\libsmallc.a(lib_a-strlen.o)
                0x00002a54                strlen
 .text          0x00002a74       0x78 c:/altera/13.0sp1/nios2eds/bin/gnu/h-i686-mingw32/bin/../lib/gcc/nios2-elf/4.1.2/../../../../nios2-elf/lib\libsmallc.a(lib_a-writer.o)
                0x00002a74                _write_r
 .text          0x00002aec        0x0 c:/altera/13.0sp1/nios2eds/bin/gnu/h-i686-mingw32/bin/../lib/gcc/nios2-elf/4.1.2/../../../../nios2-elf/lib\libsmallc.a(lib_a-int_errno.o)
 .text          0x00002aec      0x14c c:/altera/13.0sp1/nios2eds/bin/gnu/h-i686-mingw32/bin/../lib/gcc/nios2-elf/4.1.2\libgcc.a(lib2-divmod.o)
                0x00002b68                __divsi3
                0x00002bc8                __modsi3
                0x00002c28                __udivsi3
                0x00002c30                __umodsi3
 .text          0x00002c38       0x8c ../nios_bsp/\libhal_bsp.a(alt_load.o)
                0x00002c58                alt_load
 .text          0x00002cc4       0x2c ../nios_bsp/\libhal_bsp.a(alt_main.o)
                0x00002cc4                alt_main
 .text          0x00002cf0      0x144 ../nios_bsp/\libhal_bsp.a(alt_printf.o)
                0x00002cf0                alt_printf
 .text          0x00002e34       0x50 ../nios_bsp/\libhal_bsp.a(alt_putchar.o)
                0x00002e34                alt_putchar
 .text          0x00002e84       0x78 ../nios_bsp/\libhal_bsp.a(alt_write.o)
                0x00002e84                write
 .text          0x00002efc       0x24 ../nios_bsp/\libhal_bsp.a(alt_sys_init.o)
                0x00002efc                alt_sys_init
                0x00002f00                alt_irq_init
 .text          0x00002f20       0x94 ../nios_bsp/\libhal_bsp.a(altera_avalon_uart_write.o)
                0x00002f20                altera_avalon_uart_write
 .text          0x00002fb4       0x18 ../nios_bsp/\libhal_bsp.a(alt_dcache_flush_all.o)
                0x00002fb4                alt_dcache_flush_all
 .text          0x00002fcc        0x0 ../nios_bsp/\libhal_bsp.a(alt_errno.o)
 .text          0x00002fcc        0xc ../nios_bsp/\libhal_bsp.a(alt_icache_flush_all.o)
                0x00002fcc                alt_icache_flush_all
 .text          0x00002fd8        0x8 ../nios_bsp/\libhal_bsp.a(altera_nios2_qsys_irq.o)
                0x00002fd8                altera_nios2_qsys_irq_init
 .text          0x00002fe0       0x38 ../nios_bsp/\libhal_bsp.a(alt_icache_flush.o)
                0x00002fe0                alt_icache_flush
 *(.gnu.warning.*)
 *(.fini)
                0x00003018                PROVIDE (__etext, ABSOLUTE (.))
                0x00003018                PROVIDE (_etext, ABSOLUTE (.))
                0x00003018                PROVIDE (etext, ABSOLUTE (.))
 *(.eh_frame_hdr)
                0x00003018                . = ALIGN (0x4)
                0x00003018                PROVIDE (__preinit_array_start, ABSOLUTE (.))
 *(.preinit_array)
                0x00003018                PROVIDE (__preinit_array_end, ABSOLUTE (.))
                0x00003018                PROVIDE (__init_array_start, ABSOLUTE (.))
 *(.init_array)
                0x00003018                PROVIDE (__init_array_end, ABSOLUTE (.))
                0x00003018                PROVIDE (__fini_array_start, ABSOLUTE (.))
 *(.fini_array)
                0x00003018                PROVIDE (__fini_array_end, ABSOLUTE (.))
 *(.eh_frame)
 *(.gcc_except_table)
 *(.dynamic)
                0x00003018                PROVIDE (__CTOR_LIST__, ABSOLUTE (.))
 *(.ctors)
 *(SORT(.ctors.*))
                0x00003018                PROVIDE (__CTOR_END__, ABSOLUTE (.))
                0x00003018                PROVIDE (__DTOR_LIST__, ABSOLUTE (.))
 *(.dtors)
 *(SORT(.dtors.*))
                0x00003018                PROVIDE (__DTOR_END__, ABSOLUTE (.))
 *(.jcr)
                0x00003018                . = ALIGN (0x4)

.rodata         0x00003018       0xe8
                0x00003018                PROVIDE (__ram_rodata_start, ABSOLUTE (.))
                0x00003018                . = ALIGN (0x4)
 *(.rodata .rodata.* .gnu.linkonce.r.*)
 .rodata.str1.4
                0x00003018       0xe8 obj/default/hello_world_small.o
 *(.rodata1)
                0x00003100                . = ALIGN (0x4)
                0x00003100                PROVIDE (__ram_rodata_end, ABSOLUTE (.))
                0x00003018                PROVIDE (__flash_rodata_start, LOADADDR (.rodata))

.rwdata         0x00003100       0xf0 load address 0x000031f0
                0x00003100                PROVIDE (__ram_rwdata_start, ABSOLUTE (.))
                0x00003100                . = ALIGN (0x4)
 *(.got.plt)
 *(.got)
 *(.data1)
 *(.data .data.* .gnu.linkonce.d.*)
 .data          0x00003100        0x0 ../nios_bsp//obj/HAL/src/crt0.o
 .data          0x00003100        0x0 obj/default/hello_world_small.o
 .data          0x00003100        0x0 c:/altera/13.0sp1/nios2eds/bin/gnu/h-i686-mingw32/bin/../lib/gcc/nios2-elf/4.1.2/../../../../nios2-elf/lib\libsmallc.a(lib_a-printf.o)
 .data          0x00003100        0x0 c:/altera/13.0sp1/nios2eds/bin/gnu/h-i686-mingw32/bin/../lib/gcc/nios2-elf/4.1.2/../../../../nios2-elf/lib\libsmallc.a(lib_a-vfprintf.o)
 .data          0x00003100        0x0 c:/altera/13.0sp1/nios2eds/bin/gnu/h-i686-mingw32/bin/../lib/gcc/nios2-elf/4.1.2/../../../../nios2-elf/lib\libsmallc.a(lib_a-fvwrite_small_dev.o)
 .data          0x00003100       0xe0 c:/altera/13.0sp1/nios2eds/bin/gnu/h-i686-mingw32/bin/../lib/gcc/nios2-elf/4.1.2/../../../../nios2-elf/lib\libsmallc.a(lib_a-impure.o)
 .data          0x000031e0        0x0 c:/altera/13.0sp1/nios2eds/bin/gnu/h-i686-mingw32/bin/../lib/gcc/nios2-elf/4.1.2/../../../../nios2-elf/lib\libsmallc.a(lib_a-strlen.o)
 .data          0x000031e0        0x0 c:/altera/13.0sp1/nios2eds/bin/gnu/h-i686-mingw32/bin/../lib/gcc/nios2-elf/4.1.2/../../../../nios2-elf/lib\libsmallc.a(lib_a-writer.o)
 .data          0x000031e0        0x0 c:/altera/13.0sp1/nios2eds/bin/gnu/h-i686-mingw32/bin/../lib/gcc/nios2-elf/4.1.2/../../../../nios2-elf/lib\libsmallc.a(lib_a-int_errno.o)
 .data          0x000031e0        0x0 c:/altera/13.0sp1/nios2eds/bin/gnu/h-i686-mingw32/bin/../lib/gcc/nios2-elf/4.1.2\libgcc.a(lib2-divmod.o)
 .data          0x000031e0        0x0 ../nios_bsp/\libhal_bsp.a(alt_load.o)
 .data          0x000031e0        0x0 ../nios_bsp/\libhal_bsp.a(alt_main.o)
 .data          0x000031e0        0x0 ../nios_bsp/\libhal_bsp.a(alt_printf.o)
 .data          0x000031e0        0x0 ../nios_bsp/\libhal_bsp.a(alt_putchar.o)
 .data          0x000031e0        0x0 ../nios_bsp/\libhal_bsp.a(alt_write.o)
 .data          0x000031e0        0x0 ../nios_bsp/\libhal_bsp.a(alt_sys_init.o)
 .data          0x000031e0        0x0 ../nios_bsp/\libhal_bsp.a(altera_avalon_uart_write.o)
 .data          0x000031e0        0x0 ../nios_bsp/\libhal_bsp.a(alt_dcache_flush_all.o)
 .data          0x000031e0        0x0 ../nios_bsp/\libhal_bsp.a(alt_errno.o)
 .data          0x000031e0        0x0 ../nios_bsp/\libhal_bsp.a(alt_icache_flush_all.o)
 .data          0x000031e0        0x0 ../nios_bsp/\libhal_bsp.a(altera_nios2_qsys_irq.o)
 .data          0x000031e0        0x0 ../nios_bsp/\libhal_bsp.a(alt_icache_flush.o)
                0x0000b1e0                _gp = ABSOLUTE ((. + 0x8000))
                0x0000b1e0                PROVIDE (gp, _gp)
 *(.rwdata .rwdata.*)
 *(.sdata .sdata.* .gnu.linkonce.s.*)
 .sdata         0x000031e0        0x8 c:/altera/13.0sp1/nios2eds/bin/gnu/h-i686-mingw32/bin/../lib/gcc/nios2-elf/4.1.2/../../../../nios2-elf/lib\libsmallc.a(lib_a-impure.o)
                0x000031e0                _impure_ptr
                0x000031e4                _global_impure_ptr
 .sdata         0x000031e8        0x4 ../nios_bsp/\libhal_bsp.a(alt_sys_init.o)
                0x000031e8                rs232
 .sdata         0x000031ec        0x4 ../nios_bsp/\libhal_bsp.a(alt_errno.o)
                0x000031ec                alt_errno
 *(.sdata2 .sdata2.* .gnu.linkonce.s2.*)
                0x000031f0                . = ALIGN (0x4)
                0x000031f0                _edata = ABSOLUTE (.)
                0x000031f0                PROVIDE (edata, ABSOLUTE (.))
                0x000031f0                PROVIDE (__ram_rwdata_end, ABSOLUTE (.))
                0x000031f0                PROVIDE (__flash_rwdata_start, LOADADDR (.rwdata))

.bss            0x000032e0       0x10
                0x000032e0                __bss_start = ABSOLUTE (.)
                0x000032e0                PROVIDE (__sbss_start, ABSOLUTE (.))
                0x000032e0                PROVIDE (___sbss_start, ABSOLUTE (.))
 *(.dynsbss)
 *(.sbss .sbss.* .gnu.linkonce.sb.*)
 .sbss          0x000032e0        0x4 c:/altera/13.0sp1/nios2eds/bin/gnu/h-i686-mingw32/bin/../lib/gcc/nios2-elf/4.1.2/../../../../nios2-elf/lib\libsmallc.a(lib_a-int_errno.o)
                0x000032e0                errno
 .sbss          0x000032e4        0xc ../nios_bsp/\libhal_bsp.a(alt_main.o)
                0x000032e4                alt_argc
                0x000032e8                alt_argv
                0x000032ec                alt_envp
 *(.sbss2 .sbss2.* .gnu.linkonce.sb2.*)
 *(.scommon)
                0x000032f0                PROVIDE (__sbss_end, ABSOLUTE (.))
                0x000032f0                PROVIDE (___sbss_end, ABSOLUTE (.))
 *(.dynbss)
 *(.bss .bss.* .gnu.linkonce.b.*)
 .bss           0x000032f0        0x0 ../nios_bsp//obj/HAL/src/crt0.o
 .bss           0x000032f0        0x0 obj/default/hello_world_small.o
 .bss           0x000032f0        0x0 c:/altera/13.0sp1/nios2eds/bin/gnu/h-i686-mingw32/bin/../lib/gcc/nios2-elf/4.1.2/../../../../nios2-elf/lib\libsmallc.a(lib_a-printf.o)
 .bss           0x000032f0        0x0 c:/altera/13.0sp1/nios2eds/bin/gnu/h-i686-mingw32/bin/../lib/gcc/nios2-elf/4.1.2/../../../../nios2-elf/lib\libsmallc.a(lib_a-vfprintf.o)
 .bss           0x000032f0        0x0 c:/altera/13.0sp1/nios2eds/bin/gnu/h-i686-mingw32/bin/../lib/gcc/nios2-elf/4.1.2/../../../../nios2-elf/lib\libsmallc.a(lib_a-fvwrite_small_dev.o)
 .bss           0x000032f0        0x0 c:/altera/13.0sp1/nios2eds/bin/gnu/h-i686-mingw32/bin/../lib/gcc/nios2-elf/4.1.2/../../../../nios2-elf/lib\libsmallc.a(lib_a-impure.o)
 .bss           0x000032f0        0x0 c:/altera/13.0sp1/nios2eds/bin/gnu/h-i686-mingw32/bin/../lib/gcc/nios2-elf/4.1.2/../../../../nios2-elf/lib\libsmallc.a(lib_a-strlen.o)
 .bss           0x000032f0        0x0 c:/altera/13.0sp1/nios2eds/bin/gnu/h-i686-mingw32/bin/../lib/gcc/nios2-elf/4.1.2/../../../../nios2-elf/lib\libsmallc.a(lib_a-writer.o)
 .bss           0x000032f0        0x0 c:/altera/13.0sp1/nios2eds/bin/gnu/h-i686-mingw32/bin/../lib/gcc/nios2-elf/4.1.2/../../../../nios2-elf/lib\libsmallc.a(lib_a-int_errno.o)
 .bss           0x000032f0        0x0 c:/altera/13.0sp1/nios2eds/bin/gnu/h-i686-mingw32/bin/../lib/gcc/nios2-elf/4.1.2\libgcc.a(lib2-divmod.o)
 .bss           0x000032f0        0x0 ../nios_bsp/\libhal_bsp.a(alt_load.o)
 .bss           0x000032f0        0x0 ../nios_bsp/\libhal_bsp.a(alt_main.o)
 .bss           0x000032f0        0x0 ../nios_bsp/\libhal_bsp.a(alt_printf.o)
 .bss           0x000032f0        0x0 ../nios_bsp/\libhal_bsp.a(alt_putchar.o)
 .bss           0x000032f0        0x0 ../nios_bsp/\libhal_bsp.a(alt_write.o)
 .bss           0x000032f0        0x0 ../nios_bsp/\libhal_bsp.a(alt_sys_init.o)
 .bss           0x000032f0        0x0 ../nios_bsp/\libhal_bsp.a(altera_avalon_uart_write.o)
 .bss           0x000032f0        0x0 ../nios_bsp/\libhal_bsp.a(alt_dcache_flush_all.o)
 .bss           0x000032f0        0x0 ../nios_bsp/\libhal_bsp.a(alt_errno.o)
 .bss           0x000032f0        0x0 ../nios_bsp/\libhal_bsp.a(alt_icache_flush_all.o)
 .bss           0x000032f0        0x0 ../nios_bsp/\libhal_bsp.a(altera_nios2_qsys_irq.o)
 .bss           0x000032f0        0x0 ../nios_bsp/\libhal_bsp.a(alt_icache_flush.o)
 *(COMMON)
                0x000032f0                . = ALIGN (0x4)
                0x000032f0                __bss_end = ABSOLUTE (.)

.onchip_memory2_0
                0x000032f0        0x0
                0x000032f0                PROVIDE (_alt_partition_onchip_memory2_0_start, ABSOLUTE (.))
 *(.onchip_memory2_0. onchip_memory2_0.*)
                0x000032f0                . = ALIGN (0x4)
                0x000032f0                PROVIDE (_alt_partition_onchip_memory2_0_end, ABSOLUTE (.))
                0x000032f0                _end = ABSOLUTE (.)
                0x000032f0                end = ABSOLUTE (.)
                0x000032f0                __alt_stack_base = ABSOLUTE (.)
                0x000032f0                PROVIDE (_alt_partition_onchip_memory2_0_load_addr, LOADADDR (.onchip_memory2_0))

.stab
 *(.stab)

.stabstr
 *(.stabstr)

.stab.excl
 *(.stab.excl)

.stab.exclstr
 *(.stab.exclstr)

.stab.index
 *(.stab.index)

.stab.indexstr
 *(.stab.indexstr)

.comment        0x00000000       0x26
 *(.comment)
 .comment       0x00000000       0x26 obj/default/hello_world_small.o
                                 0x27 (size before relaxing)
 .comment       0x00000000       0x27 c:/altera/13.0sp1/nios2eds/bin/gnu/h-i686-mingw32/bin/../lib/gcc/nios2-elf/4.1.2/../../../../nios2-elf/lib\libsmallc.a(lib_a-printf.o)
 .comment       0x00000000       0x27 c:/altera/13.0sp1/nios2eds/bin/gnu/h-i686-mingw32/bin/../lib/gcc/nios2-elf/4.1.2/../../../../nios2-elf/lib\libsmallc.a(lib_a-vfprintf.o)
 .comment       0x00000000       0x27 c:/altera/13.0sp1/nios2eds/bin/gnu/h-i686-mingw32/bin/../lib/gcc/nios2-elf/4.1.2/../../../../nios2-elf/lib\libsmallc.a(lib_a-fvwrite_small_dev.o)
 .comment       0x00000000       0x27 c:/altera/13.0sp1/nios2eds/bin/gnu/h-i686-mingw32/bin/../lib/gcc/nios2-elf/4.1.2/../../../../nios2-elf/lib\libsmallc.a(lib_a-impure.o)
 .comment       0x00000000       0x27 c:/altera/13.0sp1/nios2eds/bin/gnu/h-i686-mingw32/bin/../lib/gcc/nios2-elf/4.1.2/../../../../nios2-elf/lib\libsmallc.a(lib_a-strlen.o)
 .comment       0x00000000       0x27 c:/altera/13.0sp1/nios2eds/bin/gnu/h-i686-mingw32/bin/../lib/gcc/nios2-elf/4.1.2/../../../../nios2-elf/lib\libsmallc.a(lib_a-writer.o)
 .comment       0x00000000       0x27 c:/altera/13.0sp1/nios2eds/bin/gnu/h-i686-mingw32/bin/../lib/gcc/nios2-elf/4.1.2/../../../../nios2-elf/lib\libsmallc.a(lib_a-int_errno.o)
 .comment       0x00000000       0x27 c:/altera/13.0sp1/nios2eds/bin/gnu/h-i686-mingw32/bin/../lib/gcc/nios2-elf/4.1.2\libgcc.a(lib2-divmod.o)
 .comment       0x00000000       0x27 ../nios_bsp/\libhal_bsp.a(alt_load.o)
 .comment       0x00000000       0x27 ../nios_bsp/\libhal_bsp.a(alt_main.o)
 .comment       0x00000000       0x27 ../nios_bsp/\libhal_bsp.a(alt_printf.o)
 .comment       0x00000000       0x27 ../nios_bsp/\libhal_bsp.a(alt_putchar.o)
 .comment       0x00000000       0x27 ../nios_bsp/\libhal_bsp.a(alt_write.o)
 .comment       0x00000000       0x27 ../nios_bsp/\libhal_bsp.a(alt_sys_init.o)
 .comment       0x00000000       0x27 ../nios_bsp/\libhal_bsp.a(altera_avalon_uart_write.o)
 .comment       0x00000000       0x27 ../nios_bsp/\libhal_bsp.a(alt_dcache_flush_all.o)
 .comment       0x00000000       0x27 ../nios_bsp/\libhal_bsp.a(alt_errno.o)
 .comment       0x00000000       0x27 ../nios_bsp/\libhal_bsp.a(alt_icache_flush_all.o)
 .comment       0x00000000       0x27 ../nios_bsp/\libhal_bsp.a(altera_nios2_qsys_irq.o)
 .comment       0x00000000       0x27 ../nios_bsp/\libhal_bsp.a(alt_icache_flush.o)

.debug
 *(.debug)

.line
 *(.line)

.debug_srcinfo
 *(.debug_srcinfo)

.debug_sfnames
 *(.debug_sfnames)

.debug_aranges  0x00000000      0x268
 *(.debug_aranges)
 .debug_aranges
                0x00000000       0x28 ../nios_bsp//obj/HAL/src/crt0.o
 .debug_aranges
                0x00000028       0x20 obj/default/hello_world_small.o
 .debug_aranges
                0x00000048       0x20 c:/altera/13.0sp1/nios2eds/bin/gnu/h-i686-mingw32/bin/../lib/gcc/nios2-elf/4.1.2/../../../../nios2-elf/lib\libsmallc.a(lib_a-printf.o)
 .debug_aranges
                0x00000068       0x20 c:/altera/13.0sp1/nios2eds/bin/gnu/h-i686-mingw32/bin/../lib/gcc/nios2-elf/4.1.2/../../../../nios2-elf/lib\libsmallc.a(lib_a-vfprintf.o)
 .debug_aranges
                0x00000088       0x20 c:/altera/13.0sp1/nios2eds/bin/gnu/h-i686-mingw32/bin/../lib/gcc/nios2-elf/4.1.2/../../../../nios2-elf/lib\libsmallc.a(lib_a-fvwrite_small_dev.o)
 .debug_aranges
                0x000000a8       0x20 c:/altera/13.0sp1/nios2eds/bin/gnu/h-i686-mingw32/bin/../lib/gcc/nios2-elf/4.1.2/../../../../nios2-elf/lib\libsmallc.a(lib_a-strlen.o)
 .debug_aranges
                0x000000c8       0x20 c:/altera/13.0sp1/nios2eds/bin/gnu/h-i686-mingw32/bin/../lib/gcc/nios2-elf/4.1.2/../../../../nios2-elf/lib\libsmallc.a(lib_a-writer.o)
 .debug_aranges
                0x000000e8       0x20 c:/altera/13.0sp1/nios2eds/bin/gnu/h-i686-mingw32/bin/../lib/gcc/nios2-elf/4.1.2\libgcc.a(lib2-divmod.o)
 .debug_aranges
                0x00000108       0x20 ../nios_bsp/\libhal_bsp.a(alt_load.o)
 .debug_aranges
                0x00000128       0x20 ../nios_bsp/\libhal_bsp.a(alt_main.o)
 .debug_aranges
                0x00000148       0x20 ../nios_bsp/\libhal_bsp.a(alt_printf.o)
 .debug_aranges
                0x00000168       0x20 ../nios_bsp/\libhal_bsp.a(alt_putchar.o)
 .debug_aranges
                0x00000188       0x20 ../nios_bsp/\libhal_bsp.a(alt_write.o)
 .debug_aranges
                0x000001a8       0x20 ../nios_bsp/\libhal_bsp.a(alt_sys_init.o)
 .debug_aranges
                0x000001c8       0x20 ../nios_bsp/\libhal_bsp.a(altera_avalon_uart_write.o)
 .debug_aranges
                0x000001e8       0x20 ../nios_bsp/\libhal_bsp.a(alt_dcache_flush_all.o)
 .debug_aranges
                0x00000208       0x20 ../nios_bsp/\libhal_bsp.a(alt_icache_flush_all.o)
 .debug_aranges
                0x00000228       0x20 ../nios_bsp/\libhal_bsp.a(altera_nios2_qsys_irq.o)
 .debug_aranges
                0x00000248       0x20 ../nios_bsp/\libhal_bsp.a(alt_icache_flush.o)

.debug_pubnames
                0x00000000      0x3c7
 *(.debug_pubnames)
 .debug_pubnames
                0x00000000       0x54 obj/default/hello_world_small.o
 .debug_pubnames
                0x00000054       0x2b c:/altera/13.0sp1/nios2eds/bin/gnu/h-i686-mingw32/bin/../lib/gcc/nios2-elf/4.1.2/../../../../nios2-elf/lib\libsmallc.a(lib_a-printf.o)
 .debug_pubnames
                0x0000007f       0x45 c:/altera/13.0sp1/nios2eds/bin/gnu/h-i686-mingw32/bin/../lib/gcc/nios2-elf/4.1.2/../../../../nios2-elf/lib\libsmallc.a(lib_a-vfprintf.o)
 .debug_pubnames
                0x000000c4       0x2b c:/altera/13.0sp1/nios2eds/bin/gnu/h-i686-mingw32/bin/../lib/gcc/nios2-elf/4.1.2/../../../../nios2-elf/lib\libsmallc.a(lib_a-fvwrite_small_dev.o)
 .debug_pubnames
                0x000000ef       0x39 c:/altera/13.0sp1/nios2eds/bin/gnu/h-i686-mingw32/bin/../lib/gcc/nios2-elf/4.1.2/../../../../nios2-elf/lib\libsmallc.a(lib_a-impure.o)
 .debug_pubnames
                0x00000128       0x1d c:/altera/13.0sp1/nios2eds/bin/gnu/h-i686-mingw32/bin/../lib/gcc/nios2-elf/4.1.2/../../../../nios2-elf/lib\libsmallc.a(lib_a-strlen.o)
 .debug_pubnames
                0x00000145       0x1f c:/altera/13.0sp1/nios2eds/bin/gnu/h-i686-mingw32/bin/../lib/gcc/nios2-elf/4.1.2/../../../../nios2-elf/lib\libsmallc.a(lib_a-writer.o)
 .debug_pubnames
                0x00000164       0x1c c:/altera/13.0sp1/nios2eds/bin/gnu/h-i686-mingw32/bin/../lib/gcc/nios2-elf/4.1.2/../../../../nios2-elf/lib\libsmallc.a(lib_a-int_errno.o)
 .debug_pubnames
                0x00000180       0x48 c:/altera/13.0sp1/nios2eds/bin/gnu/h-i686-mingw32/bin/../lib/gcc/nios2-elf/4.1.2\libgcc.a(lib2-divmod.o)
 .debug_pubnames
                0x000001c8       0x1f ../nios_bsp/\libhal_bsp.a(alt_load.o)
 .debug_pubnames
                0x000001e7       0x46 ../nios_bsp/\libhal_bsp.a(alt_main.o)
 .debug_pubnames
                0x0000022d       0x21 ../nios_bsp/\libhal_bsp.a(alt_printf.o)
 .debug_pubnames
                0x0000024e       0x22 ../nios_bsp/\libhal_bsp.a(alt_putchar.o)
 .debug_pubnames
                0x00000270       0x1c ../nios_bsp/\libhal_bsp.a(alt_write.o)
 .debug_pubnames
                0x0000028c       0x3e ../nios_bsp/\libhal_bsp.a(alt_sys_init.o)
 .debug_pubnames
                0x000002ca       0x2f ../nios_bsp/\libhal_bsp.a(altera_avalon_uart_write.o)
 .debug_pubnames
                0x000002f9       0x2b ../nios_bsp/\libhal_bsp.a(alt_dcache_flush_all.o)
 .debug_pubnames
                0x00000324       0x20 ../nios_bsp/\libhal_bsp.a(alt_errno.o)
 .debug_pubnames
                0x00000344       0x2b ../nios_bsp/\libhal_bsp.a(alt_icache_flush_all.o)
 .debug_pubnames
                0x0000036f       0x31 ../nios_bsp/\libhal_bsp.a(altera_nios2_qsys_irq.o)
 .debug_pubnames
                0x000003a0       0x27 ../nios_bsp/\libhal_bsp.a(alt_icache_flush.o)

.debug_info     0x00000000     0x34f1
 *(.debug_info .gnu.linkonce.wi.*)
 .debug_info    0x00000000       0x6a ../nios_bsp//obj/HAL/src/crt0.o
 .debug_info    0x0000006a      0x158 obj/default/hello_world_small.o
 .debug_info    0x000001c2      0x6c8 c:/altera/13.0sp1/nios2eds/bin/gnu/h-i686-mingw32/bin/../lib/gcc/nios2-elf/4.1.2/../../../../nios2-elf/lib\libsmallc.a(lib_a-printf.o)
 .debug_info    0x0000088a      0x9b5 c:/altera/13.0sp1/nios2eds/bin/gnu/h-i686-mingw32/bin/../lib/gcc/nios2-elf/4.1.2/../../../../nios2-elf/lib\libsmallc.a(lib_a-vfprintf.o)
 .debug_info    0x0000123f      0x68e c:/altera/13.0sp1/nios2eds/bin/gnu/h-i686-mingw32/bin/../lib/gcc/nios2-elf/4.1.2/../../../../nios2-elf/lib\libsmallc.a(lib_a-fvwrite_small_dev.o)
 .debug_info    0x000018cd      0x636 c:/altera/13.0sp1/nios2eds/bin/gnu/h-i686-mingw32/bin/../lib/gcc/nios2-elf/4.1.2/../../../../nios2-elf/lib\libsmallc.a(lib_a-impure.o)
 .debug_info    0x00001f03       0xc2 c:/altera/13.0sp1/nios2eds/bin/gnu/h-i686-mingw32/bin/../lib/gcc/nios2-elf/4.1.2/../../../../nios2-elf/lib\libsmallc.a(lib_a-strlen.o)
 .debug_info    0x00001fc5      0x68c c:/altera/13.0sp1/nios2eds/bin/gnu/h-i686-mingw32/bin/../lib/gcc/nios2-elf/4.1.2/../../../../nios2-elf/lib\libsmallc.a(lib_a-writer.o)
 .debug_info    0x00002651       0x8c c:/altera/13.0sp1/nios2eds/bin/gnu/h-i686-mingw32/bin/../lib/gcc/nios2-elf/4.1.2/../../../../nios2-elf/lib\libsmallc.a(lib_a-int_errno.o)
 .debug_info    0x000026dd      0x21c c:/altera/13.0sp1/nios2eds/bin/gnu/h-i686-mingw32/bin/../lib/gcc/nios2-elf/4.1.2\libgcc.a(lib2-divmod.o)
 .debug_info    0x000028f9      0x12e ../nios_bsp/\libhal_bsp.a(alt_load.o)
 .debug_info    0x00002a27      0x125 ../nios_bsp/\libhal_bsp.a(alt_main.o)
 .debug_info    0x00002b4c      0x11d ../nios_bsp/\libhal_bsp.a(alt_printf.o)
 .debug_info    0x00002c69       0xc5 ../nios_bsp/\libhal_bsp.a(alt_putchar.o)
 .debug_info    0x00002d2e      0x179 ../nios_bsp/\libhal_bsp.a(alt_write.o)
 .debug_info    0x00002ea7      0x153 ../nios_bsp/\libhal_bsp.a(alt_sys_init.o)
 .debug_info    0x00002ffa      0x1be ../nios_bsp/\libhal_bsp.a(altera_avalon_uart_write.o)
 .debug_info    0x000031b8       0x9f ../nios_bsp/\libhal_bsp.a(alt_dcache_flush_all.o)
 .debug_info    0x00003257       0xab ../nios_bsp/\libhal_bsp.a(alt_errno.o)
 .debug_info    0x00003302       0x8d ../nios_bsp/\libhal_bsp.a(alt_icache_flush_all.o)
 .debug_info    0x0000338f       0x8d ../nios_bsp/\libhal_bsp.a(altera_nios2_qsys_irq.o)
 .debug_info    0x0000341c       0xd5 ../nios_bsp/\libhal_bsp.a(alt_icache_flush.o)

.debug_abbrev   0x00000000     0x116c
 *(.debug_abbrev)
 .debug_abbrev  0x00000000       0x12 ../nios_bsp//obj/HAL/src/crt0.o
 .debug_abbrev  0x00000012       0xdf obj/default/hello_world_small.o
 .debug_abbrev  0x000000f1      0x179 c:/altera/13.0sp1/nios2eds/bin/gnu/h-i686-mingw32/bin/../lib/gcc/nios2-elf/4.1.2/../../../../nios2-elf/lib\libsmallc.a(lib_a-printf.o)
 .debug_abbrev  0x0000026a      0x263 c:/altera/13.0sp1/nios2eds/bin/gnu/h-i686-mingw32/bin/../lib/gcc/nios2-elf/4.1.2/../../../../nios2-elf/lib\libsmallc.a(lib_a-vfprintf.o)
 .debug_abbrev  0x000004cd      0x179 c:/altera/13.0sp1/nios2eds/bin/gnu/h-i686-mingw32/bin/../lib/gcc/nios2-elf/4.1.2/../../../../nios2-elf/lib\libsmallc.a(lib_a-fvwrite_small_dev.o)
 .debug_abbrev  0x00000646      0x13f c:/altera/13.0sp1/nios2eds/bin/gnu/h-i686-mingw32/bin/../lib/gcc/nios2-elf/4.1.2/../../../../nios2-elf/lib\libsmallc.a(lib_a-impure.o)
 .debug_abbrev  0x00000785       0x7a c:/altera/13.0sp1/nios2eds/bin/gnu/h-i686-mingw32/bin/../lib/gcc/nios2-elf/4.1.2/../../../../nios2-elf/lib\libsmallc.a(lib_a-strlen.o)
 .debug_abbrev  0x000007ff      0x16c c:/altera/13.0sp1/nios2eds/bin/gnu/h-i686-mingw32/bin/../lib/gcc/nios2-elf/4.1.2/../../../../nios2-elf/lib\libsmallc.a(lib_a-writer.o)
 .debug_abbrev  0x0000096b       0x3b c:/altera/13.0sp1/nios2eds/bin/gnu/h-i686-mingw32/bin/../lib/gcc/nios2-elf/4.1.2/../../../../nios2-elf/lib\libsmallc.a(lib_a-int_errno.o)
 .debug_abbrev  0x000009a6       0xe0 c:/altera/13.0sp1/nios2eds/bin/gnu/h-i686-mingw32/bin/../lib/gcc/nios2-elf/4.1.2\libgcc.a(lib2-divmod.o)
 .debug_abbrev  0x00000a86       0x97 ../nios_bsp/\libhal_bsp.a(alt_load.o)
 .debug_abbrev  0x00000b1d       0xa6 ../nios_bsp/\libhal_bsp.a(alt_main.o)
 .debug_abbrev  0x00000bc3       0xc7 ../nios_bsp/\libhal_bsp.a(alt_printf.o)
 .debug_abbrev  0x00000c8a       0x7b ../nios_bsp/\libhal_bsp.a(alt_putchar.o)
 .debug_abbrev  0x00000d05       0xdd ../nios_bsp/\libhal_bsp.a(alt_write.o)
 .debug_abbrev  0x00000de2       0xdc ../nios_bsp/\libhal_bsp.a(alt_sys_init.o)
 .debug_abbrev  0x00000ebe       0xf2 ../nios_bsp/\libhal_bsp.a(altera_avalon_uart_write.o)
 .debug_abbrev  0x00000fb0       0x57 ../nios_bsp/\libhal_bsp.a(alt_dcache_flush_all.o)
 .debug_abbrev  0x00001007       0x5e ../nios_bsp/\libhal_bsp.a(alt_errno.o)
 .debug_abbrev  0x00001065       0x3f ../nios_bsp/\libhal_bsp.a(alt_icache_flush_all.o)
 .debug_abbrev  0x000010a4       0x3f ../nios_bsp/\libhal_bsp.a(altera_nios2_qsys_irq.o)
 .debug_abbrev  0x000010e3       0x89 ../nios_bsp/\libhal_bsp.a(alt_icache_flush.o)

.debug_line     0x00000000     0x34e4
 *(.debug_line)
 .debug_line    0x00000000       0x72 ../nios_bsp//obj/HAL/src/crt0.o
 .debug_line    0x00000072      0x3d0 obj/default/hello_world_small.o
 .debug_line    0x00000442      0x2bb c:/altera/13.0sp1/nios2eds/bin/gnu/h-i686-mingw32/bin/../lib/gcc/nios2-elf/4.1.2/../../../../nios2-elf/lib\libsmallc.a(lib_a-printf.o)
 .debug_line    0x000006fd      0x62c c:/altera/13.0sp1/nios2eds/bin/gnu/h-i686-mingw32/bin/../lib/gcc/nios2-elf/4.1.2/../../../../nios2-elf/lib\libsmallc.a(lib_a-vfprintf.o)
 .debug_line    0x00000d29      0x2a6 c:/altera/13.0sp1/nios2eds/bin/gnu/h-i686-mingw32/bin/../lib/gcc/nios2-elf/4.1.2/../../../../nios2-elf/lib\libsmallc.a(lib_a-fvwrite_small_dev.o)
 .debug_line    0x00000fcf      0x22d c:/altera/13.0sp1/nios2eds/bin/gnu/h-i686-mingw32/bin/../lib/gcc/nios2-elf/4.1.2/../../../../nios2-elf/lib\libsmallc.a(lib_a-impure.o)
 .debug_line    0x000011fc      0x24d c:/altera/13.0sp1/nios2eds/bin/gnu/h-i686-mingw32/bin/../lib/gcc/nios2-elf/4.1.2/../../../../nios2-elf/lib\libsmallc.a(lib_a-strlen.o)
 .debug_line    0x00001449      0x29a c:/altera/13.0sp1/nios2eds/bin/gnu/h-i686-mingw32/bin/../lib/gcc/nios2-elf/4.1.2/../../../../nios2-elf/lib\libsmallc.a(lib_a-writer.o)
 .debug_line    0x000016e3      0x1df c:/altera/13.0sp1/nios2eds/bin/gnu/h-i686-mingw32/bin/../lib/gcc/nios2-elf/4.1.2/../../../../nios2-elf/lib\libsmallc.a(lib_a-int_errno.o)
 .debug_line    0x000018c2      0x24f c:/altera/13.0sp1/nios2eds/bin/gnu/h-i686-mingw32/bin/../lib/gcc/nios2-elf/4.1.2\libgcc.a(lib2-divmod.o)
 .debug_line    0x00001b11      0x217 ../nios_bsp/\libhal_bsp.a(alt_load.o)
 .debug_line    0x00001d28      0x2c2 ../nios_bsp/\libhal_bsp.a(alt_main.o)
 .debug_line    0x00001fea      0x1f2 ../nios_bsp/\libhal_bsp.a(alt_printf.o)
 .debug_line    0x000021dc      0x1f2 ../nios_bsp/\libhal_bsp.a(alt_putchar.o)
 .debug_line    0x000023ce      0x2ab ../nios_bsp/\libhal_bsp.a(alt_write.o)
 .debug_line    0x00002679      0x266 ../nios_bsp/\libhal_bsp.a(alt_sys_init.o)
 .debug_line    0x000028df      0x31a ../nios_bsp/\libhal_bsp.a(altera_avalon_uart_write.o)
 .debug_line    0x00002bf9      0x1cd ../nios_bsp/\libhal_bsp.a(alt_dcache_flush_all.o)
 .debug_line    0x00002dc6      0x1aa ../nios_bsp/\libhal_bsp.a(alt_errno.o)
 .debug_line    0x00002f70      0x1c5 ../nios_bsp/\libhal_bsp.a(alt_icache_flush_all.o)
 .debug_line    0x00003135      0x1ce ../nios_bsp/\libhal_bsp.a(altera_nios2_qsys_irq.o)
 .debug_line    0x00003303      0x1e1 ../nios_bsp/\libhal_bsp.a(alt_icache_flush.o)

.debug_frame    0x00000000      0x3d4
 *(.debug_frame)
 .debug_frame   0x00000000       0x80 obj/default/hello_world_small.o
 .debug_frame   0x00000080       0x40 c:/altera/13.0sp1/nios2eds/bin/gnu/h-i686-mingw32/bin/../lib/gcc/nios2-elf/4.1.2/../../../../nios2-elf/lib\libsmallc.a(lib_a-printf.o)
 .debug_frame   0x000000c0       0x64 c:/altera/13.0sp1/nios2eds/bin/gnu/h-i686-mingw32/bin/../lib/gcc/nios2-elf/4.1.2/../../../../nios2-elf/lib\libsmallc.a(lib_a-vfprintf.o)
 .debug_frame   0x00000124       0x30 c:/altera/13.0sp1/nios2eds/bin/gnu/h-i686-mingw32/bin/../lib/gcc/nios2-elf/4.1.2/../../../../nios2-elf/lib\libsmallc.a(lib_a-fvwrite_small_dev.o)
 .debug_frame   0x00000154       0x20 c:/altera/13.0sp1/nios2eds/bin/gnu/h-i686-mingw32/bin/../lib/gcc/nios2-elf/4.1.2/../../../../nios2-elf/lib\libsmallc.a(lib_a-strlen.o)
 .debug_frame   0x00000174       0x2c c:/altera/13.0sp1/nios2eds/bin/gnu/h-i686-mingw32/bin/../lib/gcc/nios2-elf/4.1.2/../../../../nios2-elf/lib\libsmallc.a(lib_a-writer.o)
 .debug_frame   0x000001a0       0x70 c:/altera/13.0sp1/nios2eds/bin/gnu/h-i686-mingw32/bin/../lib/gcc/nios2-elf/4.1.2\libgcc.a(lib2-divmod.o)
 .debug_frame   0x00000210       0x38 ../nios_bsp/\libhal_bsp.a(alt_load.o)
 .debug_frame   0x00000248       0x28 ../nios_bsp/\libhal_bsp.a(alt_main.o)
 .debug_frame   0x00000270       0x2c ../nios_bsp/\libhal_bsp.a(alt_printf.o)
 .debug_frame   0x0000029c       0x2c ../nios_bsp/\libhal_bsp.a(alt_putchar.o)
 .debug_frame   0x000002c8       0x28 ../nios_bsp/\libhal_bsp.a(alt_write.o)
 .debug_frame   0x000002f0       0x38 ../nios_bsp/\libhal_bsp.a(alt_sys_init.o)
 .debug_frame   0x00000328       0x2c ../nios_bsp/\libhal_bsp.a(altera_avalon_uart_write.o)
 .debug_frame   0x00000354       0x20 ../nios_bsp/\libhal_bsp.a(alt_dcache_flush_all.o)
 .debug_frame   0x00000374       0x20 ../nios_bsp/\libhal_bsp.a(alt_icache_flush_all.o)
 .debug_frame   0x00000394       0x20 ../nios_bsp/\libhal_bsp.a(altera_nios2_qsys_irq.o)
 .debug_frame   0x000003b4       0x20 ../nios_bsp/\libhal_bsp.a(alt_icache_flush.o)

.debug_str      0x00000000      0xd66
 *(.debug_str)
 .debug_str     0x00000000       0xf0 obj/default/hello_world_small.o
                                0x12e (size before relaxing)
 .debug_str     0x000000f0      0x38e c:/altera/13.0sp1/nios2eds/bin/gnu/h-i686-mingw32/bin/../lib/gcc/nios2-elf/4.1.2/../../../../nios2-elf/lib\libsmallc.a(lib_a-printf.o)
                                0x458 (size before relaxing)
 .debug_str     0x0000047e      0x15f c:/altera/13.0sp1/nios2eds/bin/gnu/h-i686-mingw32/bin/../lib/gcc/nios2-elf/4.1.2/../../../../nios2-elf/lib\libsmallc.a(lib_a-vfprintf.o)
                                0x5a1 (size before relaxing)
 .debug_str     0x000005dd       0x6d c:/altera/13.0sp1/nios2eds/bin/gnu/h-i686-mingw32/bin/../lib/gcc/nios2-elf/4.1.2/../../../../nios2-elf/lib\libsmallc.a(lib_a-fvwrite_small_dev.o)
                                0x45c (size before relaxing)
 .debug_str     0x0000064a       0xea c:/altera/13.0sp1/nios2eds/bin/gnu/h-i686-mingw32/bin/../lib/gcc/nios2-elf/4.1.2/../../../../nios2-elf/lib\libsmallc.a(lib_a-impure.o)
                                0x44f (size before relaxing)
 .debug_str     0x00000734       0xd4 c:/altera/13.0sp1/nios2eds/bin/gnu/h-i686-mingw32/bin/../lib/gcc/nios2-elf/4.1.2/../../../../nios2-elf/lib\libsmallc.a(lib_a-strlen.o)
                                0x176 (size before relaxing)
 .debug_str     0x00000808       0x4c c:/altera/13.0sp1/nios2eds/bin/gnu/h-i686-mingw32/bin/../lib/gcc/nios2-elf/4.1.2/../../../../nios2-elf/lib\libsmallc.a(lib_a-writer.o)
                                0x443 (size before relaxing)
 .debug_str     0x00000854       0x3d c:/altera/13.0sp1/nios2eds/bin/gnu/h-i686-mingw32/bin/../lib/gcc/nios2-elf/4.1.2/../../../../nios2-elf/lib\libsmallc.a(lib_a-int_errno.o)
                                0x169 (size before relaxing)
 .debug_str     0x00000891      0x10b c:/altera/13.0sp1/nios2eds/bin/gnu/h-i686-mingw32/bin/../lib/gcc/nios2-elf/4.1.2\libgcc.a(lib2-divmod.o)
                                0x1b4 (size before relaxing)
 .debug_str     0x0000099c      0x12a ../nios_bsp/\libhal_bsp.a(alt_load.o)
                                0x1bf (size before relaxing)
 .debug_str     0x00000ac6       0x70 ../nios_bsp/\libhal_bsp.a(alt_main.o)
                                0x143 (size before relaxing)
 .debug_str     0x00000b36       0x2c ../nios_bsp/\libhal_bsp.a(alt_printf.o)
                                 0xaa (size before relaxing)
 .debug_str     0x00000b62       0x43 ../nios_bsp/\libhal_bsp.a(alt_putchar.o)
                                0x111 (size before relaxing)
 .debug_str     0x00000ba5       0x2c ../nios_bsp/\libhal_bsp.a(alt_write.o)
                                0x164 (size before relaxing)
 .debug_str     0x00000bd1       0x65 ../nios_bsp/\libhal_bsp.a(alt_sys_init.o)
                                0x185 (size before relaxing)
 .debug_str     0x00000c36       0x4d ../nios_bsp/\libhal_bsp.a(altera_avalon_uart_write.o)
                                0x1af (size before relaxing)
 .debug_str     0x00000c83       0x34 ../nios_bsp/\libhal_bsp.a(alt_dcache_flush_all.o)
                                0x102 (size before relaxing)
 .debug_str     0x00000cb7       0x14 ../nios_bsp/\libhal_bsp.a(alt_errno.o)
                                 0xf2 (size before relaxing)
 .debug_str     0x00000ccb       0x34 ../nios_bsp/\libhal_bsp.a(alt_icache_flush_all.o)
                                0x102 (size before relaxing)
 .debug_str     0x00000cff       0x3b ../nios_bsp/\libhal_bsp.a(altera_nios2_qsys_irq.o)
                                0x109 (size before relaxing)
 .debug_str     0x00000d3a       0x2c ../nios_bsp/\libhal_bsp.a(alt_icache_flush.o)
                                0x108 (size before relaxing)

.debug_loc      0x00000000     0x1040
 *(.debug_loc)
 .debug_loc     0x00000000       0xde obj/default/hello_world_small.o
 .debug_loc     0x000000de       0x8d c:/altera/13.0sp1/nios2eds/bin/gnu/h-i686-mingw32/bin/../lib/gcc/nios2-elf/4.1.2/../../../../nios2-elf/lib\libsmallc.a(lib_a-printf.o)
 .debug_loc     0x0000016b      0x773 c:/altera/13.0sp1/nios2eds/bin/gnu/h-i686-mingw32/bin/../lib/gcc/nios2-elf/4.1.2/../../../../nios2-elf/lib\libsmallc.a(lib_a-vfprintf.o)
 .debug_loc     0x000008de      0x162 c:/altera/13.0sp1/nios2eds/bin/gnu/h-i686-mingw32/bin/../lib/gcc/nios2-elf/4.1.2/../../../../nios2-elf/lib\libsmallc.a(lib_a-fvwrite_small_dev.o)
 .debug_loc     0x00000a40       0x1e c:/altera/13.0sp1/nios2eds/bin/gnu/h-i686-mingw32/bin/../lib/gcc/nios2-elf/4.1.2/../../../../nios2-elf/lib\libsmallc.a(lib_a-strlen.o)
 .debug_loc     0x00000a5e       0x97 c:/altera/13.0sp1/nios2eds/bin/gnu/h-i686-mingw32/bin/../lib/gcc/nios2-elf/4.1.2/../../../../nios2-elf/lib\libsmallc.a(lib_a-writer.o)
 .debug_loc     0x00000af5      0x1d2 c:/altera/13.0sp1/nios2eds/bin/gnu/h-i686-mingw32/bin/../lib/gcc/nios2-elf/4.1.2\libgcc.a(lib2-divmod.o)
 .debug_loc     0x00000cc7       0x1f ../nios_bsp/\libhal_bsp.a(alt_load.o)
 .debug_loc     0x00000ce6       0x1f ../nios_bsp/\libhal_bsp.a(alt_main.o)
 .debug_loc     0x00000d05      0x175 ../nios_bsp/\libhal_bsp.a(alt_printf.o)
 .debug_loc     0x00000e7a       0x3d ../nios_bsp/\libhal_bsp.a(alt_putchar.o)
 .debug_loc     0x00000eb7       0x9a ../nios_bsp/\libhal_bsp.a(alt_write.o)
 .debug_loc     0x00000f51       0x32 ../nios_bsp/\libhal_bsp.a(alt_sys_init.o)
 .debug_loc     0x00000f83       0xaa ../nios_bsp/\libhal_bsp.a(altera_avalon_uart_write.o)
 .debug_loc     0x0000102d       0x13 ../nios_bsp/\libhal_bsp.a(alt_icache_flush.o)

.debug_macinfo
 *(.debug_macinfo)

.debug_weaknames
 *(.debug_weaknames)

.debug_funcnames
 *(.debug_funcnames)

.debug_typenames
 *(.debug_typenames)

.debug_varnames
 *(.debug_varnames)

.debug_alt_sim_info
                0x00000000       0x30
 *(.debug_alt_sim_info)
 .debug_alt_sim_info
                0x00000000       0x30 ../nios_bsp//obj/HAL/src/crt0.o
                0x00004000                __alt_data_end = 0x4000
                0x00004000                PROVIDE (__alt_stack_pointer, __alt_data_end)
                0x000032f0                PROVIDE (__alt_stack_limit, __alt_stack_base)
                0x000032f0                PROVIDE (__alt_heap_start, end)
                0x00004000                PROVIDE (__alt_heap_limit, 0x4000)
OUTPUT(nios.elf elf32-littlenios2)

.debug_ranges   0x00000000      0x160
 .debug_ranges  0x00000000       0x20 ../nios_bsp//obj/HAL/src/crt0.o
 .debug_ranges  0x00000020      0x140 c:/altera/13.0sp1/nios2eds/bin/gnu/h-i686-mingw32/bin/../lib/gcc/nios2-elf/4.1.2/../../../../nios2-elf/lib\libsmallc.a(lib_a-vfprintf.o)
