Archive member included because of file (symbol)

c:/altera/13.0sp1/nios2eds/bin/gnu/h-i686-mingw32/bin/../lib/gcc/nios2-elf/4.1.2/../../../../nios2-elf/lib\libsmallc.a(lib_a-puts.o)
                              obj/default/hello_world_small.o (puts)
c:/altera/13.0sp1/nios2eds/bin/gnu/h-i686-mingw32/bin/../lib/gcc/nios2-elf/4.1.2/../../../../nios2-elf/lib\libsmallc.a(lib_a-strlen.o)
                              c:/altera/13.0sp1/nios2eds/bin/gnu/h-i686-mingw32/bin/../lib/gcc/nios2-elf/4.1.2/../../../../nios2-elf/lib\libsmallc.a(lib_a-puts.o) (strlen)
c:/altera/13.0sp1/nios2eds/bin/gnu/h-i686-mingw32/bin/../lib/gcc/nios2-elf/4.1.2/../../../../nios2-elf/lib\libsmallc.a(lib_a-fvwrite_small_dev.o)
                              c:/altera/13.0sp1/nios2eds/bin/gnu/h-i686-mingw32/bin/../lib/gcc/nios2-elf/4.1.2/../../../../nios2-elf/lib\libsmallc.a(lib_a-puts.o) (__sfvwrite_small_dev)
c:/altera/13.0sp1/nios2eds/bin/gnu/h-i686-mingw32/bin/../lib/gcc/nios2-elf/4.1.2/../../../../nios2-elf/lib\libsmallc.a(lib_a-impure.o)
                              c:/altera/13.0sp1/nios2eds/bin/gnu/h-i686-mingw32/bin/../lib/gcc/nios2-elf/4.1.2/../../../../nios2-elf/lib\libsmallc.a(lib_a-puts.o) (_impure_ptr)
c:/altera/13.0sp1/nios2eds/bin/gnu/h-i686-mingw32/bin/../lib/gcc/nios2-elf/4.1.2/../../../../nios2-elf/lib\libsmallc.a(lib_a-writer.o)
                              c:/altera/13.0sp1/nios2eds/bin/gnu/h-i686-mingw32/bin/../lib/gcc/nios2-elf/4.1.2/../../../../nios2-elf/lib\libsmallc.a(lib_a-fvwrite_small_dev.o) (_write_r)
c:/altera/13.0sp1/nios2eds/bin/gnu/h-i686-mingw32/bin/../lib/gcc/nios2-elf/4.1.2/../../../../nios2-elf/lib\libsmallc.a(lib_a-int_errno.o)
                              c:/altera/13.0sp1/nios2eds/bin/gnu/h-i686-mingw32/bin/../lib/gcc/nios2-elf/4.1.2/../../../../nios2-elf/lib\libsmallc.a(lib_a-writer.o) (errno)
../reeeee_bsp/\libhal_bsp.a(alt_load.o)
                              ../reeeee_bsp//obj/HAL/src/crt0.o (alt_load)
../reeeee_bsp/\libhal_bsp.a(alt_main.o)
                              ../reeeee_bsp//obj/HAL/src/crt0.o (alt_main)
../reeeee_bsp/\libhal_bsp.a(alt_write.o)
                              c:/altera/13.0sp1/nios2eds/bin/gnu/h-i686-mingw32/bin/../lib/gcc/nios2-elf/4.1.2/../../../../nios2-elf/lib\libsmallc.a(lib_a-writer.o) (write)
../reeeee_bsp/\libhal_bsp.a(alt_sys_init.o)
                              ../reeeee_bsp/\libhal_bsp.a(alt_main.o) (alt_sys_init)
../reeeee_bsp/\libhal_bsp.a(altera_avalon_uart_write.o)
                              ../reeeee_bsp/\libhal_bsp.a(alt_write.o) (altera_avalon_uart_write)
../reeeee_bsp/\libhal_bsp.a(alt_dcache_flush_all.o)
                              ../reeeee_bsp/\libhal_bsp.a(alt_load.o) (alt_dcache_flush_all)
../reeeee_bsp/\libhal_bsp.a(alt_errno.o)
                              ../reeeee_bsp/\libhal_bsp.a(alt_write.o) (alt_errno)
../reeeee_bsp/\libhal_bsp.a(alt_icache_flush_all.o)
                              ../reeeee_bsp/\libhal_bsp.a(alt_load.o) (alt_icache_flush_all)
../reeeee_bsp/\libhal_bsp.a(altera_nios2_qsys_irq.o)
                              ../reeeee_bsp/\libhal_bsp.a(alt_sys_init.o) (altera_nios2_qsys_irq_init)
../reeeee_bsp/\libhal_bsp.a(alt_icache_flush.o)
                              ../reeeee_bsp/\libhal_bsp.a(alt_icache_flush_all.o) (alt_icache_flush)

Allocating common symbols
Common symbol       size              file

errno               0x4               c:/altera/13.0sp1/nios2eds/bin/gnu/h-i686-mingw32/bin/../lib/gcc/nios2-elf/4.1.2/../../../../nios2-elf/lib\libsmallc.a(lib_a-int_errno.o)

Memory Configuration

Name             Origin             Length             Attributes
reset            0x00002000         0x00000020
onchip_memory2_0 0x00002020         0x00001fe0
*default*        0x00000000         0xffffffff

Linker script and memory map

LOAD ../reeeee_bsp//obj/HAL/src/crt0.o
                0x0000201c                exit = _exit
LOAD obj/default/hello_world_small.o
LOAD c:/altera/13.0sp1/nios2eds/bin/gnu/h-i686-mingw32/bin/../lib/gcc/nios2-elf/4.1.2/../../../../nios2-elf/lib\libstdc++.a
LOAD c:/altera/13.0sp1/nios2eds/bin/gnu/h-i686-mingw32/bin/../lib/gcc/nios2-elf/4.1.2/../../../../nios2-elf/lib\libm.a
LOAD c:/altera/13.0sp1/nios2eds/bin/gnu/h-i686-mingw32/bin/../lib/gcc/nios2-elf/4.1.2\libgcc.a
START GROUP
LOAD c:/altera/13.0sp1/nios2eds/bin/gnu/h-i686-mingw32/bin/../lib/gcc/nios2-elf/4.1.2/../../../../nios2-elf/lib\libsmallc.a
LOAD c:/altera/13.0sp1/nios2eds/bin/gnu/h-i686-mingw32/bin/../lib/gcc/nios2-elf/4.1.2\libgcc.a
LOAD ../reeeee_bsp/\libhal_bsp.a
END GROUP
LOAD c:/altera/13.0sp1/nios2eds/bin/gnu/h-i686-mingw32/bin/../lib/gcc/nios2-elf/4.1.2\libgcc.a
                0x00002000                __alt_mem_onchip_memory2_0 = 0x2000

.entry          0x00002000       0x20
 *(.entry)
 .entry         0x00002000       0x20 ../reeeee_bsp//obj/HAL/src/crt0.o
                0x00002000                __reset
                0x0000201c                _exit

.exceptions     0x00002020        0x0
                0x00002020                PROVIDE (__ram_exceptions_start, ABSOLUTE (.))
                0x00002020                . = ALIGN (0x20)
 *(.irq)
 *(.exceptions.entry.label)
 *(.exceptions.entry.user)
 *(.exceptions.entry)
 *(.exceptions.irqtest.user)
 *(.exceptions.irqtest)
 *(.exceptions.irqhandler.user)
 *(.exceptions.irqhandler)
 *(.exceptions.irqreturn.user)
 *(.exceptions.irqreturn)
 *(.exceptions.notirq.label)
 *(.exceptions.notirq.user)
 *(.exceptions.notirq)
 *(.exceptions.soft.user)
 *(.exceptions.soft)
 *(.exceptions.unknown.user)
 *(.exceptions.unknown)
 *(.exceptions.exit.label)
 *(.exceptions.exit.user)
 *(.exceptions.exit)
 *(.exceptions)
                0x00002020                PROVIDE (__ram_exceptions_end, ABSOLUTE (.))
                0x00002020                PROVIDE (__flash_exceptions_start, LOADADDR (.exceptions))

.text           0x00002020      0x510
                0x00002020                PROVIDE (stext, ABSOLUTE (.))
 *(.interp)
 *(.hash)
 *(.dynsym)
 *(.dynstr)
 *(.gnu.version)
 *(.gnu.version_d)
 *(.gnu.version_r)
 *(.rel.init)
 *(.rela.init)
 *(.rel.text .rel.text.* .rel.gnu.linkonce.t.*)
 *(.rela.text .rela.text.* .rela.gnu.linkonce.t.*)
 *(.rel.fini)
 *(.rela.fini)
 *(.rel.rodata .rel.rodata.* .rel.gnu.linkonce.r.*)
 *(.rela.rodata .rela.rodata.* .rela.gnu.linkonce.r.*)
 *(.rel.data .rel.data.* .rel.gnu.linkonce.d.*)
 *(.rela.data .rela.data.* .rela.gnu.linkonce.d.*)
 *(.rel.tdata .rel.tdata.* .rel.gnu.linkonce.td.*)
 *(.rela.tdata .rela.tdata.* .rela.gnu.linkonce.td.*)
 *(.rel.tbss .rel.tbss.* .rel.gnu.linkonce.tb.*)
 *(.rela.tbss .rela.tbss.* .rela.gnu.linkonce.tb.*)
 *(.rel.ctors)
 *(.rela.ctors)
 *(.rel.dtors)
 *(.rela.dtors)
 *(.rel.got)
 *(.rela.got)
 *(.rel.sdata .rel.sdata.* .rel.gnu.linkonce.s.*)
 *(.rela.sdata .rela.sdata.* .rela.gnu.linkonce.s.*)
 *(.rel.sbss .rel.sbss.* .rel.gnu.linkonce.sb.*)
 *(.rela.sbss .rela.sbss.* .rela.gnu.linkonce.sb.*)
 *(.rel.sdata2 .rel.sdata2.* .rel.gnu.linkonce.s2.*)
 *(.rela.sdata2 .rela.sdata2.* .rela.gnu.linkonce.s2.*)
 *(.rel.sbss2 .rel.sbss2.* .rel.gnu.linkonce.sb2.*)
 *(.rela.sbss2 .rela.sbss2.* .rela.gnu.linkonce.sb2.*)
 *(.rel.bss .rel.bss.* .rel.gnu.linkonce.b.*)
 *(.rela.bss .rela.bss.* .rela.gnu.linkonce.b.*)
 *(.rel.plt)
 *(.rela.plt)
 *(.rel.dyn)
 *(.init)
 *(.plt)
 *(.text .stub .text.* .gnu.linkonce.t.*)
 .text          0x00002020       0x4c ../reeeee_bsp//obj/HAL/src/crt0.o
                0x00002020                _start
 .text          0x0000206c       0x80 obj/default/hello_world_small.o
                0x0000206c                delay
                0x000020a0                main
 .text          0x000020ec       0xa4 c:/altera/13.0sp1/nios2eds/bin/gnu/h-i686-mingw32/bin/../lib/gcc/nios2-elf/4.1.2/../../../../nios2-elf/lib\libsmallc.a(lib_a-puts.o)
                0x000020ec                _puts_r
                0x0000217c                puts
 .text          0x00002190       0x20 c:/altera/13.0sp1/nios2eds/bin/gnu/h-i686-mingw32/bin/../lib/gcc/nios2-elf/4.1.2/../../../../nios2-elf/lib\libsmallc.a(lib_a-strlen.o)
                0x00002190                strlen
 .text          0x000021b0       0xbc c:/altera/13.0sp1/nios2eds/bin/gnu/h-i686-mingw32/bin/../lib/gcc/nios2-elf/4.1.2/../../../../nios2-elf/lib\libsmallc.a(lib_a-fvwrite_small_dev.o)
                0x000021b0                __sfvwrite_small_dev
 .text          0x0000226c        0x0 c:/altera/13.0sp1/nios2eds/bin/gnu/h-i686-mingw32/bin/../lib/gcc/nios2-elf/4.1.2/../../../../nios2-elf/lib\libsmallc.a(lib_a-impure.o)
 .text          0x0000226c       0x78 c:/altera/13.0sp1/nios2eds/bin/gnu/h-i686-mingw32/bin/../lib/gcc/nios2-elf/4.1.2/../../../../nios2-elf/lib\libsmallc.a(lib_a-writer.o)
                0x0000226c                _write_r
 .text          0x000022e4        0x0 c:/altera/13.0sp1/nios2eds/bin/gnu/h-i686-mingw32/bin/../lib/gcc/nios2-elf/4.1.2/../../../../nios2-elf/lib\libsmallc.a(lib_a-int_errno.o)
 .text          0x000022e4       0x8c ../reeeee_bsp/\libhal_bsp.a(alt_load.o)
                0x00002304                alt_load
 .text          0x00002370       0x2c ../reeeee_bsp/\libhal_bsp.a(alt_main.o)
                0x00002370                alt_main
 .text          0x0000239c       0x78 ../reeeee_bsp/\libhal_bsp.a(alt_write.o)
                0x0000239c                write
 .text          0x00002414       0x24 ../reeeee_bsp/\libhal_bsp.a(alt_sys_init.o)
                0x00002414                alt_sys_init
                0x00002418                alt_irq_init
 .text          0x00002438       0x94 ../reeeee_bsp/\libhal_bsp.a(altera_avalon_uart_write.o)
                0x00002438                altera_avalon_uart_write
 .text          0x000024cc       0x18 ../reeeee_bsp/\libhal_bsp.a(alt_dcache_flush_all.o)
                0x000024cc                alt_dcache_flush_all
 .text          0x000024e4        0x0 ../reeeee_bsp/\libhal_bsp.a(alt_errno.o)
 .text          0x000024e4        0xc ../reeeee_bsp/\libhal_bsp.a(alt_icache_flush_all.o)
                0x000024e4                alt_icache_flush_all
 .text          0x000024f0        0x8 ../reeeee_bsp/\libhal_bsp.a(altera_nios2_qsys_irq.o)
                0x000024f0                altera_nios2_qsys_irq_init
 .text          0x000024f8       0x38 ../reeeee_bsp/\libhal_bsp.a(alt_icache_flush.o)
                0x000024f8                alt_icache_flush
 *(.gnu.warning.*)
 *(.fini)
                0x00002530                PROVIDE (__etext, ABSOLUTE (.))
                0x00002530                PROVIDE (_etext, ABSOLUTE (.))
                0x00002530                PROVIDE (etext, ABSOLUTE (.))
 *(.eh_frame_hdr)
                0x00002530                . = ALIGN (0x4)
                0x00002530                PROVIDE (__preinit_array_start, ABSOLUTE (.))
 *(.preinit_array)
                0x00002530                PROVIDE (__preinit_array_end, ABSOLUTE (.))
                0x00002530                PROVIDE (__init_array_start, ABSOLUTE (.))
 *(.init_array)
                0x00002530                PROVIDE (__init_array_end, ABSOLUTE (.))
                0x00002530                PROVIDE (__fini_array_start, ABSOLUTE (.))
 *(.fini_array)
                0x00002530                PROVIDE (__fini_array_end, ABSOLUTE (.))
 *(.eh_frame)
 *(.gcc_except_table)
 *(.dynamic)
                0x00002530                PROVIDE (__CTOR_LIST__, ABSOLUTE (.))
 *(.ctors)
 *(SORT(.ctors.*))
                0x00002530                PROVIDE (__CTOR_END__, ABSOLUTE (.))
                0x00002530                PROVIDE (__DTOR_LIST__, ABSOLUTE (.))
 *(.dtors)
 *(SORT(.dtors.*))
                0x00002530                PROVIDE (__DTOR_END__, ABSOLUTE (.))
 *(.jcr)
                0x00002530                . = ALIGN (0x4)

.rodata         0x00002530       0x18
                0x00002530                PROVIDE (__ram_rodata_start, ABSOLUTE (.))
                0x00002530                . = ALIGN (0x4)
 *(.rodata .rodata.* .gnu.linkonce.r.*)
 .rodata.str1.4
                0x00002530       0x12 obj/default/hello_world_small.o
                                 0x14 (size before relaxing)
 *fill*         0x00002542        0x2 00
 .rodata.str1.4
                0x00002544        0x4 c:/altera/13.0sp1/nios2eds/bin/gnu/h-i686-mingw32/bin/../lib/gcc/nios2-elf/4.1.2/../../../../nios2-elf/lib\libsmallc.a(lib_a-puts.o)
 *(.rodata1)
                0x00002548                . = ALIGN (0x4)
                0x00002548                PROVIDE (__ram_rodata_end, ABSOLUTE (.))
                0x00002530                PROVIDE (__flash_rodata_start, LOADADDR (.rodata))

.rwdata         0x00002548       0xf0 load address 0x00002638
                0x00002548                PROVIDE (__ram_rwdata_start, ABSOLUTE (.))
                0x00002548                . = ALIGN (0x4)
 *(.got.plt)
 *(.got)
 *(.data1)
 *(.data .data.* .gnu.linkonce.d.*)
 .data          0x00002548        0x0 ../reeeee_bsp//obj/HAL/src/crt0.o
 .data          0x00002548        0x0 obj/default/hello_world_small.o
 .data          0x00002548        0x0 c:/altera/13.0sp1/nios2eds/bin/gnu/h-i686-mingw32/bin/../lib/gcc/nios2-elf/4.1.2/../../../../nios2-elf/lib\libsmallc.a(lib_a-puts.o)
 .data          0x00002548        0x0 c:/altera/13.0sp1/nios2eds/bin/gnu/h-i686-mingw32/bin/../lib/gcc/nios2-elf/4.1.2/../../../../nios2-elf/lib\libsmallc.a(lib_a-strlen.o)
 .data          0x00002548        0x0 c:/altera/13.0sp1/nios2eds/bin/gnu/h-i686-mingw32/bin/../lib/gcc/nios2-elf/4.1.2/../../../../nios2-elf/lib\libsmallc.a(lib_a-fvwrite_small_dev.o)
 .data          0x00002548       0xe0 c:/altera/13.0sp1/nios2eds/bin/gnu/h-i686-mingw32/bin/../lib/gcc/nios2-elf/4.1.2/../../../../nios2-elf/lib\libsmallc.a(lib_a-impure.o)
 .data          0x00002628        0x0 c:/altera/13.0sp1/nios2eds/bin/gnu/h-i686-mingw32/bin/../lib/gcc/nios2-elf/4.1.2/../../../../nios2-elf/lib\libsmallc.a(lib_a-writer.o)
 .data          0x00002628        0x0 c:/altera/13.0sp1/nios2eds/bin/gnu/h-i686-mingw32/bin/../lib/gcc/nios2-elf/4.1.2/../../../../nios2-elf/lib\libsmallc.a(lib_a-int_errno.o)
 .data          0x00002628        0x0 ../reeeee_bsp/\libhal_bsp.a(alt_load.o)
 .data          0x00002628        0x0 ../reeeee_bsp/\libhal_bsp.a(alt_main.o)
 .data          0x00002628        0x0 ../reeeee_bsp/\libhal_bsp.a(alt_write.o)
 .data          0x00002628        0x0 ../reeeee_bsp/\libhal_bsp.a(alt_sys_init.o)
 .data          0x00002628        0x0 ../reeeee_bsp/\libhal_bsp.a(altera_avalon_uart_write.o)
 .data          0x00002628        0x0 ../reeeee_bsp/\libhal_bsp.a(alt_dcache_flush_all.o)
 .data          0x00002628        0x0 ../reeeee_bsp/\libhal_bsp.a(alt_errno.o)
 .data          0x00002628        0x0 ../reeeee_bsp/\libhal_bsp.a(alt_icache_flush_all.o)
 .data          0x00002628        0x0 ../reeeee_bsp/\libhal_bsp.a(altera_nios2_qsys_irq.o)
 .data          0x00002628        0x0 ../reeeee_bsp/\libhal_bsp.a(alt_icache_flush.o)
                0x0000a628                _gp = ABSOLUTE ((. + 0x8000))
                0x0000a628                PROVIDE (gp, _gp)
 *(.rwdata .rwdata.*)
 *(.sdata .sdata.* .gnu.linkonce.s.*)
 .sdata         0x00002628        0x8 c:/altera/13.0sp1/nios2eds/bin/gnu/h-i686-mingw32/bin/../lib/gcc/nios2-elf/4.1.2/../../../../nios2-elf/lib\libsmallc.a(lib_a-impure.o)
                0x00002628                _impure_ptr
                0x0000262c                _global_impure_ptr
 .sdata         0x00002630        0x4 ../reeeee_bsp/\libhal_bsp.a(alt_sys_init.o)
                0x00002630                rs232
 .sdata         0x00002634        0x4 ../reeeee_bsp/\libhal_bsp.a(alt_errno.o)
                0x00002634                alt_errno
 *(.sdata2 .sdata2.* .gnu.linkonce.s2.*)
                0x00002638                . = ALIGN (0x4)
                0x00002638                _edata = ABSOLUTE (.)
                0x00002638                PROVIDE (edata, ABSOLUTE (.))
                0x00002638                PROVIDE (__ram_rwdata_end, ABSOLUTE (.))
                0x00002638                PROVIDE (__flash_rwdata_start, LOADADDR (.rwdata))

.bss            0x00002728       0x10
                0x00002728                __bss_start = ABSOLUTE (.)
                0x00002728                PROVIDE (__sbss_start, ABSOLUTE (.))
                0x00002728                PROVIDE (___sbss_start, ABSOLUTE (.))
 *(.dynsbss)
 *(.sbss .sbss.* .gnu.linkonce.sb.*)
 .sbss          0x00002728        0x4 c:/altera/13.0sp1/nios2eds/bin/gnu/h-i686-mingw32/bin/../lib/gcc/nios2-elf/4.1.2/../../../../nios2-elf/lib\libsmallc.a(lib_a-int_errno.o)
                0x00002728                errno
 .sbss          0x0000272c        0xc ../reeeee_bsp/\libhal_bsp.a(alt_main.o)
                0x0000272c                alt_argc
                0x00002730                alt_argv
                0x00002734                alt_envp
 *(.sbss2 .sbss2.* .gnu.linkonce.sb2.*)
 *(.scommon)
                0x00002738                PROVIDE (__sbss_end, ABSOLUTE (.))
                0x00002738                PROVIDE (___sbss_end, ABSOLUTE (.))
 *(.dynbss)
 *(.bss .bss.* .gnu.linkonce.b.*)
 .bss           0x00002738        0x0 ../reeeee_bsp//obj/HAL/src/crt0.o
 .bss           0x00002738        0x0 obj/default/hello_world_small.o
 .bss           0x00002738        0x0 c:/altera/13.0sp1/nios2eds/bin/gnu/h-i686-mingw32/bin/../lib/gcc/nios2-elf/4.1.2/../../../../nios2-elf/lib\libsmallc.a(lib_a-puts.o)
 .bss           0x00002738        0x0 c:/altera/13.0sp1/nios2eds/bin/gnu/h-i686-mingw32/bin/../lib/gcc/nios2-elf/4.1.2/../../../../nios2-elf/lib\libsmallc.a(lib_a-strlen.o)
 .bss           0x00002738        0x0 c:/altera/13.0sp1/nios2eds/bin/gnu/h-i686-mingw32/bin/../lib/gcc/nios2-elf/4.1.2/../../../../nios2-elf/lib\libsmallc.a(lib_a-fvwrite_small_dev.o)
 .bss           0x00002738        0x0 c:/altera/13.0sp1/nios2eds/bin/gnu/h-i686-mingw32/bin/../lib/gcc/nios2-elf/4.1.2/../../../../nios2-elf/lib\libsmallc.a(lib_a-impure.o)
 .bss           0x00002738        0x0 c:/altera/13.0sp1/nios2eds/bin/gnu/h-i686-mingw32/bin/../lib/gcc/nios2-elf/4.1.2/../../../../nios2-elf/lib\libsmallc.a(lib_a-writer.o)
 .bss           0x00002738        0x0 c:/altera/13.0sp1/nios2eds/bin/gnu/h-i686-mingw32/bin/../lib/gcc/nios2-elf/4.1.2/../../../../nios2-elf/lib\libsmallc.a(lib_a-int_errno.o)
 .bss           0x00002738        0x0 ../reeeee_bsp/\libhal_bsp.a(alt_load.o)
 .bss           0x00002738        0x0 ../reeeee_bsp/\libhal_bsp.a(alt_main.o)
 .bss           0x00002738        0x0 ../reeeee_bsp/\libhal_bsp.a(alt_write.o)
 .bss           0x00002738        0x0 ../reeeee_bsp/\libhal_bsp.a(alt_sys_init.o)
 .bss           0x00002738        0x0 ../reeeee_bsp/\libhal_bsp.a(altera_avalon_uart_write.o)
 .bss           0x00002738        0x0 ../reeeee_bsp/\libhal_bsp.a(alt_dcache_flush_all.o)
 .bss           0x00002738        0x0 ../reeeee_bsp/\libhal_bsp.a(alt_errno.o)
 .bss           0x00002738        0x0 ../reeeee_bsp/\libhal_bsp.a(alt_icache_flush_all.o)
 .bss           0x00002738        0x0 ../reeeee_bsp/\libhal_bsp.a(altera_nios2_qsys_irq.o)
 .bss           0x00002738        0x0 ../reeeee_bsp/\libhal_bsp.a(alt_icache_flush.o)
 *(COMMON)
                0x00002738                . = ALIGN (0x4)
                0x00002738                __bss_end = ABSOLUTE (.)

.onchip_memory2_0
                0x00002738        0x0
                0x00002738                PROVIDE (_alt_partition_onchip_memory2_0_start, ABSOLUTE (.))
 *(.onchip_memory2_0. onchip_memory2_0.*)
                0x00002738                . = ALIGN (0x4)
                0x00002738                PROVIDE (_alt_partition_onchip_memory2_0_end, ABSOLUTE (.))
                0x00002738                _end = ABSOLUTE (.)
                0x00002738                end = ABSOLUTE (.)
                0x00002738                __alt_stack_base = ABSOLUTE (.)
                0x00002738                PROVIDE (_alt_partition_onchip_memory2_0_load_addr, LOADADDR (.onchip_memory2_0))

.stab
 *(.stab)

.stabstr
 *(.stabstr)

.stab.excl
 *(.stab.excl)

.stab.exclstr
 *(.stab.exclstr)

.stab.index
 *(.stab.index)

.stab.indexstr
 *(.stab.indexstr)

.comment        0x00000000       0x26
 *(.comment)
 .comment       0x00000000       0x26 obj/default/hello_world_small.o
                                 0x27 (size before relaxing)
 .comment       0x00000000       0x27 c:/altera/13.0sp1/nios2eds/bin/gnu/h-i686-mingw32/bin/../lib/gcc/nios2-elf/4.1.2/../../../../nios2-elf/lib\libsmallc.a(lib_a-puts.o)
 .comment       0x00000000       0x27 c:/altera/13.0sp1/nios2eds/bin/gnu/h-i686-mingw32/bin/../lib/gcc/nios2-elf/4.1.2/../../../../nios2-elf/lib\libsmallc.a(lib_a-strlen.o)
 .comment       0x00000000       0x27 c:/altera/13.0sp1/nios2eds/bin/gnu/h-i686-mingw32/bin/../lib/gcc/nios2-elf/4.1.2/../../../../nios2-elf/lib\libsmallc.a(lib_a-fvwrite_small_dev.o)
 .comment       0x00000000       0x27 c:/altera/13.0sp1/nios2eds/bin/gnu/h-i686-mingw32/bin/../lib/gcc/nios2-elf/4.1.2/../../../../nios2-elf/lib\libsmallc.a(lib_a-impure.o)
 .comment       0x00000000       0x27 c:/altera/13.0sp1/nios2eds/bin/gnu/h-i686-mingw32/bin/../lib/gcc/nios2-elf/4.1.2/../../../../nios2-elf/lib\libsmallc.a(lib_a-writer.o)
 .comment       0x00000000       0x27 c:/altera/13.0sp1/nios2eds/bin/gnu/h-i686-mingw32/bin/../lib/gcc/nios2-elf/4.1.2/../../../../nios2-elf/lib\libsmallc.a(lib_a-int_errno.o)
 .comment       0x00000000       0x27 ../reeeee_bsp/\libhal_bsp.a(alt_load.o)
 .comment       0x00000000       0x27 ../reeeee_bsp/\libhal_bsp.a(alt_main.o)
 .comment       0x00000000       0x27 ../reeeee_bsp/\libhal_bsp.a(alt_write.o)
 .comment       0x00000000       0x27 ../reeeee_bsp/\libhal_bsp.a(alt_sys_init.o)
 .comment       0x00000000       0x27 ../reeeee_bsp/\libhal_bsp.a(altera_avalon_uart_write.o)
 .comment       0x00000000       0x27 ../reeeee_bsp/\libhal_bsp.a(alt_dcache_flush_all.o)
 .comment       0x00000000       0x27 ../reeeee_bsp/\libhal_bsp.a(alt_errno.o)
 .comment       0x00000000       0x27 ../reeeee_bsp/\libhal_bsp.a(alt_icache_flush_all.o)
 .comment       0x00000000       0x27 ../reeeee_bsp/\libhal_bsp.a(altera_nios2_qsys_irq.o)
 .comment       0x00000000       0x27 ../reeeee_bsp/\libhal_bsp.a(alt_icache_flush.o)

.debug
 *(.debug)

.line
 *(.line)

.debug_srcinfo
 *(.debug_srcinfo)

.debug_sfnames
 *(.debug_sfnames)

.debug_aranges  0x00000000      0x1e8
 *(.debug_aranges)
 .debug_aranges
                0x00000000       0x28 ../reeeee_bsp//obj/HAL/src/crt0.o
 .debug_aranges
                0x00000028       0x20 obj/default/hello_world_small.o
 .debug_aranges
                0x00000048       0x20 c:/altera/13.0sp1/nios2eds/bin/gnu/h-i686-mingw32/bin/../lib/gcc/nios2-elf/4.1.2/../../../../nios2-elf/lib\libsmallc.a(lib_a-puts.o)
 .debug_aranges
                0x00000068       0x20 c:/altera/13.0sp1/nios2eds/bin/gnu/h-i686-mingw32/bin/../lib/gcc/nios2-elf/4.1.2/../../../../nios2-elf/lib\libsmallc.a(lib_a-strlen.o)
 .debug_aranges
                0x00000088       0x20 c:/altera/13.0sp1/nios2eds/bin/gnu/h-i686-mingw32/bin/../lib/gcc/nios2-elf/4.1.2/../../../../nios2-elf/lib\libsmallc.a(lib_a-fvwrite_small_dev.o)
 .debug_aranges
                0x000000a8       0x20 c:/altera/13.0sp1/nios2eds/bin/gnu/h-i686-mingw32/bin/../lib/gcc/nios2-elf/4.1.2/../../../../nios2-elf/lib\libsmallc.a(lib_a-writer.o)
 .debug_aranges
                0x000000c8       0x20 ../reeeee_bsp/\libhal_bsp.a(alt_load.o)
 .debug_aranges
                0x000000e8       0x20 ../reeeee_bsp/\libhal_bsp.a(alt_main.o)
 .debug_aranges
                0x00000108       0x20 ../reeeee_bsp/\libhal_bsp.a(alt_write.o)
 .debug_aranges
                0x00000128       0x20 ../reeeee_bsp/\libhal_bsp.a(alt_sys_init.o)
 .debug_aranges
                0x00000148       0x20 ../reeeee_bsp/\libhal_bsp.a(altera_avalon_uart_write.o)
 .debug_aranges
                0x00000168       0x20 ../reeeee_bsp/\libhal_bsp.a(alt_dcache_flush_all.o)
 .debug_aranges
                0x00000188       0x20 ../reeeee_bsp/\libhal_bsp.a(alt_icache_flush_all.o)
 .debug_aranges
                0x000001a8       0x20 ../reeeee_bsp/\libhal_bsp.a(altera_nios2_qsys_irq.o)
 .debug_aranges
                0x000001c8       0x20 ../reeeee_bsp/\libhal_bsp.a(alt_icache_flush.o)

.debug_pubnames
                0x00000000      0x2c4
 *(.debug_pubnames)
 .debug_pubnames
                0x00000000       0x25 obj/default/hello_world_small.o
 .debug_pubnames
                0x00000025       0x27 c:/altera/13.0sp1/nios2eds/bin/gnu/h-i686-mingw32/bin/../lib/gcc/nios2-elf/4.1.2/../../../../nios2-elf/lib\libsmallc.a(lib_a-puts.o)
 .debug_pubnames
                0x0000004c       0x1d c:/altera/13.0sp1/nios2eds/bin/gnu/h-i686-mingw32/bin/../lib/gcc/nios2-elf/4.1.2/../../../../nios2-elf/lib\libsmallc.a(lib_a-strlen.o)
 .debug_pubnames
                0x00000069       0x2b c:/altera/13.0sp1/nios2eds/bin/gnu/h-i686-mingw32/bin/../lib/gcc/nios2-elf/4.1.2/../../../../nios2-elf/lib\libsmallc.a(lib_a-fvwrite_small_dev.o)
 .debug_pubnames
                0x00000094       0x39 c:/altera/13.0sp1/nios2eds/bin/gnu/h-i686-mingw32/bin/../lib/gcc/nios2-elf/4.1.2/../../../../nios2-elf/lib\libsmallc.a(lib_a-impure.o)
 .debug_pubnames
                0x000000cd       0x1f c:/altera/13.0sp1/nios2eds/bin/gnu/h-i686-mingw32/bin/../lib/gcc/nios2-elf/4.1.2/../../../../nios2-elf/lib\libsmallc.a(lib_a-writer.o)
 .debug_pubnames
                0x000000ec       0x1c c:/altera/13.0sp1/nios2eds/bin/gnu/h-i686-mingw32/bin/../lib/gcc/nios2-elf/4.1.2/../../../../nios2-elf/lib\libsmallc.a(lib_a-int_errno.o)
 .debug_pubnames
                0x00000108       0x1f ../reeeee_bsp/\libhal_bsp.a(alt_load.o)
 .debug_pubnames
                0x00000127       0x46 ../reeeee_bsp/\libhal_bsp.a(alt_main.o)
 .debug_pubnames
                0x0000016d       0x1c ../reeeee_bsp/\libhal_bsp.a(alt_write.o)
 .debug_pubnames
                0x00000189       0x3e ../reeeee_bsp/\libhal_bsp.a(alt_sys_init.o)
 .debug_pubnames
                0x000001c7       0x2f ../reeeee_bsp/\libhal_bsp.a(altera_avalon_uart_write.o)
 .debug_pubnames
                0x000001f6       0x2b ../reeeee_bsp/\libhal_bsp.a(alt_dcache_flush_all.o)
 .debug_pubnames
                0x00000221       0x20 ../reeeee_bsp/\libhal_bsp.a(alt_errno.o)
 .debug_pubnames
                0x00000241       0x2b ../reeeee_bsp/\libhal_bsp.a(alt_icache_flush_all.o)
 .debug_pubnames
                0x0000026c       0x31 ../reeeee_bsp/\libhal_bsp.a(altera_nios2_qsys_irq.o)
 .debug_pubnames
                0x0000029d       0x27 ../reeeee_bsp/\libhal_bsp.a(alt_icache_flush.o)

.debug_info     0x00000000     0x2684
 *(.debug_info .gnu.linkonce.wi.*)
 .debug_info    0x00000000       0x6c ../reeeee_bsp//obj/HAL/src/crt0.o
 .debug_info    0x0000006c       0xdf obj/default/hello_world_small.o
 .debug_info    0x0000014b      0x685 c:/altera/13.0sp1/nios2eds/bin/gnu/h-i686-mingw32/bin/../lib/gcc/nios2-elf/4.1.2/../../../../nios2-elf/lib\libsmallc.a(lib_a-puts.o)
 .debug_info    0x000007d0       0xc2 c:/altera/13.0sp1/nios2eds/bin/gnu/h-i686-mingw32/bin/../lib/gcc/nios2-elf/4.1.2/../../../../nios2-elf/lib\libsmallc.a(lib_a-strlen.o)
 .debug_info    0x00000892      0x68e c:/altera/13.0sp1/nios2eds/bin/gnu/h-i686-mingw32/bin/../lib/gcc/nios2-elf/4.1.2/../../../../nios2-elf/lib\libsmallc.a(lib_a-fvwrite_small_dev.o)
 .debug_info    0x00000f20      0x636 c:/altera/13.0sp1/nios2eds/bin/gnu/h-i686-mingw32/bin/../lib/gcc/nios2-elf/4.1.2/../../../../nios2-elf/lib\libsmallc.a(lib_a-impure.o)
 .debug_info    0x00001556      0x68c c:/altera/13.0sp1/nios2eds/bin/gnu/h-i686-mingw32/bin/../lib/gcc/nios2-elf/4.1.2/../../../../nios2-elf/lib\libsmallc.a(lib_a-writer.o)
 .debug_info    0x00001be2       0x8c c:/altera/13.0sp1/nios2eds/bin/gnu/h-i686-mingw32/bin/../lib/gcc/nios2-elf/4.1.2/../../../../nios2-elf/lib\libsmallc.a(lib_a-int_errno.o)
 .debug_info    0x00001c6e      0x12e ../reeeee_bsp/\libhal_bsp.a(alt_load.o)
 .debug_info    0x00001d9c      0x125 ../reeeee_bsp/\libhal_bsp.a(alt_main.o)
 .debug_info    0x00001ec1      0x179 ../reeeee_bsp/\libhal_bsp.a(alt_write.o)
 .debug_info    0x0000203a      0x153 ../reeeee_bsp/\libhal_bsp.a(alt_sys_init.o)
 .debug_info    0x0000218d      0x1be ../reeeee_bsp/\libhal_bsp.a(altera_avalon_uart_write.o)
 .debug_info    0x0000234b       0x9f ../reeeee_bsp/\libhal_bsp.a(alt_dcache_flush_all.o)
 .debug_info    0x000023ea       0xab ../reeeee_bsp/\libhal_bsp.a(alt_errno.o)
 .debug_info    0x00002495       0x8d ../reeeee_bsp/\libhal_bsp.a(alt_icache_flush_all.o)
 .debug_info    0x00002522       0x8d ../reeeee_bsp/\libhal_bsp.a(altera_nios2_qsys_irq.o)
 .debug_info    0x000025af       0xd5 ../reeeee_bsp/\libhal_bsp.a(alt_icache_flush.o)

.debug_abbrev   0x00000000      0xc97
 *(.debug_abbrev)
 .debug_abbrev  0x00000000       0x12 ../reeeee_bsp//obj/HAL/src/crt0.o
 .debug_abbrev  0x00000012       0x88 obj/default/hello_world_small.o
 .debug_abbrev  0x0000009a      0x180 c:/altera/13.0sp1/nios2eds/bin/gnu/h-i686-mingw32/bin/../lib/gcc/nios2-elf/4.1.2/../../../../nios2-elf/lib\libsmallc.a(lib_a-puts.o)
 .debug_abbrev  0x0000021a       0x7a c:/altera/13.0sp1/nios2eds/bin/gnu/h-i686-mingw32/bin/../lib/gcc/nios2-elf/4.1.2/../../../../nios2-elf/lib\libsmallc.a(lib_a-strlen.o)
 .debug_abbrev  0x00000294      0x179 c:/altera/13.0sp1/nios2eds/bin/gnu/h-i686-mingw32/bin/../lib/gcc/nios2-elf/4.1.2/../../../../nios2-elf/lib\libsmallc.a(lib_a-fvwrite_small_dev.o)
 .debug_abbrev  0x0000040d      0x13f c:/altera/13.0sp1/nios2eds/bin/gnu/h-i686-mingw32/bin/../lib/gcc/nios2-elf/4.1.2/../../../../nios2-elf/lib\libsmallc.a(lib_a-impure.o)
 .debug_abbrev  0x0000054c      0x16c c:/altera/13.0sp1/nios2eds/bin/gnu/h-i686-mingw32/bin/../lib/gcc/nios2-elf/4.1.2/../../../../nios2-elf/lib\libsmallc.a(lib_a-writer.o)
 .debug_abbrev  0x000006b8       0x3b c:/altera/13.0sp1/nios2eds/bin/gnu/h-i686-mingw32/bin/../lib/gcc/nios2-elf/4.1.2/../../../../nios2-elf/lib\libsmallc.a(lib_a-int_errno.o)
 .debug_abbrev  0x000006f3       0x97 ../reeeee_bsp/\libhal_bsp.a(alt_load.o)
 .debug_abbrev  0x0000078a       0xa6 ../reeeee_bsp/\libhal_bsp.a(alt_main.o)
 .debug_abbrev  0x00000830       0xdd ../reeeee_bsp/\libhal_bsp.a(alt_write.o)
 .debug_abbrev  0x0000090d       0xdc ../reeeee_bsp/\libhal_bsp.a(alt_sys_init.o)
 .debug_abbrev  0x000009e9       0xf2 ../reeeee_bsp/\libhal_bsp.a(altera_avalon_uart_write.o)
 .debug_abbrev  0x00000adb       0x57 ../reeeee_bsp/\libhal_bsp.a(alt_dcache_flush_all.o)
 .debug_abbrev  0x00000b32       0x5e ../reeeee_bsp/\libhal_bsp.a(alt_errno.o)
 .debug_abbrev  0x00000b90       0x3f ../reeeee_bsp/\libhal_bsp.a(alt_icache_flush_all.o)
 .debug_abbrev  0x00000bcf       0x3f ../reeeee_bsp/\libhal_bsp.a(altera_nios2_qsys_irq.o)
 .debug_abbrev  0x00000c0e       0x89 ../reeeee_bsp/\libhal_bsp.a(alt_icache_flush.o)

.debug_line     0x00000000     0x26ff
 *(.debug_line)
 .debug_line    0x00000000       0x72 ../reeeee_bsp//obj/HAL/src/crt0.o
 .debug_line    0x00000072      0x256 obj/default/hello_world_small.o
 .debug_line    0x000002c8      0x2af c:/altera/13.0sp1/nios2eds/bin/gnu/h-i686-mingw32/bin/../lib/gcc/nios2-elf/4.1.2/../../../../nios2-elf/lib\libsmallc.a(lib_a-puts.o)
 .debug_line    0x00000577      0x24d c:/altera/13.0sp1/nios2eds/bin/gnu/h-i686-mingw32/bin/../lib/gcc/nios2-elf/4.1.2/../../../../nios2-elf/lib\libsmallc.a(lib_a-strlen.o)
 .debug_line    0x000007c4      0x2a6 c:/altera/13.0sp1/nios2eds/bin/gnu/h-i686-mingw32/bin/../lib/gcc/nios2-elf/4.1.2/../../../../nios2-elf/lib\libsmallc.a(lib_a-fvwrite_small_dev.o)
 .debug_line    0x00000a6a      0x22d c:/altera/13.0sp1/nios2eds/bin/gnu/h-i686-mingw32/bin/../lib/gcc/nios2-elf/4.1.2/../../../../nios2-elf/lib\libsmallc.a(lib_a-impure.o)
 .debug_line    0x00000c97      0x29a c:/altera/13.0sp1/nios2eds/bin/gnu/h-i686-mingw32/bin/../lib/gcc/nios2-elf/4.1.2/../../../../nios2-elf/lib\libsmallc.a(lib_a-writer.o)
 .debug_line    0x00000f31      0x1df c:/altera/13.0sp1/nios2eds/bin/gnu/h-i686-mingw32/bin/../lib/gcc/nios2-elf/4.1.2/../../../../nios2-elf/lib\libsmallc.a(lib_a-int_errno.o)
 .debug_line    0x00001110      0x217 ../reeeee_bsp/\libhal_bsp.a(alt_load.o)
 .debug_line    0x00001327      0x2c2 ../reeeee_bsp/\libhal_bsp.a(alt_main.o)
 .debug_line    0x000015e9      0x2ab ../reeeee_bsp/\libhal_bsp.a(alt_write.o)
 .debug_line    0x00001894      0x266 ../reeeee_bsp/\libhal_bsp.a(alt_sys_init.o)
 .debug_line    0x00001afa      0x31a ../reeeee_bsp/\libhal_bsp.a(altera_avalon_uart_write.o)
 .debug_line    0x00001e14      0x1cd ../reeeee_bsp/\libhal_bsp.a(alt_dcache_flush_all.o)
 .debug_line    0x00001fe1      0x1aa ../reeeee_bsp/\libhal_bsp.a(alt_errno.o)
 .debug_line    0x0000218b      0x1c5 ../reeeee_bsp/\libhal_bsp.a(alt_icache_flush_all.o)
 .debug_line    0x00002350      0x1ce ../reeeee_bsp/\libhal_bsp.a(altera_nios2_qsys_irq.o)
 .debug_line    0x0000251e      0x1e1 ../reeeee_bsp/\libhal_bsp.a(alt_icache_flush.o)

.debug_frame    0x00000000      0x260
 *(.debug_frame)
 .debug_frame   0x00000000       0x3c obj/default/hello_world_small.o
 .debug_frame   0x0000003c       0x3c c:/altera/13.0sp1/nios2eds/bin/gnu/h-i686-mingw32/bin/../lib/gcc/nios2-elf/4.1.2/../../../../nios2-elf/lib\libsmallc.a(lib_a-puts.o)
 .debug_frame   0x00000078       0x20 c:/altera/13.0sp1/nios2eds/bin/gnu/h-i686-mingw32/bin/../lib/gcc/nios2-elf/4.1.2/../../../../nios2-elf/lib\libsmallc.a(lib_a-strlen.o)
 .debug_frame   0x00000098       0x30 c:/altera/13.0sp1/nios2eds/bin/gnu/h-i686-mingw32/bin/../lib/gcc/nios2-elf/4.1.2/../../../../nios2-elf/lib\libsmallc.a(lib_a-fvwrite_small_dev.o)
 .debug_frame   0x000000c8       0x2c c:/altera/13.0sp1/nios2eds/bin/gnu/h-i686-mingw32/bin/../lib/gcc/nios2-elf/4.1.2/../../../../nios2-elf/lib\libsmallc.a(lib_a-writer.o)
 .debug_frame   0x000000f4       0x38 ../reeeee_bsp/\libhal_bsp.a(alt_load.o)
 .debug_frame   0x0000012c       0x28 ../reeeee_bsp/\libhal_bsp.a(alt_main.o)
 .debug_frame   0x00000154       0x28 ../reeeee_bsp/\libhal_bsp.a(alt_write.o)
 .debug_frame   0x0000017c       0x38 ../reeeee_bsp/\libhal_bsp.a(alt_sys_init.o)
 .debug_frame   0x000001b4       0x2c ../reeeee_bsp/\libhal_bsp.a(altera_avalon_uart_write.o)
 .debug_frame   0x000001e0       0x20 ../reeeee_bsp/\libhal_bsp.a(alt_dcache_flush_all.o)
 .debug_frame   0x00000200       0x20 ../reeeee_bsp/\libhal_bsp.a(alt_icache_flush_all.o)
 .debug_frame   0x00000220       0x20 ../reeeee_bsp/\libhal_bsp.a(altera_nios2_qsys_irq.o)
 .debug_frame   0x00000240       0x20 ../reeeee_bsp/\libhal_bsp.a(alt_icache_flush.o)

.debug_str      0x00000000      0xa5f
 *(.debug_str)
 .debug_str     0x00000000       0xad obj/default/hello_world_small.o
                                 0xeb (size before relaxing)
 .debug_str     0x000000ad      0x380 c:/altera/13.0sp1/nios2eds/bin/gnu/h-i686-mingw32/bin/../lib/gcc/nios2-elf/4.1.2/../../../../nios2-elf/lib\libsmallc.a(lib_a-puts.o)
                                0x442 (size before relaxing)
 .debug_str     0x0000042d       0xd4 c:/altera/13.0sp1/nios2eds/bin/gnu/h-i686-mingw32/bin/../lib/gcc/nios2-elf/4.1.2/../../../../nios2-elf/lib\libsmallc.a(lib_a-strlen.o)
                                0x176 (size before relaxing)
 .debug_str     0x00000501       0x6d c:/altera/13.0sp1/nios2eds/bin/gnu/h-i686-mingw32/bin/../lib/gcc/nios2-elf/4.1.2/../../../../nios2-elf/lib\libsmallc.a(lib_a-fvwrite_small_dev.o)
                                0x45c (size before relaxing)
 .debug_str     0x0000056e       0xea c:/altera/13.0sp1/nios2eds/bin/gnu/h-i686-mingw32/bin/../lib/gcc/nios2-elf/4.1.2/../../../../nios2-elf/lib\libsmallc.a(lib_a-impure.o)
                                0x44f (size before relaxing)
 .debug_str     0x00000658       0x4c c:/altera/13.0sp1/nios2eds/bin/gnu/h-i686-mingw32/bin/../lib/gcc/nios2-elf/4.1.2/../../../../nios2-elf/lib\libsmallc.a(lib_a-writer.o)
                                0x443 (size before relaxing)
 .debug_str     0x000006a4       0x3d c:/altera/13.0sp1/nios2eds/bin/gnu/h-i686-mingw32/bin/../lib/gcc/nios2-elf/4.1.2/../../../../nios2-elf/lib\libsmallc.a(lib_a-int_errno.o)
                                0x169 (size before relaxing)
 .debug_str     0x000006e1      0x12c ../reeeee_bsp/\libhal_bsp.a(alt_load.o)
                                0x1c1 (size before relaxing)
 .debug_str     0x0000080d       0x70 ../reeeee_bsp/\libhal_bsp.a(alt_main.o)
                                0x145 (size before relaxing)
 .debug_str     0x0000087d       0x4d ../reeeee_bsp/\libhal_bsp.a(alt_write.o)
                                0x166 (size before relaxing)
 .debug_str     0x000008ca       0x65 ../reeeee_bsp/\libhal_bsp.a(alt_sys_init.o)
                                0x187 (size before relaxing)
 .debug_str     0x0000092f       0x4d ../reeeee_bsp/\libhal_bsp.a(altera_avalon_uart_write.o)
                                0x1b1 (size before relaxing)
 .debug_str     0x0000097c       0x34 ../reeeee_bsp/\libhal_bsp.a(alt_dcache_flush_all.o)
                                0x104 (size before relaxing)
 .debug_str     0x000009b0       0x14 ../reeeee_bsp/\libhal_bsp.a(alt_errno.o)
                                 0xf4 (size before relaxing)
 .debug_str     0x000009c4       0x34 ../reeeee_bsp/\libhal_bsp.a(alt_icache_flush_all.o)
                                0x104 (size before relaxing)
 .debug_str     0x000009f8       0x3b ../reeeee_bsp/\libhal_bsp.a(altera_nios2_qsys_irq.o)
                                0x10b (size before relaxing)
 .debug_str     0x00000a33       0x2c ../reeeee_bsp/\libhal_bsp.a(alt_icache_flush.o)
                                0x10a (size before relaxing)

.debug_loc      0x00000000      0x4d1
 *(.debug_loc)
 .debug_loc     0x00000000       0x51 obj/default/hello_world_small.o
 .debug_loc     0x00000051       0xa2 c:/altera/13.0sp1/nios2eds/bin/gnu/h-i686-mingw32/bin/../lib/gcc/nios2-elf/4.1.2/../../../../nios2-elf/lib\libsmallc.a(lib_a-puts.o)
 .debug_loc     0x000000f3       0x1e c:/altera/13.0sp1/nios2eds/bin/gnu/h-i686-mingw32/bin/../lib/gcc/nios2-elf/4.1.2/../../../../nios2-elf/lib\libsmallc.a(lib_a-strlen.o)
 .debug_loc     0x00000111      0x162 c:/altera/13.0sp1/nios2eds/bin/gnu/h-i686-mingw32/bin/../lib/gcc/nios2-elf/4.1.2/../../../../nios2-elf/lib\libsmallc.a(lib_a-fvwrite_small_dev.o)
 .debug_loc     0x00000273       0x97 c:/altera/13.0sp1/nios2eds/bin/gnu/h-i686-mingw32/bin/../lib/gcc/nios2-elf/4.1.2/../../../../nios2-elf/lib\libsmallc.a(lib_a-writer.o)
 .debug_loc     0x0000030a       0x1f ../reeeee_bsp/\libhal_bsp.a(alt_load.o)
 .debug_loc     0x00000329       0x1f ../reeeee_bsp/\libhal_bsp.a(alt_main.o)
 .debug_loc     0x00000348       0x9a ../reeeee_bsp/\libhal_bsp.a(alt_write.o)
 .debug_loc     0x000003e2       0x32 ../reeeee_bsp/\libhal_bsp.a(alt_sys_init.o)
 .debug_loc     0x00000414       0xaa ../reeeee_bsp/\libhal_bsp.a(altera_avalon_uart_write.o)
 .debug_loc     0x000004be       0x13 ../reeeee_bsp/\libhal_bsp.a(alt_icache_flush.o)

.debug_macinfo
 *(.debug_macinfo)

.debug_weaknames
 *(.debug_weaknames)

.debug_funcnames
 *(.debug_funcnames)

.debug_typenames
 *(.debug_typenames)

.debug_varnames
 *(.debug_varnames)

.debug_alt_sim_info
                0x00000000       0x30
 *(.debug_alt_sim_info)
 .debug_alt_sim_info
                0x00000000       0x30 ../reeeee_bsp//obj/HAL/src/crt0.o
                0x00004000                __alt_data_end = 0x4000
                0x00004000                PROVIDE (__alt_stack_pointer, __alt_data_end)
                0x00002738                PROVIDE (__alt_stack_limit, __alt_stack_base)
                0x00002738                PROVIDE (__alt_heap_start, end)
                0x00004000                PROVIDE (__alt_heap_limit, 0x4000)
OUTPUT(reeeee.elf elf32-littlenios2)

.debug_ranges   0x00000000       0x20
 .debug_ranges  0x00000000       0x20 ../reeeee_bsp//obj/HAL/src/crt0.o
