Archive member included because of file (symbol)

c:/altera/13.0sp1/nios2eds/bin/gnu/h-i686-mingw32/bin/../lib/gcc/nios2-elf/4.1.2/../../../../nios2-elf/lib\libsmallc.a(lib_a-puts.o)
                              obj/default/hello_world_small.o (puts)
c:/altera/13.0sp1/nios2eds/bin/gnu/h-i686-mingw32/bin/../lib/gcc/nios2-elf/4.1.2/../../../../nios2-elf/lib\libsmallc.a(lib_a-strlen.o)
                              c:/altera/13.0sp1/nios2eds/bin/gnu/h-i686-mingw32/bin/../lib/gcc/nios2-elf/4.1.2/../../../../nios2-elf/lib\libsmallc.a(lib_a-puts.o) (strlen)
c:/altera/13.0sp1/nios2eds/bin/gnu/h-i686-mingw32/bin/../lib/gcc/nios2-elf/4.1.2/../../../../nios2-elf/lib\libsmallc.a(lib_a-fvwrite_small_dev.o)
                              c:/altera/13.0sp1/nios2eds/bin/gnu/h-i686-mingw32/bin/../lib/gcc/nios2-elf/4.1.2/../../../../nios2-elf/lib\libsmallc.a(lib_a-puts.o) (__sfvwrite_small_dev)
c:/altera/13.0sp1/nios2eds/bin/gnu/h-i686-mingw32/bin/../lib/gcc/nios2-elf/4.1.2/../../../../nios2-elf/lib\libsmallc.a(lib_a-impure.o)
                              c:/altera/13.0sp1/nios2eds/bin/gnu/h-i686-mingw32/bin/../lib/gcc/nios2-elf/4.1.2/../../../../nios2-elf/lib\libsmallc.a(lib_a-puts.o) (_impure_ptr)
c:/altera/13.0sp1/nios2eds/bin/gnu/h-i686-mingw32/bin/../lib/gcc/nios2-elf/4.1.2/../../../../nios2-elf/lib\libsmallc.a(lib_a-writer.o)
                              c:/altera/13.0sp1/nios2eds/bin/gnu/h-i686-mingw32/bin/../lib/gcc/nios2-elf/4.1.2/../../../../nios2-elf/lib\libsmallc.a(lib_a-fvwrite_small_dev.o) (_write_r)
c:/altera/13.0sp1/nios2eds/bin/gnu/h-i686-mingw32/bin/../lib/gcc/nios2-elf/4.1.2/../../../../nios2-elf/lib\libsmallc.a(lib_a-int_errno.o)
                              c:/altera/13.0sp1/nios2eds/bin/gnu/h-i686-mingw32/bin/../lib/gcc/nios2-elf/4.1.2/../../../../nios2-elf/lib\libsmallc.a(lib_a-writer.o) (errno)
../niii_bsp/\libhal_bsp.a(alt_load.o)
                              ../niii_bsp//obj/HAL/src/crt0.o (alt_load)
../niii_bsp/\libhal_bsp.a(alt_main.o)
                              ../niii_bsp//obj/HAL/src/crt0.o (alt_main)
../niii_bsp/\libhal_bsp.a(alt_write.o)
                              c:/altera/13.0sp1/nios2eds/bin/gnu/h-i686-mingw32/bin/../lib/gcc/nios2-elf/4.1.2/../../../../nios2-elf/lib\libsmallc.a(lib_a-writer.o) (write)
../niii_bsp/\libhal_bsp.a(alt_sys_init.o)
                              ../niii_bsp/\libhal_bsp.a(alt_main.o) (alt_sys_init)
../niii_bsp/\libhal_bsp.a(altera_avalon_uart_write.o)
                              ../niii_bsp/\libhal_bsp.a(alt_write.o) (altera_avalon_uart_write)
../niii_bsp/\libhal_bsp.a(alt_dcache_flush_all.o)
                              ../niii_bsp/\libhal_bsp.a(alt_load.o) (alt_dcache_flush_all)
../niii_bsp/\libhal_bsp.a(alt_errno.o)
                              ../niii_bsp/\libhal_bsp.a(alt_write.o) (alt_errno)
../niii_bsp/\libhal_bsp.a(alt_icache_flush_all.o)
                              ../niii_bsp/\libhal_bsp.a(alt_load.o) (alt_icache_flush_all)
../niii_bsp/\libhal_bsp.a(altera_nios2_qsys_irq.o)
                              ../niii_bsp/\libhal_bsp.a(alt_sys_init.o) (altera_nios2_qsys_irq_init)
../niii_bsp/\libhal_bsp.a(alt_icache_flush.o)
                              ../niii_bsp/\libhal_bsp.a(alt_icache_flush_all.o) (alt_icache_flush)

Allocating common symbols
Common symbol       size              file

errno               0x4               c:/altera/13.0sp1/nios2eds/bin/gnu/h-i686-mingw32/bin/../lib/gcc/nios2-elf/4.1.2/../../../../nios2-elf/lib\libsmallc.a(lib_a-int_errno.o)

Memory Configuration

Name             Origin             Length             Attributes
reset            0x00002000         0x00000020
onchip_memory2_0 0x00002020         0x00001fe0
*default*        0x00000000         0xffffffff

Linker script and memory map

LOAD ../niii_bsp//obj/HAL/src/crt0.o
                0x0000201c                exit = _exit
LOAD obj/default/hello_world_small.o
LOAD c:/altera/13.0sp1/nios2eds/bin/gnu/h-i686-mingw32/bin/../lib/gcc/nios2-elf/4.1.2/../../../../nios2-elf/lib\libstdc++.a
LOAD c:/altera/13.0sp1/nios2eds/bin/gnu/h-i686-mingw32/bin/../lib/gcc/nios2-elf/4.1.2/../../../../nios2-elf/lib\libm.a
LOAD c:/altera/13.0sp1/nios2eds/bin/gnu/h-i686-mingw32/bin/../lib/gcc/nios2-elf/4.1.2\libgcc.a
START GROUP
LOAD c:/altera/13.0sp1/nios2eds/bin/gnu/h-i686-mingw32/bin/../lib/gcc/nios2-elf/4.1.2/../../../../nios2-elf/lib\libsmallc.a
LOAD c:/altera/13.0sp1/nios2eds/bin/gnu/h-i686-mingw32/bin/../lib/gcc/nios2-elf/4.1.2\libgcc.a
LOAD ../niii_bsp/\libhal_bsp.a
END GROUP
LOAD c:/altera/13.0sp1/nios2eds/bin/gnu/h-i686-mingw32/bin/../lib/gcc/nios2-elf/4.1.2\libgcc.a
                0x00002000                __alt_mem_onchip_memory2_0 = 0x2000

.entry          0x00002000       0x20
 *(.entry)
 .entry         0x00002000       0x20 ../niii_bsp//obj/HAL/src/crt0.o
                0x00002000                __reset
                0x0000201c                _exit

.exceptions     0x00002020        0x0
                0x00002020                PROVIDE (__ram_exceptions_start, ABSOLUTE (.))
                0x00002020                . = ALIGN (0x20)
 *(.irq)
 *(.exceptions.entry.label)
 *(.exceptions.entry.user)
 *(.exceptions.entry)
 *(.exceptions.irqtest.user)
 *(.exceptions.irqtest)
 *(.exceptions.irqhandler.user)
 *(.exceptions.irqhandler)
 *(.exceptions.irqreturn.user)
 *(.exceptions.irqreturn)
 *(.exceptions.notirq.label)
 *(.exceptions.notirq.user)
 *(.exceptions.notirq)
 *(.exceptions.soft.user)
 *(.exceptions.soft)
 *(.exceptions.unknown.user)
 *(.exceptions.unknown)
 *(.exceptions.exit.label)
 *(.exceptions.exit.user)
 *(.exceptions.exit)
 *(.exceptions)
                0x00002020                PROVIDE (__ram_exceptions_end, ABSOLUTE (.))
                0x00002020                PROVIDE (__flash_exceptions_start, LOADADDR (.exceptions))

.text           0x00002020      0x508
                0x00002020                PROVIDE (stext, ABSOLUTE (.))
 *(.interp)
 *(.hash)
 *(.dynsym)
 *(.dynstr)
 *(.gnu.version)
 *(.gnu.version_d)
 *(.gnu.version_r)
 *(.rel.init)
 *(.rela.init)
 *(.rel.text .rel.text.* .rel.gnu.linkonce.t.*)
 *(.rela.text .rela.text.* .rela.gnu.linkonce.t.*)
 *(.rel.fini)
 *(.rela.fini)
 *(.rel.rodata .rel.rodata.* .rel.gnu.linkonce.r.*)
 *(.rela.rodata .rela.rodata.* .rela.gnu.linkonce.r.*)
 *(.rel.data .rel.data.* .rel.gnu.linkonce.d.*)
 *(.rela.data .rela.data.* .rela.gnu.linkonce.d.*)
 *(.rel.tdata .rel.tdata.* .rel.gnu.linkonce.td.*)
 *(.rela.tdata .rela.tdata.* .rela.gnu.linkonce.td.*)
 *(.rel.tbss .rel.tbss.* .rel.gnu.linkonce.tb.*)
 *(.rela.tbss .rela.tbss.* .rela.gnu.linkonce.tb.*)
 *(.rel.ctors)
 *(.rela.ctors)
 *(.rel.dtors)
 *(.rela.dtors)
 *(.rel.got)
 *(.rela.got)
 *(.rel.sdata .rel.sdata.* .rel.gnu.linkonce.s.*)
 *(.rela.sdata .rela.sdata.* .rela.gnu.linkonce.s.*)
 *(.rel.sbss .rel.sbss.* .rel.gnu.linkonce.sb.*)
 *(.rela.sbss .rela.sbss.* .rela.gnu.linkonce.sb.*)
 *(.rel.sdata2 .rel.sdata2.* .rel.gnu.linkonce.s2.*)
 *(.rela.sdata2 .rela.sdata2.* .rela.gnu.linkonce.s2.*)
 *(.rel.sbss2 .rel.sbss2.* .rel.gnu.linkonce.sb2.*)
 *(.rela.sbss2 .rela.sbss2.* .rela.gnu.linkonce.sb2.*)
 *(.rel.bss .rel.bss.* .rel.gnu.linkonce.b.*)
 *(.rela.bss .rela.bss.* .rela.gnu.linkonce.b.*)
 *(.rel.plt)
 *(.rela.plt)
 *(.rel.dyn)
 *(.init)
 *(.plt)
 *(.text .stub .text.* .gnu.linkonce.t.*)
 .text          0x00002020       0x4c ../niii_bsp//obj/HAL/src/crt0.o
                0x00002020                _start
 .text          0x0000206c       0x78 obj/default/hello_world_small.o
                0x0000206c                delay
                0x000020a0                main
 .text          0x000020e4       0xa4 c:/altera/13.0sp1/nios2eds/bin/gnu/h-i686-mingw32/bin/../lib/gcc/nios2-elf/4.1.2/../../../../nios2-elf/lib\libsmallc.a(lib_a-puts.o)
                0x000020e4                _puts_r
                0x00002174                puts
 .text          0x00002188       0x20 c:/altera/13.0sp1/nios2eds/bin/gnu/h-i686-mingw32/bin/../lib/gcc/nios2-elf/4.1.2/../../../../nios2-elf/lib\libsmallc.a(lib_a-strlen.o)
                0x00002188                strlen
 .text          0x000021a8       0xbc c:/altera/13.0sp1/nios2eds/bin/gnu/h-i686-mingw32/bin/../lib/gcc/nios2-elf/4.1.2/../../../../nios2-elf/lib\libsmallc.a(lib_a-fvwrite_small_dev.o)
                0x000021a8                __sfvwrite_small_dev
 .text          0x00002264        0x0 c:/altera/13.0sp1/nios2eds/bin/gnu/h-i686-mingw32/bin/../lib/gcc/nios2-elf/4.1.2/../../../../nios2-elf/lib\libsmallc.a(lib_a-impure.o)
 .text          0x00002264       0x78 c:/altera/13.0sp1/nios2eds/bin/gnu/h-i686-mingw32/bin/../lib/gcc/nios2-elf/4.1.2/../../../../nios2-elf/lib\libsmallc.a(lib_a-writer.o)
                0x00002264                _write_r
 .text          0x000022dc        0x0 c:/altera/13.0sp1/nios2eds/bin/gnu/h-i686-mingw32/bin/../lib/gcc/nios2-elf/4.1.2/../../../../nios2-elf/lib\libsmallc.a(lib_a-int_errno.o)
 .text          0x000022dc       0x8c ../niii_bsp/\libhal_bsp.a(alt_load.o)
                0x000022fc                alt_load
 .text          0x00002368       0x2c ../niii_bsp/\libhal_bsp.a(alt_main.o)
                0x00002368                alt_main
 .text          0x00002394       0x78 ../niii_bsp/\libhal_bsp.a(alt_write.o)
                0x00002394                write
 .text          0x0000240c       0x24 ../niii_bsp/\libhal_bsp.a(alt_sys_init.o)
                0x0000240c                alt_sys_init
                0x00002410                alt_irq_init
 .text          0x00002430       0x94 ../niii_bsp/\libhal_bsp.a(altera_avalon_uart_write.o)
                0x00002430                altera_avalon_uart_write
 .text          0x000024c4       0x18 ../niii_bsp/\libhal_bsp.a(alt_dcache_flush_all.o)
                0x000024c4                alt_dcache_flush_all
 .text          0x000024dc        0x0 ../niii_bsp/\libhal_bsp.a(alt_errno.o)
 .text          0x000024dc        0xc ../niii_bsp/\libhal_bsp.a(alt_icache_flush_all.o)
                0x000024dc                alt_icache_flush_all
 .text          0x000024e8        0x8 ../niii_bsp/\libhal_bsp.a(altera_nios2_qsys_irq.o)
                0x000024e8                altera_nios2_qsys_irq_init
 .text          0x000024f0       0x38 ../niii_bsp/\libhal_bsp.a(alt_icache_flush.o)
                0x000024f0                alt_icache_flush
 *(.gnu.warning.*)
 *(.fini)
                0x00002528                PROVIDE (__etext, ABSOLUTE (.))
                0x00002528                PROVIDE (_etext, ABSOLUTE (.))
                0x00002528                PROVIDE (etext, ABSOLUTE (.))
 *(.eh_frame_hdr)
                0x00002528                . = ALIGN (0x4)
                0x00002528                PROVIDE (__preinit_array_start, ABSOLUTE (.))
 *(.preinit_array)
                0x00002528                PROVIDE (__preinit_array_end, ABSOLUTE (.))
                0x00002528                PROVIDE (__init_array_start, ABSOLUTE (.))
 *(.init_array)
                0x00002528                PROVIDE (__init_array_end, ABSOLUTE (.))
                0x00002528                PROVIDE (__fini_array_start, ABSOLUTE (.))
 *(.fini_array)
                0x00002528                PROVIDE (__fini_array_end, ABSOLUTE (.))
 *(.eh_frame)
 *(.gcc_except_table)
 *(.dynamic)
                0x00002528                PROVIDE (__CTOR_LIST__, ABSOLUTE (.))
 *(.ctors)
 *(SORT(.ctors.*))
                0x00002528                PROVIDE (__CTOR_END__, ABSOLUTE (.))
                0x00002528                PROVIDE (__DTOR_LIST__, ABSOLUTE (.))
 *(.dtors)
 *(SORT(.dtors.*))
                0x00002528                PROVIDE (__DTOR_END__, ABSOLUTE (.))
 *(.jcr)
                0x00002528                . = ALIGN (0x4)

.rodata         0x00002528       0x18
                0x00002528                PROVIDE (__ram_rodata_start, ABSOLUTE (.))
                0x00002528                . = ALIGN (0x4)
 *(.rodata .rodata.* .gnu.linkonce.r.*)
 .rodata.str1.4
                0x00002528       0x12 obj/default/hello_world_small.o
                                 0x14 (size before relaxing)
 *fill*         0x0000253a        0x2 00
 .rodata.str1.4
                0x0000253c        0x4 c:/altera/13.0sp1/nios2eds/bin/gnu/h-i686-mingw32/bin/../lib/gcc/nios2-elf/4.1.2/../../../../nios2-elf/lib\libsmallc.a(lib_a-puts.o)
 *(.rodata1)
                0x00002540                . = ALIGN (0x4)
                0x00002540                PROVIDE (__ram_rodata_end, ABSOLUTE (.))
                0x00002528                PROVIDE (__flash_rodata_start, LOADADDR (.rodata))

.rwdata         0x00002540       0xf0 load address 0x00002630
                0x00002540                PROVIDE (__ram_rwdata_start, ABSOLUTE (.))
                0x00002540                . = ALIGN (0x4)
 *(.got.plt)
 *(.got)
 *(.data1)
 *(.data .data.* .gnu.linkonce.d.*)
 .data          0x00002540        0x0 ../niii_bsp//obj/HAL/src/crt0.o
 .data          0x00002540        0x0 obj/default/hello_world_small.o
 .data          0x00002540        0x0 c:/altera/13.0sp1/nios2eds/bin/gnu/h-i686-mingw32/bin/../lib/gcc/nios2-elf/4.1.2/../../../../nios2-elf/lib\libsmallc.a(lib_a-puts.o)
 .data          0x00002540        0x0 c:/altera/13.0sp1/nios2eds/bin/gnu/h-i686-mingw32/bin/../lib/gcc/nios2-elf/4.1.2/../../../../nios2-elf/lib\libsmallc.a(lib_a-strlen.o)
 .data          0x00002540        0x0 c:/altera/13.0sp1/nios2eds/bin/gnu/h-i686-mingw32/bin/../lib/gcc/nios2-elf/4.1.2/../../../../nios2-elf/lib\libsmallc.a(lib_a-fvwrite_small_dev.o)
 .data          0x00002540       0xe0 c:/altera/13.0sp1/nios2eds/bin/gnu/h-i686-mingw32/bin/../lib/gcc/nios2-elf/4.1.2/../../../../nios2-elf/lib\libsmallc.a(lib_a-impure.o)
 .data          0x00002620        0x0 c:/altera/13.0sp1/nios2eds/bin/gnu/h-i686-mingw32/bin/../lib/gcc/nios2-elf/4.1.2/../../../../nios2-elf/lib\libsmallc.a(lib_a-writer.o)
 .data          0x00002620        0x0 c:/altera/13.0sp1/nios2eds/bin/gnu/h-i686-mingw32/bin/../lib/gcc/nios2-elf/4.1.2/../../../../nios2-elf/lib\libsmallc.a(lib_a-int_errno.o)
 .data          0x00002620        0x0 ../niii_bsp/\libhal_bsp.a(alt_load.o)
 .data          0x00002620        0x0 ../niii_bsp/\libhal_bsp.a(alt_main.o)
 .data          0x00002620        0x0 ../niii_bsp/\libhal_bsp.a(alt_write.o)
 .data          0x00002620        0x0 ../niii_bsp/\libhal_bsp.a(alt_sys_init.o)
 .data          0x00002620        0x0 ../niii_bsp/\libhal_bsp.a(altera_avalon_uart_write.o)
 .data          0x00002620        0x0 ../niii_bsp/\libhal_bsp.a(alt_dcache_flush_all.o)
 .data          0x00002620        0x0 ../niii_bsp/\libhal_bsp.a(alt_errno.o)
 .data          0x00002620        0x0 ../niii_bsp/\libhal_bsp.a(alt_icache_flush_all.o)
 .data          0x00002620        0x0 ../niii_bsp/\libhal_bsp.a(altera_nios2_qsys_irq.o)
 .data          0x00002620        0x0 ../niii_bsp/\libhal_bsp.a(alt_icache_flush.o)
                0x0000a620                _gp = ABSOLUTE ((. + 0x8000))
                0x0000a620                PROVIDE (gp, _gp)
 *(.rwdata .rwdata.*)
 *(.sdata .sdata.* .gnu.linkonce.s.*)
 .sdata         0x00002620        0x8 c:/altera/13.0sp1/nios2eds/bin/gnu/h-i686-mingw32/bin/../lib/gcc/nios2-elf/4.1.2/../../../../nios2-elf/lib\libsmallc.a(lib_a-impure.o)
                0x00002620                _impure_ptr
                0x00002624                _global_impure_ptr
 .sdata         0x00002628        0x4 ../niii_bsp/\libhal_bsp.a(alt_sys_init.o)
                0x00002628                rs232
 .sdata         0x0000262c        0x4 ../niii_bsp/\libhal_bsp.a(alt_errno.o)
                0x0000262c                alt_errno
 *(.sdata2 .sdata2.* .gnu.linkonce.s2.*)
                0x00002630                . = ALIGN (0x4)
                0x00002630                _edata = ABSOLUTE (.)
                0x00002630                PROVIDE (edata, ABSOLUTE (.))
                0x00002630                PROVIDE (__ram_rwdata_end, ABSOLUTE (.))
                0x00002630                PROVIDE (__flash_rwdata_start, LOADADDR (.rwdata))

.bss            0x00002720       0x10
                0x00002720                __bss_start = ABSOLUTE (.)
                0x00002720                PROVIDE (__sbss_start, ABSOLUTE (.))
                0x00002720                PROVIDE (___sbss_start, ABSOLUTE (.))
 *(.dynsbss)
 *(.sbss .sbss.* .gnu.linkonce.sb.*)
 .sbss          0x00002720        0x4 c:/altera/13.0sp1/nios2eds/bin/gnu/h-i686-mingw32/bin/../lib/gcc/nios2-elf/4.1.2/../../../../nios2-elf/lib\libsmallc.a(lib_a-int_errno.o)
                0x00002720                errno
 .sbss          0x00002724        0xc ../niii_bsp/\libhal_bsp.a(alt_main.o)
                0x00002724                alt_argc
                0x00002728                alt_argv
                0x0000272c                alt_envp
 *(.sbss2 .sbss2.* .gnu.linkonce.sb2.*)
 *(.scommon)
                0x00002730                PROVIDE (__sbss_end, ABSOLUTE (.))
                0x00002730                PROVIDE (___sbss_end, ABSOLUTE (.))
 *(.dynbss)
 *(.bss .bss.* .gnu.linkonce.b.*)
 .bss           0x00002730        0x0 ../niii_bsp//obj/HAL/src/crt0.o
 .bss           0x00002730        0x0 obj/default/hello_world_small.o
 .bss           0x00002730        0x0 c:/altera/13.0sp1/nios2eds/bin/gnu/h-i686-mingw32/bin/../lib/gcc/nios2-elf/4.1.2/../../../../nios2-elf/lib\libsmallc.a(lib_a-puts.o)
 .bss           0x00002730        0x0 c:/altera/13.0sp1/nios2eds/bin/gnu/h-i686-mingw32/bin/../lib/gcc/nios2-elf/4.1.2/../../../../nios2-elf/lib\libsmallc.a(lib_a-strlen.o)
 .bss           0x00002730        0x0 c:/altera/13.0sp1/nios2eds/bin/gnu/h-i686-mingw32/bin/../lib/gcc/nios2-elf/4.1.2/../../../../nios2-elf/lib\libsmallc.a(lib_a-fvwrite_small_dev.o)
 .bss           0x00002730        0x0 c:/altera/13.0sp1/nios2eds/bin/gnu/h-i686-mingw32/bin/../lib/gcc/nios2-elf/4.1.2/../../../../nios2-elf/lib\libsmallc.a(lib_a-impure.o)
 .bss           0x00002730        0x0 c:/altera/13.0sp1/nios2eds/bin/gnu/h-i686-mingw32/bin/../lib/gcc/nios2-elf/4.1.2/../../../../nios2-elf/lib\libsmallc.a(lib_a-writer.o)
 .bss           0x00002730        0x0 c:/altera/13.0sp1/nios2eds/bin/gnu/h-i686-mingw32/bin/../lib/gcc/nios2-elf/4.1.2/../../../../nios2-elf/lib\libsmallc.a(lib_a-int_errno.o)
 .bss           0x00002730        0x0 ../niii_bsp/\libhal_bsp.a(alt_load.o)
 .bss           0x00002730        0x0 ../niii_bsp/\libhal_bsp.a(alt_main.o)
 .bss           0x00002730        0x0 ../niii_bsp/\libhal_bsp.a(alt_write.o)
 .bss           0x00002730        0x0 ../niii_bsp/\libhal_bsp.a(alt_sys_init.o)
 .bss           0x00002730        0x0 ../niii_bsp/\libhal_bsp.a(altera_avalon_uart_write.o)
 .bss           0x00002730        0x0 ../niii_bsp/\libhal_bsp.a(alt_dcache_flush_all.o)
 .bss           0x00002730        0x0 ../niii_bsp/\libhal_bsp.a(alt_errno.o)
 .bss           0x00002730        0x0 ../niii_bsp/\libhal_bsp.a(alt_icache_flush_all.o)
 .bss           0x00002730        0x0 ../niii_bsp/\libhal_bsp.a(altera_nios2_qsys_irq.o)
 .bss           0x00002730        0x0 ../niii_bsp/\libhal_bsp.a(alt_icache_flush.o)
 *(COMMON)
                0x00002730                . = ALIGN (0x4)
                0x00002730                __bss_end = ABSOLUTE (.)

.onchip_memory2_0
                0x00002730        0x0
                0x00002730                PROVIDE (_alt_partition_onchip_memory2_0_start, ABSOLUTE (.))
 *(.onchip_memory2_0. onchip_memory2_0.*)
                0x00002730                . = ALIGN (0x4)
                0x00002730                PROVIDE (_alt_partition_onchip_memory2_0_end, ABSOLUTE (.))
                0x00002730                _end = ABSOLUTE (.)
                0x00002730                end = ABSOLUTE (.)
                0x00002730                __alt_stack_base = ABSOLUTE (.)
                0x00002730                PROVIDE (_alt_partition_onchip_memory2_0_load_addr, LOADADDR (.onchip_memory2_0))

.stab
 *(.stab)

.stabstr
 *(.stabstr)

.stab.excl
 *(.stab.excl)

.stab.exclstr
 *(.stab.exclstr)

.stab.index
 *(.stab.index)

.stab.indexstr
 *(.stab.indexstr)

.comment        0x00000000       0x26
 *(.comment)
 .comment       0x00000000       0x26 obj/default/hello_world_small.o
                                 0x27 (size before relaxing)
 .comment       0x00000000       0x27 c:/altera/13.0sp1/nios2eds/bin/gnu/h-i686-mingw32/bin/../lib/gcc/nios2-elf/4.1.2/../../../../nios2-elf/lib\libsmallc.a(lib_a-puts.o)
 .comment       0x00000000       0x27 c:/altera/13.0sp1/nios2eds/bin/gnu/h-i686-mingw32/bin/../lib/gcc/nios2-elf/4.1.2/../../../../nios2-elf/lib\libsmallc.a(lib_a-strlen.o)
 .comment       0x00000000       0x27 c:/altera/13.0sp1/nios2eds/bin/gnu/h-i686-mingw32/bin/../lib/gcc/nios2-elf/4.1.2/../../../../nios2-elf/lib\libsmallc.a(lib_a-fvwrite_small_dev.o)
 .comment       0x00000000       0x27 c:/altera/13.0sp1/nios2eds/bin/gnu/h-i686-mingw32/bin/../lib/gcc/nios2-elf/4.1.2/../../../../nios2-elf/lib\libsmallc.a(lib_a-impure.o)
 .comment       0x00000000       0x27 c:/altera/13.0sp1/nios2eds/bin/gnu/h-i686-mingw32/bin/../lib/gcc/nios2-elf/4.1.2/../../../../nios2-elf/lib\libsmallc.a(lib_a-writer.o)
 .comment       0x00000000       0x27 c:/altera/13.0sp1/nios2eds/bin/gnu/h-i686-mingw32/bin/../lib/gcc/nios2-elf/4.1.2/../../../../nios2-elf/lib\libsmallc.a(lib_a-int_errno.o)
 .comment       0x00000000       0x27 ../niii_bsp/\libhal_bsp.a(alt_load.o)
 .comment       0x00000000       0x27 ../niii_bsp/\libhal_bsp.a(alt_main.o)
 .comment       0x00000000       0x27 ../niii_bsp/\libhal_bsp.a(alt_write.o)
 .comment       0x00000000       0x27 ../niii_bsp/\libhal_bsp.a(alt_sys_init.o)
 .comment       0x00000000       0x27 ../niii_bsp/\libhal_bsp.a(altera_avalon_uart_write.o)
 .comment       0x00000000       0x27 ../niii_bsp/\libhal_bsp.a(alt_dcache_flush_all.o)
 .comment       0x00000000       0x27 ../niii_bsp/\libhal_bsp.a(alt_errno.o)
 .comment       0x00000000       0x27 ../niii_bsp/\libhal_bsp.a(alt_icache_flush_all.o)
 .comment       0x00000000       0x27 ../niii_bsp/\libhal_bsp.a(altera_nios2_qsys_irq.o)
 .comment       0x00000000       0x27 ../niii_bsp/\libhal_bsp.a(alt_icache_flush.o)

.debug
 *(.debug)

.line
 *(.line)

.debug_srcinfo
 *(.debug_srcinfo)

.debug_sfnames
 *(.debug_sfnames)

.debug_aranges  0x00000000      0x1e8
 *(.debug_aranges)
 .debug_aranges
                0x00000000       0x28 ../niii_bsp//obj/HAL/src/crt0.o
 .debug_aranges
                0x00000028       0x20 obj/default/hello_world_small.o
 .debug_aranges
                0x00000048       0x20 c:/altera/13.0sp1/nios2eds/bin/gnu/h-i686-mingw32/bin/../lib/gcc/nios2-elf/4.1.2/../../../../nios2-elf/lib\libsmallc.a(lib_a-puts.o)
 .debug_aranges
                0x00000068       0x20 c:/altera/13.0sp1/nios2eds/bin/gnu/h-i686-mingw32/bin/../lib/gcc/nios2-elf/4.1.2/../../../../nios2-elf/lib\libsmallc.a(lib_a-strlen.o)
 .debug_aranges
                0x00000088       0x20 c:/altera/13.0sp1/nios2eds/bin/gnu/h-i686-mingw32/bin/../lib/gcc/nios2-elf/4.1.2/../../../../nios2-elf/lib\libsmallc.a(lib_a-fvwrite_small_dev.o)
 .debug_aranges
                0x000000a8       0x20 c:/altera/13.0sp1/nios2eds/bin/gnu/h-i686-mingw32/bin/../lib/gcc/nios2-elf/4.1.2/../../../../nios2-elf/lib\libsmallc.a(lib_a-writer.o)
 .debug_aranges
                0x000000c8       0x20 ../niii_bsp/\libhal_bsp.a(alt_load.o)
 .debug_aranges
                0x000000e8       0x20 ../niii_bsp/\libhal_bsp.a(alt_main.o)
 .debug_aranges
                0x00000108       0x20 ../niii_bsp/\libhal_bsp.a(alt_write.o)
 .debug_aranges
                0x00000128       0x20 ../niii_bsp/\libhal_bsp.a(alt_sys_init.o)
 .debug_aranges
                0x00000148       0x20 ../niii_bsp/\libhal_bsp.a(altera_avalon_uart_write.o)
 .debug_aranges
                0x00000168       0x20 ../niii_bsp/\libhal_bsp.a(alt_dcache_flush_all.o)
 .debug_aranges
                0x00000188       0x20 ../niii_bsp/\libhal_bsp.a(alt_icache_flush_all.o)
 .debug_aranges
                0x000001a8       0x20 ../niii_bsp/\libhal_bsp.a(altera_nios2_qsys_irq.o)
 .debug_aranges
                0x000001c8       0x20 ../niii_bsp/\libhal_bsp.a(alt_icache_flush.o)

.debug_pubnames
                0x00000000      0x2c4
 *(.debug_pubnames)
 .debug_pubnames
                0x00000000       0x25 obj/default/hello_world_small.o
 .debug_pubnames
                0x00000025       0x27 c:/altera/13.0sp1/nios2eds/bin/gnu/h-i686-mingw32/bin/../lib/gcc/nios2-elf/4.1.2/../../../../nios2-elf/lib\libsmallc.a(lib_a-puts.o)
 .debug_pubnames
                0x0000004c       0x1d c:/altera/13.0sp1/nios2eds/bin/gnu/h-i686-mingw32/bin/../lib/gcc/nios2-elf/4.1.2/../../../../nios2-elf/lib\libsmallc.a(lib_a-strlen.o)
 .debug_pubnames
                0x00000069       0x2b c:/altera/13.0sp1/nios2eds/bin/gnu/h-i686-mingw32/bin/../lib/gcc/nios2-elf/4.1.2/../../../../nios2-elf/lib\libsmallc.a(lib_a-fvwrite_small_dev.o)
 .debug_pubnames
                0x00000094       0x39 c:/altera/13.0sp1/nios2eds/bin/gnu/h-i686-mingw32/bin/../lib/gcc/nios2-elf/4.1.2/../../../../nios2-elf/lib\libsmallc.a(lib_a-impure.o)
 .debug_pubnames
                0x000000cd       0x1f c:/altera/13.0sp1/nios2eds/bin/gnu/h-i686-mingw32/bin/../lib/gcc/nios2-elf/4.1.2/../../../../nios2-elf/lib\libsmallc.a(lib_a-writer.o)
 .debug_pubnames
                0x000000ec       0x1c c:/altera/13.0sp1/nios2eds/bin/gnu/h-i686-mingw32/bin/../lib/gcc/nios2-elf/4.1.2/../../../../nios2-elf/lib\libsmallc.a(lib_a-int_errno.o)
 .debug_pubnames
                0x00000108       0x1f ../niii_bsp/\libhal_bsp.a(alt_load.o)
 .debug_pubnames
                0x00000127       0x46 ../niii_bsp/\libhal_bsp.a(alt_main.o)
 .debug_pubnames
                0x0000016d       0x1c ../niii_bsp/\libhal_bsp.a(alt_write.o)
 .debug_pubnames
                0x00000189       0x3e ../niii_bsp/\libhal_bsp.a(alt_sys_init.o)
 .debug_pubnames
                0x000001c7       0x2f ../niii_bsp/\libhal_bsp.a(altera_avalon_uart_write.o)
 .debug_pubnames
                0x000001f6       0x2b ../niii_bsp/\libhal_bsp.a(alt_dcache_flush_all.o)
 .debug_pubnames
                0x00000221       0x20 ../niii_bsp/\libhal_bsp.a(alt_errno.o)
 .debug_pubnames
                0x00000241       0x2b ../niii_bsp/\libhal_bsp.a(alt_icache_flush_all.o)
 .debug_pubnames
                0x0000026c       0x31 ../niii_bsp/\libhal_bsp.a(altera_nios2_qsys_irq.o)
 .debug_pubnames
                0x0000029d       0x27 ../niii_bsp/\libhal_bsp.a(alt_icache_flush.o)

.debug_info     0x00000000     0x2684
 *(.debug_info .gnu.linkonce.wi.*)
 .debug_info    0x00000000       0x6a ../niii_bsp//obj/HAL/src/crt0.o
 .debug_info    0x0000006a       0xe1 obj/default/hello_world_small.o
 .debug_info    0x0000014b      0x685 c:/altera/13.0sp1/nios2eds/bin/gnu/h-i686-mingw32/bin/../lib/gcc/nios2-elf/4.1.2/../../../../nios2-elf/lib\libsmallc.a(lib_a-puts.o)
 .debug_info    0x000007d0       0xc2 c:/altera/13.0sp1/nios2eds/bin/gnu/h-i686-mingw32/bin/../lib/gcc/nios2-elf/4.1.2/../../../../nios2-elf/lib\libsmallc.a(lib_a-strlen.o)
 .debug_info    0x00000892      0x68e c:/altera/13.0sp1/nios2eds/bin/gnu/h-i686-mingw32/bin/../lib/gcc/nios2-elf/4.1.2/../../../../nios2-elf/lib\libsmallc.a(lib_a-fvwrite_small_dev.o)
 .debug_info    0x00000f20      0x636 c:/altera/13.0sp1/nios2eds/bin/gnu/h-i686-mingw32/bin/../lib/gcc/nios2-elf/4.1.2/../../../../nios2-elf/lib\libsmallc.a(lib_a-impure.o)
 .debug_info    0x00001556      0x68c c:/altera/13.0sp1/nios2eds/bin/gnu/h-i686-mingw32/bin/../lib/gcc/nios2-elf/4.1.2/../../../../nios2-elf/lib\libsmallc.a(lib_a-writer.o)
 .debug_info    0x00001be2       0x8c c:/altera/13.0sp1/nios2eds/bin/gnu/h-i686-mingw32/bin/../lib/gcc/nios2-elf/4.1.2/../../../../nios2-elf/lib\libsmallc.a(lib_a-int_errno.o)
 .debug_info    0x00001c6e      0x12e ../niii_bsp/\libhal_bsp.a(alt_load.o)
 .debug_info    0x00001d9c      0x125 ../niii_bsp/\libhal_bsp.a(alt_main.o)
 .debug_info    0x00001ec1      0x179 ../niii_bsp/\libhal_bsp.a(alt_write.o)
 .debug_info    0x0000203a      0x153 ../niii_bsp/\libhal_bsp.a(alt_sys_init.o)
 .debug_info    0x0000218d      0x1be ../niii_bsp/\libhal_bsp.a(altera_avalon_uart_write.o)
 .debug_info    0x0000234b       0x9f ../niii_bsp/\libhal_bsp.a(alt_dcache_flush_all.o)
 .debug_info    0x000023ea       0xab ../niii_bsp/\libhal_bsp.a(alt_errno.o)
 .debug_info    0x00002495       0x8d ../niii_bsp/\libhal_bsp.a(alt_icache_flush_all.o)
 .debug_info    0x00002522       0x8d ../niii_bsp/\libhal_bsp.a(altera_nios2_qsys_irq.o)
 .debug_info    0x000025af       0xd5 ../niii_bsp/\libhal_bsp.a(alt_icache_flush.o)

.debug_abbrev   0x00000000      0xca6
 *(.debug_abbrev)
 .debug_abbrev  0x00000000       0x12 ../niii_bsp//obj/HAL/src/crt0.o
 .debug_abbrev  0x00000012       0x97 obj/default/hello_world_small.o
 .debug_abbrev  0x000000a9      0x180 c:/altera/13.0sp1/nios2eds/bin/gnu/h-i686-mingw32/bin/../lib/gcc/nios2-elf/4.1.2/../../../../nios2-elf/lib\libsmallc.a(lib_a-puts.o)
 .debug_abbrev  0x00000229       0x7a c:/altera/13.0sp1/nios2eds/bin/gnu/h-i686-mingw32/bin/../lib/gcc/nios2-elf/4.1.2/../../../../nios2-elf/lib\libsmallc.a(lib_a-strlen.o)
 .debug_abbrev  0x000002a3      0x179 c:/altera/13.0sp1/nios2eds/bin/gnu/h-i686-mingw32/bin/../lib/gcc/nios2-elf/4.1.2/../../../../nios2-elf/lib\libsmallc.a(lib_a-fvwrite_small_dev.o)
 .debug_abbrev  0x0000041c      0x13f c:/altera/13.0sp1/nios2eds/bin/gnu/h-i686-mingw32/bin/../lib/gcc/nios2-elf/4.1.2/../../../../nios2-elf/lib\libsmallc.a(lib_a-impure.o)
 .debug_abbrev  0x0000055b      0x16c c:/altera/13.0sp1/nios2eds/bin/gnu/h-i686-mingw32/bin/../lib/gcc/nios2-elf/4.1.2/../../../../nios2-elf/lib\libsmallc.a(lib_a-writer.o)
 .debug_abbrev  0x000006c7       0x3b c:/altera/13.0sp1/nios2eds/bin/gnu/h-i686-mingw32/bin/../lib/gcc/nios2-elf/4.1.2/../../../../nios2-elf/lib\libsmallc.a(lib_a-int_errno.o)
 .debug_abbrev  0x00000702       0x97 ../niii_bsp/\libhal_bsp.a(alt_load.o)
 .debug_abbrev  0x00000799       0xa6 ../niii_bsp/\libhal_bsp.a(alt_main.o)
 .debug_abbrev  0x0000083f       0xdd ../niii_bsp/\libhal_bsp.a(alt_write.o)
 .debug_abbrev  0x0000091c       0xdc ../niii_bsp/\libhal_bsp.a(alt_sys_init.o)
 .debug_abbrev  0x000009f8       0xf2 ../niii_bsp/\libhal_bsp.a(altera_avalon_uart_write.o)
 .debug_abbrev  0x00000aea       0x57 ../niii_bsp/\libhal_bsp.a(alt_dcache_flush_all.o)
 .debug_abbrev  0x00000b41       0x5e ../niii_bsp/\libhal_bsp.a(alt_errno.o)
 .debug_abbrev  0x00000b9f       0x3f ../niii_bsp/\libhal_bsp.a(alt_icache_flush_all.o)
 .debug_abbrev  0x00000bde       0x3f ../niii_bsp/\libhal_bsp.a(altera_nios2_qsys_irq.o)
 .debug_abbrev  0x00000c1d       0x89 ../niii_bsp/\libhal_bsp.a(alt_icache_flush.o)

.debug_line     0x00000000     0x26e5
 *(.debug_line)
 .debug_line    0x00000000       0x72 ../niii_bsp//obj/HAL/src/crt0.o
 .debug_line    0x00000072      0x23c obj/default/hello_world_small.o
 .debug_line    0x000002ae      0x2af c:/altera/13.0sp1/nios2eds/bin/gnu/h-i686-mingw32/bin/../lib/gcc/nios2-elf/4.1.2/../../../../nios2-elf/lib\libsmallc.a(lib_a-puts.o)
 .debug_line    0x0000055d      0x24d c:/altera/13.0sp1/nios2eds/bin/gnu/h-i686-mingw32/bin/../lib/gcc/nios2-elf/4.1.2/../../../../nios2-elf/lib\libsmallc.a(lib_a-strlen.o)
 .debug_line    0x000007aa      0x2a6 c:/altera/13.0sp1/nios2eds/bin/gnu/h-i686-mingw32/bin/../lib/gcc/nios2-elf/4.1.2/../../../../nios2-elf/lib\libsmallc.a(lib_a-fvwrite_small_dev.o)
 .debug_line    0x00000a50      0x22d c:/altera/13.0sp1/nios2eds/bin/gnu/h-i686-mingw32/bin/../lib/gcc/nios2-elf/4.1.2/../../../../nios2-elf/lib\libsmallc.a(lib_a-impure.o)
 .debug_line    0x00000c7d      0x29a c:/altera/13.0sp1/nios2eds/bin/gnu/h-i686-mingw32/bin/../lib/gcc/nios2-elf/4.1.2/../../../../nios2-elf/lib\libsmallc.a(lib_a-writer.o)
 .debug_line    0x00000f17      0x1df c:/altera/13.0sp1/nios2eds/bin/gnu/h-i686-mingw32/bin/../lib/gcc/nios2-elf/4.1.2/../../../../nios2-elf/lib\libsmallc.a(lib_a-int_errno.o)
 .debug_line    0x000010f6      0x217 ../niii_bsp/\libhal_bsp.a(alt_load.o)
 .debug_line    0x0000130d      0x2c2 ../niii_bsp/\libhal_bsp.a(alt_main.o)
 .debug_line    0x000015cf      0x2ab ../niii_bsp/\libhal_bsp.a(alt_write.o)
 .debug_line    0x0000187a      0x266 ../niii_bsp/\libhal_bsp.a(alt_sys_init.o)
 .debug_line    0x00001ae0      0x31a ../niii_bsp/\libhal_bsp.a(altera_avalon_uart_write.o)
 .debug_line    0x00001dfa      0x1cd ../niii_bsp/\libhal_bsp.a(alt_dcache_flush_all.o)
 .debug_line    0x00001fc7      0x1aa ../niii_bsp/\libhal_bsp.a(alt_errno.o)
 .debug_line    0x00002171      0x1c5 ../niii_bsp/\libhal_bsp.a(alt_icache_flush_all.o)
 .debug_line    0x00002336      0x1ce ../niii_bsp/\libhal_bsp.a(altera_nios2_qsys_irq.o)
 .debug_line    0x00002504      0x1e1 ../niii_bsp/\libhal_bsp.a(alt_icache_flush.o)

.debug_frame    0x00000000      0x264
 *(.debug_frame)
 .debug_frame   0x00000000       0x40 obj/default/hello_world_small.o
 .debug_frame   0x00000040       0x3c c:/altera/13.0sp1/nios2eds/bin/gnu/h-i686-mingw32/bin/../lib/gcc/nios2-elf/4.1.2/../../../../nios2-elf/lib\libsmallc.a(lib_a-puts.o)
 .debug_frame   0x0000007c       0x20 c:/altera/13.0sp1/nios2eds/bin/gnu/h-i686-mingw32/bin/../lib/gcc/nios2-elf/4.1.2/../../../../nios2-elf/lib\libsmallc.a(lib_a-strlen.o)
 .debug_frame   0x0000009c       0x30 c:/altera/13.0sp1/nios2eds/bin/gnu/h-i686-mingw32/bin/../lib/gcc/nios2-elf/4.1.2/../../../../nios2-elf/lib\libsmallc.a(lib_a-fvwrite_small_dev.o)
 .debug_frame   0x000000cc       0x2c c:/altera/13.0sp1/nios2eds/bin/gnu/h-i686-mingw32/bin/../lib/gcc/nios2-elf/4.1.2/../../../../nios2-elf/lib\libsmallc.a(lib_a-writer.o)
 .debug_frame   0x000000f8       0x38 ../niii_bsp/\libhal_bsp.a(alt_load.o)
 .debug_frame   0x00000130       0x28 ../niii_bsp/\libhal_bsp.a(alt_main.o)
 .debug_frame   0x00000158       0x28 ../niii_bsp/\libhal_bsp.a(alt_write.o)
 .debug_frame   0x00000180       0x38 ../niii_bsp/\libhal_bsp.a(alt_sys_init.o)
 .debug_frame   0x000001b8       0x2c ../niii_bsp/\libhal_bsp.a(altera_avalon_uart_write.o)
 .debug_frame   0x000001e4       0x20 ../niii_bsp/\libhal_bsp.a(alt_dcache_flush_all.o)
 .debug_frame   0x00000204       0x20 ../niii_bsp/\libhal_bsp.a(alt_icache_flush_all.o)
 .debug_frame   0x00000224       0x20 ../niii_bsp/\libhal_bsp.a(altera_nios2_qsys_irq.o)
 .debug_frame   0x00000244       0x20 ../niii_bsp/\libhal_bsp.a(alt_icache_flush.o)

.debug_str      0x00000000      0xa5b
 *(.debug_str)
 .debug_str     0x00000000       0xab obj/default/hello_world_small.o
                                 0xe9 (size before relaxing)
 .debug_str     0x000000ab      0x380 c:/altera/13.0sp1/nios2eds/bin/gnu/h-i686-mingw32/bin/../lib/gcc/nios2-elf/4.1.2/../../../../nios2-elf/lib\libsmallc.a(lib_a-puts.o)
                                0x442 (size before relaxing)
 .debug_str     0x0000042b       0xd4 c:/altera/13.0sp1/nios2eds/bin/gnu/h-i686-mingw32/bin/../lib/gcc/nios2-elf/4.1.2/../../../../nios2-elf/lib\libsmallc.a(lib_a-strlen.o)
                                0x176 (size before relaxing)
 .debug_str     0x000004ff       0x6d c:/altera/13.0sp1/nios2eds/bin/gnu/h-i686-mingw32/bin/../lib/gcc/nios2-elf/4.1.2/../../../../nios2-elf/lib\libsmallc.a(lib_a-fvwrite_small_dev.o)
                                0x45c (size before relaxing)
 .debug_str     0x0000056c       0xea c:/altera/13.0sp1/nios2eds/bin/gnu/h-i686-mingw32/bin/../lib/gcc/nios2-elf/4.1.2/../../../../nios2-elf/lib\libsmallc.a(lib_a-impure.o)
                                0x44f (size before relaxing)
 .debug_str     0x00000656       0x4c c:/altera/13.0sp1/nios2eds/bin/gnu/h-i686-mingw32/bin/../lib/gcc/nios2-elf/4.1.2/../../../../nios2-elf/lib\libsmallc.a(lib_a-writer.o)
                                0x443 (size before relaxing)
 .debug_str     0x000006a2       0x3d c:/altera/13.0sp1/nios2eds/bin/gnu/h-i686-mingw32/bin/../lib/gcc/nios2-elf/4.1.2/../../../../nios2-elf/lib\libsmallc.a(lib_a-int_errno.o)
                                0x169 (size before relaxing)
 .debug_str     0x000006df      0x12a ../niii_bsp/\libhal_bsp.a(alt_load.o)
                                0x1bf (size before relaxing)
 .debug_str     0x00000809       0x70 ../niii_bsp/\libhal_bsp.a(alt_main.o)
                                0x143 (size before relaxing)
 .debug_str     0x00000879       0x4d ../niii_bsp/\libhal_bsp.a(alt_write.o)
                                0x164 (size before relaxing)
 .debug_str     0x000008c6       0x65 ../niii_bsp/\libhal_bsp.a(alt_sys_init.o)
                                0x185 (size before relaxing)
 .debug_str     0x0000092b       0x4d ../niii_bsp/\libhal_bsp.a(altera_avalon_uart_write.o)
                                0x1af (size before relaxing)
 .debug_str     0x00000978       0x34 ../niii_bsp/\libhal_bsp.a(alt_dcache_flush_all.o)
                                0x102 (size before relaxing)
 .debug_str     0x000009ac       0x14 ../niii_bsp/\libhal_bsp.a(alt_errno.o)
                                 0xf2 (size before relaxing)
 .debug_str     0x000009c0       0x34 ../niii_bsp/\libhal_bsp.a(alt_icache_flush_all.o)
                                0x102 (size before relaxing)
 .debug_str     0x000009f4       0x3b ../niii_bsp/\libhal_bsp.a(altera_nios2_qsys_irq.o)
                                0x109 (size before relaxing)
 .debug_str     0x00000a2f       0x2c ../niii_bsp/\libhal_bsp.a(alt_icache_flush.o)
                                0x108 (size before relaxing)

.debug_loc      0x00000000      0x4ef
 *(.debug_loc)
 .debug_loc     0x00000000       0x6f obj/default/hello_world_small.o
 .debug_loc     0x0000006f       0xa2 c:/altera/13.0sp1/nios2eds/bin/gnu/h-i686-mingw32/bin/../lib/gcc/nios2-elf/4.1.2/../../../../nios2-elf/lib\libsmallc.a(lib_a-puts.o)
 .debug_loc     0x00000111       0x1e c:/altera/13.0sp1/nios2eds/bin/gnu/h-i686-mingw32/bin/../lib/gcc/nios2-elf/4.1.2/../../../../nios2-elf/lib\libsmallc.a(lib_a-strlen.o)
 .debug_loc     0x0000012f      0x162 c:/altera/13.0sp1/nios2eds/bin/gnu/h-i686-mingw32/bin/../lib/gcc/nios2-elf/4.1.2/../../../../nios2-elf/lib\libsmallc.a(lib_a-fvwrite_small_dev.o)
 .debug_loc     0x00000291       0x97 c:/altera/13.0sp1/nios2eds/bin/gnu/h-i686-mingw32/bin/../lib/gcc/nios2-elf/4.1.2/../../../../nios2-elf/lib\libsmallc.a(lib_a-writer.o)
 .debug_loc     0x00000328       0x1f ../niii_bsp/\libhal_bsp.a(alt_load.o)
 .debug_loc     0x00000347       0x1f ../niii_bsp/\libhal_bsp.a(alt_main.o)
 .debug_loc     0x00000366       0x9a ../niii_bsp/\libhal_bsp.a(alt_write.o)
 .debug_loc     0x00000400       0x32 ../niii_bsp/\libhal_bsp.a(alt_sys_init.o)
 .debug_loc     0x00000432       0xaa ../niii_bsp/\libhal_bsp.a(altera_avalon_uart_write.o)
 .debug_loc     0x000004dc       0x13 ../niii_bsp/\libhal_bsp.a(alt_icache_flush.o)

.debug_macinfo
 *(.debug_macinfo)

.debug_weaknames
 *(.debug_weaknames)

.debug_funcnames
 *(.debug_funcnames)

.debug_typenames
 *(.debug_typenames)

.debug_varnames
 *(.debug_varnames)

.debug_alt_sim_info
                0x00000000       0x30
 *(.debug_alt_sim_info)
 .debug_alt_sim_info
                0x00000000       0x30 ../niii_bsp//obj/HAL/src/crt0.o
                0x00004000                __alt_data_end = 0x4000
                0x00004000                PROVIDE (__alt_stack_pointer, __alt_data_end)
                0x00002730                PROVIDE (__alt_stack_limit, __alt_stack_base)
                0x00002730                PROVIDE (__alt_heap_start, end)
                0x00004000                PROVIDE (__alt_heap_limit, 0x4000)
OUTPUT(niii.elf elf32-littlenios2)

.debug_ranges   0x00000000       0x20
 .debug_ranges  0x00000000       0x20 ../niii_bsp//obj/HAL/src/crt0.o
